1/30: 376.72 ms, 16666 samples/RX
2/30: 371.56 ms, 16667 samples/RX
3/30: 385.56 ms, 16667 samples/RX
4/30: 373.23 ms, 16666 samples/RX
5/30: 383.33 ms, 16667 samples/RX
6/30: 382.47 ms, 16667 samples/RX
7/30: 384.32 ms, 16666 samples/RX
8/30: 385.01 ms, 16667 samples/RX
9/30: 379.02 ms, 16667 samples/RX
10/30: 380.98 ms, 16666 samples/RX
11/30: 379.33 ms, 16667 samples/RX
12/30: 366.25 ms, 16667 samples/RX
13/30: 369.38 ms, 16666 samples/RX
14/30: 379.73 ms, 16667 samples/RX
15/30: 388.44 ms, 16667 samples/RX
16/30: 380.12 ms, 16666 samples/RX
17/30: 374.89 ms, 16667 samples/RX
18/30: 387.07 ms, 16667 samples/RX
19/30: 379.33 ms, 16666 samples/RX
20/30: 382.17 ms, 16667 samples/RX
21/30: 380.70 ms, 16667 samples/RX
22/30: 378.20 ms, 16666 samples/RX
23/30: 369.92 ms, 16667 samples/RX
24/30: 378.03 ms, 16667 samples/RX
25/30: 375.20 ms, 16666 samples/RX
26/30: 379.00 ms, 16667 samples/RX
27/30: 393.95 ms, 16667 samples/RX
28/30: 382.08 ms, 16666 samples/RX
29/30: 400.14 ms, 16667 samples/RX
30/30: 379.55 ms, 16667 samples/RX
{
  "advance_ms": {
    "median_ms": 0.0012549999155453406,
    "std_ms": 0.0005662252115097766,
    "p95_ms": 0.002013000334954995,
    "mean_ms": 0.001463999979023356
  },
  "source_ms": {
    "median_ms": 38.07113399989248,
    "std_ms": 0.6088700587171275,
    "p95_ms": 39.199310450112534,
    "mean_ms": 38.10592256668315
  },
  "channel_ms": {
    "median_ms": 31.411605999892345,
    "std_ms": 1.5633021566546785,
    "p95_ms": 34.626691000084975,
    "mean_ms": 32.0925482000348
  },
  "rendering_ms": {
    "median_ms": 224.44884400033516,
    "std_ms": 4.938858411139177,
    "p95_ms": 232.77337615104443,
    "mean_ms": 224.85735793350918
  },
  "receiver_ms": {
    "median_ms": 9.172413499982213,
    "std_ms": 0.6571718724181924,
    "p95_ms": 9.94733170030031,
    "mean_ms": 9.044652999985678
  },
  "other_rf_ms": {
    "median_ms": 68.52375050038972,
    "std_ms": 3.0509843306242663,
    "p95_ms": 73.07279359995391,
    "mean_ms": 68.72100723307994
  },
  "delivery_storage_ms": {
    "median_ms": 7.251042999996571,
    "std_ms": 0.5352570615979951,
    "p95_ms": 8.172650500046075,
    "mean_ms": 7.362070833354058
  },
  "total_ms": {
    "median_ms": 379.637915000103,
    "std_ms": 6.981266334011597,
    "p95_ms": 391.4750118500706,
    "mean_ms": 380.1887317666721
  }
}
