1/30: 379.11 ms, 16666 samples/RX
2/30: 372.76 ms, 16667 samples/RX
3/30: 377.58 ms, 16667 samples/RX
4/30: 368.79 ms, 16666 samples/RX
5/30: 369.75 ms, 16667 samples/RX
6/30: 375.38 ms, 16667 samples/RX
7/30: 370.88 ms, 16666 samples/RX
8/30: 376.92 ms, 16667 samples/RX
9/30: 375.61 ms, 16667 samples/RX
10/30: 369.51 ms, 16666 samples/RX
11/30: 357.89 ms, 16667 samples/RX
12/30: 367.23 ms, 16667 samples/RX
13/30: 368.44 ms, 16666 samples/RX
14/30: 369.84 ms, 16667 samples/RX
15/30: 374.03 ms, 16667 samples/RX
16/30: 385.15 ms, 16666 samples/RX
17/30: 361.63 ms, 16667 samples/RX
18/30: 384.05 ms, 16667 samples/RX
19/30: 367.62 ms, 16666 samples/RX
20/30: 362.01 ms, 16667 samples/RX
21/30: 371.34 ms, 16667 samples/RX
22/30: 376.96 ms, 16666 samples/RX
23/30: 373.81 ms, 16667 samples/RX
24/30: 367.30 ms, 16667 samples/RX
25/30: 369.71 ms, 16666 samples/RX
26/30: 366.41 ms, 16667 samples/RX
27/30: 377.89 ms, 16667 samples/RX
28/30: 372.38 ms, 16666 samples/RX
29/30: 384.07 ms, 16667 samples/RX
30/30: 375.53 ms, 16667 samples/RX
{
  "advance_ms": {
    "median_ms": 0.001359999941996648,
    "std_ms": 0.00041434125368855127,
    "p95_ms": 0.0022635001414528224,
    "mean_ms": 0.001497999983257614
  },
  "source_ms": {
    "median_ms": 37.91808399978436,
    "std_ms": 0.5020527492489835,
    "p95_ms": 38.70558649987288,
    "mean_ms": 38.03137836665277
  },
  "channel_ms": {
    "median_ms": 29.892646499774855,
    "std_ms": 1.3798606787249483,
    "p95_ms": 33.16561905010076,
    "mean_ms": 30.438185166622134
  },
  "rendering_ms": {
    "median_ms": 220.96538149958178,
    "std_ms": 4.7056027108278276,
    "p95_ms": 228.52193299995633,
    "mean_ms": 220.67756636653635
  },
  "receiver_ms": {
    "median_ms": 8.727414500071973,
    "std_ms": 1.0394661044347067,
    "p95_ms": 11.021096000376927,
    "mean_ms": 8.934297933198346
  },
  "other_rf_ms": {
    "median_ms": 66.25471250117698,
    "std_ms": 3.536210664594094,
    "p95_ms": 73.65608549948774,
    "mean_ms": 66.89433236701916
  },
  "delivery_storage_ms": {
    "median_ms": 7.263797999939925,
    "std_ms": 0.5678011505349211,
    "p95_ms": 8.520809500146242,
    "mean_ms": 7.339628900035677
  },
  "total_ms": {
    "median_ms": 371.8593669998427,
    "std_ms": 6.482599807609789,
    "p95_ms": 384.0610724998214,
    "mean_ms": 372.32008509995467
  }
}
