1/30: 55.32 ms, 16666 samples/RX
2/30: 55.94 ms, 16667 samples/RX
3/30: 56.50 ms, 16667 samples/RX
4/30: 55.77 ms, 16666 samples/RX
5/30: 55.20 ms, 16667 samples/RX
6/30: 56.83 ms, 16667 samples/RX
7/30: 55.27 ms, 16666 samples/RX
8/30: 56.28 ms, 16667 samples/RX
9/30: 56.04 ms, 16667 samples/RX
10/30: 57.65 ms, 16666 samples/RX
11/30: 57.36 ms, 16667 samples/RX
12/30: 55.37 ms, 16667 samples/RX
13/30: 55.79 ms, 16666 samples/RX
14/30: 55.86 ms, 16667 samples/RX
15/30: 58.96 ms, 16667 samples/RX
16/30: 56.62 ms, 16666 samples/RX
17/30: 54.55 ms, 16667 samples/RX
18/30: 54.86 ms, 16667 samples/RX
19/30: 55.17 ms, 16666 samples/RX
20/30: 55.71 ms, 16667 samples/RX
21/30: 56.25 ms, 16667 samples/RX
22/30: 56.44 ms, 16666 samples/RX
23/30: 55.94 ms, 16667 samples/RX
24/30: 54.70 ms, 16667 samples/RX
25/30: 56.93 ms, 16666 samples/RX
26/30: 54.75 ms, 16667 samples/RX
27/30: 56.73 ms, 16667 samples/RX
28/30: 56.76 ms, 16666 samples/RX
29/30: 54.15 ms, 16667 samples/RX
30/30: 59.18 ms, 16667 samples/RX
{
  "advance_ms": {
    "median_ms": 0.0011550002909643808,
    "std_ms": 0.000272151069684772,
    "p95_ms": 0.0017350002281091284,
    "mean_ms": 0.0012460000561986817
  },
  "source_ms": {
    "median_ms": 3.9466290002110327,
    "std_ms": 0.16174337771714262,
    "p95_ms": 4.264820549792603,
    "mean_ms": 3.9753008666745395
  },
  "channel_ms": {
    "median_ms": 11.255837000135216,
    "std_ms": 0.617073550112349,
    "p95_ms": 12.19637350004632,
    "mean_ms": 11.317495299984634
  },
  "rendering_ms": {
    "median_ms": 29.569887000207018,
    "std_ms": 0.5220362762125134,
    "p95_ms": 30.130738549769376,
    "mean_ms": 29.583972966732592
  },
  "receiver_ms": {
    "median_ms": 2.9885289998219378,
    "std_ms": 0.16252677403167398,
    "p95_ms": 3.296375999661904,
    "mean_ms": 3.0123518666490177
  },
  "other_rf_ms": {
    "median_ms": 4.801843499990355,
    "std_ms": 0.37367446809330995,
    "p95_ms": 5.327580000448506,
    "mean_ms": 4.864220099989325
  },
  "delivery_storage_ms": {
    "median_ms": 3.239763999772549,
    "std_ms": 0.3562926956561215,
    "p95_ms": 3.9338350001571594,
    "mean_ms": 3.3388277000540256
  },
  "total_ms": {
    "median_ms": 55.938013500053785,
    "std_ms": 1.171924928814865,
    "p95_ms": 58.37032045021714,
    "mean_ms": 56.096053133448244
  }
}
