1/30: 55.00 ms, 16666 samples/RX
2/30: 56.71 ms, 16667 samples/RX
3/30: 54.45 ms, 16667 samples/RX
4/30: 53.80 ms, 16666 samples/RX
5/30: 56.71 ms, 16667 samples/RX
6/30: 53.21 ms, 16667 samples/RX
7/30: 55.36 ms, 16666 samples/RX
8/30: 52.49 ms, 16667 samples/RX
9/30: 54.48 ms, 16667 samples/RX
10/30: 52.81 ms, 16666 samples/RX
11/30: 53.01 ms, 16667 samples/RX
12/30: 54.64 ms, 16667 samples/RX
13/30: 54.15 ms, 16666 samples/RX
14/30: 52.56 ms, 16667 samples/RX
15/30: 52.34 ms, 16667 samples/RX
16/30: 53.49 ms, 16666 samples/RX
17/30: 53.23 ms, 16667 samples/RX
18/30: 51.78 ms, 16667 samples/RX
19/30: 52.07 ms, 16666 samples/RX
20/30: 53.87 ms, 16667 samples/RX
21/30: 53.40 ms, 16667 samples/RX
22/30: 52.93 ms, 16666 samples/RX
23/30: 52.31 ms, 16667 samples/RX
24/30: 54.28 ms, 16667 samples/RX
25/30: 53.61 ms, 16666 samples/RX
26/30: 52.31 ms, 16667 samples/RX
27/30: 51.92 ms, 16667 samples/RX
28/30: 54.02 ms, 16666 samples/RX
29/30: 54.73 ms, 16667 samples/RX
30/30: 52.69 ms, 16667 samples/RX
{
  "advance_ms": {
    "median_ms": 0.0012100001640646951,
    "std_ms": 0.0002903705652529798,
    "p95_ms": 0.0018375001218373652,
    "mean_ms": 0.0013176667531903756
  },
  "source_ms": {
    "median_ms": 3.902478999862069,
    "std_ms": 0.22547748568341208,
    "p95_ms": 4.39409600005547,
    "mean_ms": 3.9950104667089668
  },
  "channel_ms": {
    "median_ms": 10.705401999985042,
    "std_ms": 0.6408285893101188,
    "p95_ms": 11.954223449947676,
    "mean_ms": 10.96049546664896
  },
  "rendering_ms": {
    "median_ms": 27.7530624996416,
    "std_ms": 0.5376592190415428,
    "p95_ms": 28.798285949596902,
    "mean_ms": 27.865095966596225
  },
  "receiver_ms": {
    "median_ms": 2.8933235003023583,
    "std_ms": 0.13778609475521925,
    "p95_ms": 3.144895550508408,
    "mean_ms": 2.9058660666275196
  },
  "other_rf_ms": {
    "median_ms": 4.628448000175922,
    "std_ms": 0.24086501618033612,
    "p95_ms": 5.028668950444626,
    "mean_ms": 4.637877400106542
  },
  "delivery_storage_ms": {
    "median_ms": 3.188878999935696,
    "std_ms": 0.2613380380154841,
    "p95_ms": 3.7587179500633283,
    "mean_ms": 3.2438960999570554
  },
  "total_ms": {
    "median_ms": 53.44622399979926,
    "std_ms": 1.280581952144902,
    "p95_ms": 56.10064650009007,
    "mean_ms": 53.61223946674727
  }
}
