1/30: 26.48 ms, 16666 samples/RX
2/30: 25.50 ms, 16667 samples/RX
3/30: 27.41 ms, 16667 samples/RX
4/30: 26.43 ms, 16666 samples/RX
5/30: 26.32 ms, 16667 samples/RX
6/30: 26.16 ms, 16667 samples/RX
7/30: 26.72 ms, 16666 samples/RX
8/30: 26.69 ms, 16667 samples/RX
9/30: 26.15 ms, 16667 samples/RX
10/30: 27.53 ms, 16666 samples/RX
11/30: 28.17 ms, 16667 samples/RX
12/30: 27.03 ms, 16667 samples/RX
13/30: 26.91 ms, 16666 samples/RX
14/30: 27.22 ms, 16667 samples/RX
15/30: 25.54 ms, 16667 samples/RX
16/30: 27.20 ms, 16666 samples/RX
17/30: 25.85 ms, 16667 samples/RX
18/30: 26.64 ms, 16667 samples/RX
19/30: 26.40 ms, 16666 samples/RX
20/30: 27.76 ms, 16667 samples/RX
21/30: 28.58 ms, 16667 samples/RX
22/30: 26.17 ms, 16666 samples/RX
23/30: 27.90 ms, 16667 samples/RX
24/30: 26.11 ms, 16667 samples/RX
25/30: 27.10 ms, 16666 samples/RX
26/30: 26.93 ms, 16667 samples/RX
27/30: 26.14 ms, 16667 samples/RX
28/30: 26.33 ms, 16666 samples/RX
29/30: 25.76 ms, 16667 samples/RX
30/30: 26.09 ms, 16667 samples/RX
{
  "advance_ms": {
    "median_ms": 0.0014150000424706377,
    "std_ms": 0.00030899258153596284,
    "p95_ms": 0.0021230000811556238,
    "mean_ms": 0.0015116666872927453
  },
  "source_ms": {
    "median_ms": 0.8267394998711097,
    "std_ms": 0.07244944742774925,
    "p95_ms": 0.9710025000231325,
    "mean_ms": 0.8519184999992527
  },
  "channel_ms": {
    "median_ms": 9.136218000094232,
    "std_ms": 0.44327138165898455,
    "p95_ms": 10.01585045014508,
    "mean_ms": 9.237872599957578
  },
  "rendering_ms": {
    "median_ms": 11.819135999758146,
    "std_ms": 0.36963561483340235,
    "p95_ms": 12.442404450189315,
    "mean_ms": 11.890858266648744
  },
  "receiver_ms": {
    "median_ms": 1.4258195001275453,
    "std_ms": 0.08105086677001737,
    "p95_ms": 1.5548765001767604,
    "mean_ms": 1.4223455333497743
  },
  "other_rf_ms": {
    "median_ms": 1.3590389999080799,
    "std_ms": 0.08348639495090808,
    "p95_ms": 1.5334090499209196,
    "mean_ms": 1.3678729334515083
  },
  "delivery_storage_ms": {
    "median_ms": 1.902309999877616,
    "std_ms": 0.2368610695947267,
    "p95_ms": 2.3032975001342493,
    "mean_ms": 1.932738133367214
  },
  "total_ms": {
    "median_ms": 26.56101699994906,
    "std_ms": 0.768591620683969,
    "p95_ms": 28.047889000072246,
    "mean_ms": 26.707300633355164
  }
}
