1/30: 25.96 ms, 16666 samples/RX
2/30: 24.69 ms, 16667 samples/RX
3/30: 25.40 ms, 16667 samples/RX
4/30: 25.74 ms, 16666 samples/RX
5/30: 26.68 ms, 16667 samples/RX
6/30: 27.41 ms, 16667 samples/RX
7/30: 24.24 ms, 16666 samples/RX
8/30: 27.09 ms, 16667 samples/RX
9/30: 24.34 ms, 16667 samples/RX
10/30: 25.63 ms, 16666 samples/RX
11/30: 25.29 ms, 16667 samples/RX
12/30: 24.98 ms, 16667 samples/RX
13/30: 24.86 ms, 16666 samples/RX
14/30: 27.15 ms, 16667 samples/RX
15/30: 24.54 ms, 16667 samples/RX
16/30: 25.03 ms, 16666 samples/RX
17/30: 25.87 ms, 16667 samples/RX
18/30: 25.02 ms, 16667 samples/RX
19/30: 26.61 ms, 16666 samples/RX
20/30: 25.42 ms, 16667 samples/RX
21/30: 25.02 ms, 16667 samples/RX
22/30: 25.48 ms, 16666 samples/RX
23/30: 25.91 ms, 16667 samples/RX
24/30: 25.46 ms, 16667 samples/RX
25/30: 25.32 ms, 16666 samples/RX
26/30: 24.38 ms, 16667 samples/RX
27/30: 25.28 ms, 16667 samples/RX
28/30: 24.66 ms, 16666 samples/RX
29/30: 24.87 ms, 16667 samples/RX
30/30: 25.22 ms, 16667 samples/RX
{
  "advance_ms": {
    "median_ms": 0.0013549999948736513,
    "std_ms": 0.0002653680723884002,
    "p95_ms": 0.0019594997866079207,
    "mean_ms": 0.0014473333218726718
  },
  "source_ms": {
    "median_ms": 0.8382094999888068,
    "std_ms": 0.11820711531489934,
    "p95_ms": 1.113900500013187,
    "mean_ms": 0.8931128333491264
  },
  "channel_ms": {
    "median_ms": 8.81371250011398,
    "std_ms": 0.5014176302484703,
    "p95_ms": 9.879964000037944,
    "mean_ms": 8.995401266747649
  },
  "rendering_ms": {
    "median_ms": 10.924332000286086,
    "std_ms": 0.34840482701548237,
    "p95_ms": 11.620268499927986,
    "mean_ms": 10.983110533364501
  },
  "receiver_ms": {
    "median_ms": 1.3714700000946323,
    "std_ms": 0.06267290601785004,
    "p95_ms": 1.4631574997110874,
    "mean_ms": 1.365367299983215
  },
  "other_rf_ms": {
    "median_ms": 1.333685000645346,
    "std_ms": 0.09724389645955782,
    "p95_ms": 1.5361025504262213,
    "mean_ms": 1.3535970666149904
  },
  "delivery_storage_ms": {
    "median_ms": 1.799553999944692,
    "std_ms": 0.1967807804628076,
    "p95_ms": 2.197392499988382,
    "mean_ms": 1.8574803333801053
  },
  "total_ms": {
    "median_ms": 25.30378749997908,
    "std_ms": 0.8409009199224328,
    "p95_ms": 27.12344899996424,
    "mean_ms": 25.451682666637982
  }
}
