jit_find_library(): Unable to load "/tmp/disabled-drjit-cuda.so": /tmp/disabled-drjit-cuda.so: cannot open shared object file: No such file or directory!
{
  "backend": "cuda",
  "summary": {
    "p50_ms": 138.00229599996783,
    "p95_ms": 143.12818240005072,
    "p99_ms": 144.46335327998895,
    "max_ms": 144.7971459999735,
    "mean_ms": 138.70563800001037
  },
  "captures_per_second": 7.2095122766381365,
  "misses_120hz": 10,
  "accuracy": {
    "passed": true,
    "full_all_jobs_cpu_basis_normalized_rms": 1.9335381681221645e-12,
    "direct_checks": [
      {
        "receiver": 0,
        "start_sample": 0,
        "samples": 128,
        "paths_checked": 102800,
        "normalized_rms_error": 2.181969241454465e-13,
        "max_absolute_error": 9.749169387770932e-12
      },
      {
        "receiver": 0,
        "start_sample": 16539,
        "samples": 128,
        "paths_checked": 102800,
        "normalized_rms_error": 4.176828066748503e-12,
        "max_absolute_error": 1.38423955840868e-10
      },
      {
        "receiver": 0,
        "transmitter": 0,
        "samples": 16667,
        "paths_checked": 1028,
        "normalized_rms_error": 7.893320685942821e-13,
        "max_absolute_error": 9.001266775354626e-12
      },
      {
        "receiver": 0,
        "transmitter": 99,
        "samples": 16667,
        "paths_checked": 1028,
        "normalized_rms_error": 7.749307239223785e-13,
        "max_absolute_error": 9.78860787604693e-12
      }
    ]
  }
}
