jit_find_library(): Unable to load "/tmp/disabled-drjit-cuda.so": /tmp/disabled-drjit-cuda.so: cannot open shared object file: No such file or directory!
{
  "backend": "cuda",
  "summary": {
    "p50_ms": 135.34955799991621,
    "p95_ms": 138.75891070003945,
    "p99_ms": 139.6790973400539,
    "max_ms": 139.9091440000575,
    "mean_ms": 136.06707689996256
  },
  "captures_per_second": 7.34931640175681,
  "misses_120hz": 10,
  "accuracy": {
    "passed": true,
    "full_all_jobs_cpu_basis_normalized_rms": 1.933539846716819e-12,
    "direct_checks": [
      {
        "receiver": 0,
        "start_sample": 0,
        "samples": 128,
        "paths_checked": 102800,
        "normalized_rms_error": 2.18221902005362e-13,
        "max_absolute_error": 9.749563803392171e-12
      },
      {
        "receiver": 0,
        "start_sample": 16539,
        "samples": 128,
        "paths_checked": 102800,
        "normalized_rms_error": 4.1768126928266136e-12,
        "max_absolute_error": 1.384210168275692e-10
      },
      {
        "receiver": 0,
        "transmitter": 0,
        "samples": 16667,
        "paths_checked": 1028,
        "normalized_rms_error": 7.893313450866166e-13,
        "max_absolute_error": 9.001266775354626e-12
      },
      {
        "receiver": 0,
        "transmitter": 99,
        "samples": 16667,
        "paths_checked": 1028,
        "normalized_rms_error": 7.74930831723424e-13,
        "max_absolute_error": 9.78860787604693e-12
      }
    ]
  }
}
