jit_find_library(): Unable to load "/tmp/disabled-drjit-cuda.so": /tmp/disabled-drjit-cuda.so: cannot open shared object file: No such file or directory!
{
  "backend": "cuda",
  "summary": {
    "p50_ms": 123.32850200004941,
    "p95_ms": 124.4999813998902,
    "p99_ms": 124.55417147995377,
    "max_ms": 124.56771899996966,
    "mean_ms": 123.4936616999903
  },
  "captures_per_second": 8.09758157814895,
  "misses_120hz": 10,
  "accuracy": {
    "passed": true,
    "full_all_jobs_cpu_basis_normalized_rms": 1.933539846236191e-12,
    "direct_checks": [
      {
        "receiver": 0,
        "start_sample": 0,
        "samples": 128,
        "paths_checked": 102800,
        "normalized_rms_error": 2.1819791515349882e-13,
        "max_absolute_error": 9.74886416895737e-12
      },
      {
        "receiver": 0,
        "start_sample": 16539,
        "samples": 128,
        "paths_checked": 102800,
        "normalized_rms_error": 4.176803728587672e-12,
        "max_absolute_error": 1.3842278515508165e-10
      },
      {
        "receiver": 0,
        "transmitter": 0,
        "samples": 16667,
        "paths_checked": 1028,
        "normalized_rms_error": 7.893316550377491e-13,
        "max_absolute_error": 9.001266775354626e-12
      },
      {
        "receiver": 0,
        "transmitter": 99,
        "samples": 16667,
        "paths_checked": 1028,
        "normalized_rms_error": 7.749306555985785e-13,
        "max_absolute_error": 9.78857727269272e-12
      }
    ]
  }
}
