1/30: 549.97 ms, 16666 samples/RX
2/30: 548.63 ms, 16667 samples/RX
3/30: 564.54 ms, 16667 samples/RX
4/30: 550.54 ms, 16666 samples/RX
5/30: 562.87 ms, 16667 samples/RX
6/30: 553.91 ms, 16667 samples/RX
7/30: 557.06 ms, 16666 samples/RX
8/30: 561.43 ms, 16667 samples/RX
9/30: 560.28 ms, 16667 samples/RX
10/30: 544.74 ms, 16666 samples/RX
11/30: 537.34 ms, 16667 samples/RX
12/30: 561.51 ms, 16667 samples/RX
13/30: 551.86 ms, 16666 samples/RX
14/30: 557.74 ms, 16667 samples/RX
15/30: 557.11 ms, 16667 samples/RX
16/30: 549.95 ms, 16666 samples/RX
17/30: 539.89 ms, 16667 samples/RX
18/30: 547.98 ms, 16667 samples/RX
19/30: 541.99 ms, 16666 samples/RX
20/30: 554.34 ms, 16667 samples/RX
21/30: 548.90 ms, 16667 samples/RX
22/30: 563.76 ms, 16666 samples/RX
23/30: 553.46 ms, 16667 samples/RX
24/30: 557.16 ms, 16667 samples/RX
25/30: 560.39 ms, 16666 samples/RX
26/30: 542.65 ms, 16667 samples/RX
27/30: 542.56 ms, 16667 samples/RX
28/30: 561.12 ms, 16666 samples/RX
29/30: 548.33 ms, 16667 samples/RX
30/30: 557.91 ms, 16667 samples/RX
{
  "advance_ms": {
    "median_ms": 0.0013700000636163168,
    "std_ms": 0.00035063122342927883,
    "p95_ms": 0.002131999985977018,
    "mean_ms": 0.0015136333483193691
  },
  "source_ms": {
    "median_ms": 37.877858000229025,
    "std_ms": 0.5255919732752196,
    "p95_ms": 38.742306900235235,
    "mean_ms": 37.932155499993314
  },
  "channel_ms": {
    "median_ms": 31.221992499922635,
    "std_ms": 1.627819634344388,
    "p95_ms": 33.552938049979275,
    "mean_ms": 31.212405966713657
  },
  "rendering_ms": {
    "median_ms": 398.26694299995324,
    "std_ms": 5.119859112079064,
    "p95_ms": 404.7981708003135,
    "mean_ms": 397.661395066613
  },
  "receiver_ms": {
    "median_ms": 9.653746000140018,
    "std_ms": 1.0324839362320375,
    "p95_ms": 11.570485150150487,
    "mean_ms": 9.739642833377124
  },
  "other_rf_ms": {
    "median_ms": 69.40986200038424,
    "std_ms": 3.700499551169687,
    "p95_ms": 73.68481400028486,
    "mean_ms": 69.06401543327168
  },
  "delivery_storage_ms": {
    "median_ms": 7.24352999986877,
    "std_ms": 0.6391874471175765,
    "p95_ms": 8.892070299862098,
    "mean_ms": 7.3824512000101095
  },
  "total_ms": {
    "median_ms": 553.6849099999017,
    "std_ms": 7.64504808229324,
    "p95_ms": 563.3632129498892,
    "mean_ms": 552.9970556333561
  }
}
