1/30: 26.77 ms, 16666 samples/RX
2/30: 26.17 ms, 16667 samples/RX
3/30: 27.53 ms, 16667 samples/RX
4/30: 27.59 ms, 16666 samples/RX
5/30: 26.29 ms, 16667 samples/RX
6/30: 26.77 ms, 16667 samples/RX
7/30: 26.51 ms, 16666 samples/RX
8/30: 27.03 ms, 16667 samples/RX
9/30: 28.19 ms, 16667 samples/RX
10/30: 26.60 ms, 16666 samples/RX
11/30: 27.33 ms, 16667 samples/RX
12/30: 26.71 ms, 16667 samples/RX
13/30: 26.50 ms, 16666 samples/RX
14/30: 26.20 ms, 16667 samples/RX
15/30: 26.43 ms, 16667 samples/RX
16/30: 26.66 ms, 16666 samples/RX
17/30: 26.50 ms, 16667 samples/RX
18/30: 26.07 ms, 16667 samples/RX
19/30: 26.98 ms, 16666 samples/RX
20/30: 25.85 ms, 16667 samples/RX
21/30: 28.73 ms, 16667 samples/RX
22/30: 25.76 ms, 16666 samples/RX
23/30: 27.73 ms, 16667 samples/RX
24/30: 26.80 ms, 16667 samples/RX
25/30: 28.20 ms, 16666 samples/RX
26/30: 27.04 ms, 16667 samples/RX
27/30: 27.80 ms, 16667 samples/RX
28/30: 28.21 ms, 16666 samples/RX
29/30: 25.95 ms, 16667 samples/RX
30/30: 28.03 ms, 16667 samples/RX
{
  "advance_ms": {
    "median_ms": 0.001249999968422344,
    "std_ms": 0.0007491803439033265,
    "p95_ms": 0.0021049998622402195,
    "mean_ms": 0.0014616000498790527
  },
  "source_ms": {
    "median_ms": 0.8190695000394044,
    "std_ms": 0.14164384713021466,
    "p95_ms": 1.2133450002238533,
    "mean_ms": 0.877881633338499
  },
  "channel_ms": {
    "median_ms": 9.363027000063084,
    "std_ms": 0.48502652139091995,
    "p95_ms": 10.480433899920172,
    "mean_ms": 9.511763933339049
  },
  "rendering_ms": {
    "median_ms": 11.861296500228491,
    "std_ms": 0.3590356585531453,
    "p95_ms": 12.550453950052542,
    "mean_ms": 11.935563433401816
  },
  "receiver_ms": {
    "median_ms": 1.3833089999479853,
    "std_ms": 0.08085569306843333,
    "p95_ms": 1.5615560000696858,
    "mean_ms": 1.403169966670248
  },
  "other_rf_ms": {
    "median_ms": 1.3900029998694663,
    "std_ms": 0.10722141656618604,
    "p95_ms": 1.5329594498552979,
    "mean_ms": 1.4017743998465448
  },
  "delivery_storage_ms": {
    "median_ms": 1.6810590000204684,
    "std_ms": 0.3184802533560469,
    "p95_ms": 2.4801288498792924,
    "mean_ms": 1.8313356666567415
  },
  "total_ms": {
    "median_ms": 26.771919499879004,
    "std_ms": 0.7980935411938191,
    "p95_ms": 28.206042950182564,
    "mean_ms": 26.965206233353456
  }
}
