1/30: 552.14 ms, 16666 samples/RX
2/30: 566.20 ms, 16667 samples/RX
3/30: 592.34 ms, 16667 samples/RX
4/30: 555.72 ms, 16666 samples/RX
5/30: 567.94 ms, 16667 samples/RX
6/30: 556.39 ms, 16667 samples/RX
7/30: 562.85 ms, 16666 samples/RX
8/30: 563.25 ms, 16667 samples/RX
9/30: 560.07 ms, 16667 samples/RX
10/30: 572.11 ms, 16666 samples/RX
11/30: 566.63 ms, 16667 samples/RX
12/30: 561.36 ms, 16667 samples/RX
13/30: 561.68 ms, 16666 samples/RX
14/30: 564.38 ms, 16667 samples/RX
15/30: 564.23 ms, 16667 samples/RX
16/30: 566.58 ms, 16666 samples/RX
17/30: 570.34 ms, 16667 samples/RX
18/30: 557.74 ms, 16667 samples/RX
19/30: 560.99 ms, 16666 samples/RX
20/30: 560.09 ms, 16667 samples/RX
21/30: 555.17 ms, 16667 samples/RX
22/30: 558.00 ms, 16666 samples/RX
23/30: 554.16 ms, 16667 samples/RX
24/30: 560.67 ms, 16667 samples/RX
25/30: 565.37 ms, 16666 samples/RX
26/30: 554.83 ms, 16667 samples/RX
27/30: 556.16 ms, 16667 samples/RX
28/30: 554.67 ms, 16666 samples/RX
29/30: 564.22 ms, 16667 samples/RX
30/30: 566.63 ms, 16667 samples/RX
{
  "advance_ms": {
    "median_ms": 0.0015049997728056042,
    "std_ms": 0.0009844633994969918,
    "p95_ms": 0.0036359999967316954,
    "mean_ms": 0.0018646333349655226
  },
  "source_ms": {
    "median_ms": 38.08929700016961,
    "std_ms": 0.6409553328959814,
    "p95_ms": 39.433354599759696,
    "mean_ms": 38.21154153333737
  },
  "channel_ms": {
    "median_ms": 31.490284500023336,
    "std_ms": 1.2902389497005375,
    "p95_ms": 33.86886875005075,
    "mean_ms": 31.945295466660657
  },
  "rendering_ms": {
    "median_ms": 404.2524129999947,
    "std_ms": 5.837157921064427,
    "p95_ms": 411.5060913999514,
    "mean_ms": 405.1587881332428
  },
  "receiver_ms": {
    "median_ms": 9.973003500135746,
    "std_ms": 0.9890559013612013,
    "p95_ms": 11.475518400538931,
    "mean_ms": 9.836142533307187
  },
  "other_rf_ms": {
    "median_ms": 69.41114949995608,
    "std_ms": 3.2396437144674395,
    "p95_ms": 74.8539523003501,
    "mean_ms": 69.67740996678913
  },
  "delivery_storage_ms": {
    "median_ms": 7.394831500050714,
    "std_ms": 0.7058813283364859,
    "p95_ms": 8.910490199764352,
    "mean_ms": 7.594956533315174
  },
  "total_ms": {
    "median_ms": 561.5198164998674,
    "std_ms": 7.641205875175608,
    "p95_ms": 571.316249349843,
    "mean_ms": 562.4300497666203
  }
}
