1/30: 30.29 ms, 16666 samples/RX
2/30: 27.43 ms, 16667 samples/RX
3/30: 29.10 ms, 16667 samples/RX
4/30: 27.98 ms, 16666 samples/RX
5/30: 29.09 ms, 16667 samples/RX
6/30: 28.87 ms, 16667 samples/RX
7/30: 28.49 ms, 16666 samples/RX
8/30: 28.42 ms, 16667 samples/RX
9/30: 29.61 ms, 16667 samples/RX
10/30: 26.99 ms, 16666 samples/RX
11/30: 28.36 ms, 16667 samples/RX
12/30: 27.72 ms, 16667 samples/RX
13/30: 28.60 ms, 16666 samples/RX
14/30: 27.77 ms, 16667 samples/RX
15/30: 29.90 ms, 16667 samples/RX
16/30: 30.10 ms, 16666 samples/RX
17/30: 27.09 ms, 16667 samples/RX
18/30: 29.37 ms, 16667 samples/RX
19/30: 28.37 ms, 16666 samples/RX
20/30: 27.84 ms, 16667 samples/RX
21/30: 27.96 ms, 16667 samples/RX
22/30: 30.70 ms, 16666 samples/RX
23/30: 28.73 ms, 16667 samples/RX
24/30: 28.09 ms, 16667 samples/RX
25/30: 27.20 ms, 16666 samples/RX
26/30: 27.35 ms, 16667 samples/RX
27/30: 29.46 ms, 16667 samples/RX
28/30: 29.36 ms, 16666 samples/RX
29/30: 27.91 ms, 16667 samples/RX
30/30: 27.17 ms, 16667 samples/RX
{
  "advance_ms": {
    "median_ms": 0.0012749999314110028,
    "std_ms": 0.00033976336545946324,
    "p95_ms": 0.0018859999045162108,
    "mean_ms": 0.0013543333504154968
  },
  "source_ms": {
    "median_ms": 0.8542694999960077,
    "std_ms": 0.15149945987741725,
    "p95_ms": 1.1490031998391705,
    "mean_ms": 0.8888585000022431
  },
  "channel_ms": {
    "median_ms": 9.55997250002838,
    "std_ms": 0.5780380161403668,
    "p95_ms": 10.473239349880714,
    "mean_ms": 9.650500466629333
  },
  "rendering_ms": {
    "median_ms": 13.190855499715326,
    "std_ms": 0.4847116607591168,
    "p95_ms": 14.194204150203403,
    "mean_ms": 13.267222166602247
  },
  "receiver_ms": {
    "median_ms": 1.4359980002609518,
    "std_ms": 0.11459391634163374,
    "p95_ms": 1.6327233999390955,
    "mean_ms": 1.452372999938234
  },
  "other_rf_ms": {
    "median_ms": 1.4388535000762204,
    "std_ms": 0.1292870847418371,
    "p95_ms": 1.6279854505910407,
    "mean_ms": 1.4457379668025776
  },
  "delivery_storage_ms": {
    "median_ms": 1.7719025001952105,
    "std_ms": 0.17240665483032513,
    "p95_ms": 2.129934499862429,
    "mean_ms": 1.8026183000226108
  },
  "total_ms": {
    "median_ms": 28.39603849974992,
    "std_ms": 1.0182544138472536,
    "p95_ms": 30.207083850018535,
    "mean_ms": 28.510951633294706
  }
}
