1/30: 61.66 ms, 16666 samples/RX
2/30: 62.78 ms, 16667 samples/RX
3/30: 59.76 ms, 16667 samples/RX
4/30: 61.37 ms, 16666 samples/RX
5/30: 62.02 ms, 16667 samples/RX
6/30: 63.35 ms, 16667 samples/RX
7/30: 61.06 ms, 16666 samples/RX
8/30: 61.30 ms, 16667 samples/RX
9/30: 60.65 ms, 16667 samples/RX
10/30: 59.31 ms, 16666 samples/RX
11/30: 62.10 ms, 16667 samples/RX
12/30: 62.81 ms, 16667 samples/RX
13/30: 64.20 ms, 16666 samples/RX
14/30: 63.53 ms, 16667 samples/RX
15/30: 61.72 ms, 16667 samples/RX
16/30: 59.76 ms, 16666 samples/RX
17/30: 59.13 ms, 16667 samples/RX
18/30: 62.34 ms, 16667 samples/RX
19/30: 60.65 ms, 16666 samples/RX
20/30: 59.71 ms, 16667 samples/RX
21/30: 61.86 ms, 16667 samples/RX
22/30: 60.85 ms, 16666 samples/RX
23/30: 65.16 ms, 16667 samples/RX
24/30: 62.40 ms, 16667 samples/RX
25/30: 61.45 ms, 16666 samples/RX
26/30: 61.58 ms, 16667 samples/RX
27/30: 64.66 ms, 16667 samples/RX
28/30: 60.38 ms, 16666 samples/RX
29/30: 62.31 ms, 16667 samples/RX
30/30: 61.91 ms, 16667 samples/RX
{
  "advance_ms": {
    "median_ms": 0.0012850000530306716,
    "std_ms": 0.0005398610031770668,
    "p95_ms": 0.0024975500309665204,
    "mean_ms": 0.0015045999589347048
  },
  "source_ms": {
    "median_ms": 3.901497000015297,
    "std_ms": 0.2645309449133248,
    "p95_ms": 4.539533500246762,
    "mean_ms": 4.018070733324445
  },
  "channel_ms": {
    "median_ms": 10.670212000150059,
    "std_ms": 0.7010559222799335,
    "p95_ms": 12.137159399867414,
    "mean_ms": 10.821061266733523
  },
  "rendering_ms": {
    "median_ms": 35.26430999977492,
    "std_ms": 0.4995903828726157,
    "p95_ms": 36.12468544940839,
    "mean_ms": 35.26290093332136
  },
  "receiver_ms": {
    "median_ms": 3.052157999945848,
    "std_ms": 0.258639779617556,
    "p95_ms": 3.660103899983369,
    "mean_ms": 3.1559310332795576
  },
  "other_rf_ms": {
    "median_ms": 5.015892500296104,
    "std_ms": 0.3389950879044991,
    "p95_ms": 5.585053149980013,
    "mean_ms": 5.07392833327079
  },
  "delivery_storage_ms": {
    "median_ms": 3.1904410000151984,
    "std_ms": 0.47682771113887484,
    "p95_ms": 4.244138700209986,
    "mean_ms": 3.3899581000393177
  },
  "total_ms": {
    "median_ms": 61.6915704999883,
    "std_ms": 1.5120278635855111,
    "p95_ms": 64.45530359990244,
    "mean_ms": 61.72597163335922
  }
}
