1/30: 63.94 ms, 16666 samples/RX
2/30: 62.88 ms, 16667 samples/RX
3/30: 64.37 ms, 16667 samples/RX
4/30: 63.14 ms, 16666 samples/RX
5/30: 62.57 ms, 16667 samples/RX
6/30: 60.92 ms, 16667 samples/RX
7/30: 63.92 ms, 16666 samples/RX
8/30: 65.31 ms, 16667 samples/RX
9/30: 63.03 ms, 16667 samples/RX
10/30: 64.06 ms, 16666 samples/RX
11/30: 63.47 ms, 16667 samples/RX
12/30: 63.57 ms, 16667 samples/RX
13/30: 63.93 ms, 16666 samples/RX
14/30: 62.33 ms, 16667 samples/RX
15/30: 65.19 ms, 16667 samples/RX
16/30: 64.73 ms, 16666 samples/RX
17/30: 64.67 ms, 16667 samples/RX
18/30: 64.36 ms, 16667 samples/RX
19/30: 63.05 ms, 16666 samples/RX
20/30: 64.74 ms, 16667 samples/RX
21/30: 65.13 ms, 16667 samples/RX
22/30: 64.38 ms, 16666 samples/RX
23/30: 65.62 ms, 16667 samples/RX
24/30: 64.87 ms, 16667 samples/RX
25/30: 64.67 ms, 16666 samples/RX
26/30: 64.93 ms, 16667 samples/RX
27/30: 66.86 ms, 16667 samples/RX
28/30: 62.30 ms, 16666 samples/RX
29/30: 64.62 ms, 16667 samples/RX
30/30: 64.17 ms, 16667 samples/RX
{
  "advance_ms": {
    "median_ms": 0.001345000100627658,
    "std_ms": 0.0004483020481240816,
    "p95_ms": 0.0023490000103265625,
    "mean_ms": 0.001586666697524682
  },
  "source_ms": {
    "median_ms": 3.9889904996925907,
    "std_ms": 0.23869524018108662,
    "p95_ms": 4.420130450057513,
    "mean_ms": 4.037557999996959
  },
  "channel_ms": {
    "median_ms": 11.173632000009093,
    "std_ms": 0.6665489074135208,
    "p95_ms": 12.595742800135666,
    "mean_ms": 11.327696300061993
  },
  "rendering_ms": {
    "median_ms": 37.062052499777565,
    "std_ms": 0.6106763407379122,
    "p95_ms": 37.989722399674974,
    "mean_ms": 37.00721146663758
  },
  "receiver_ms": {
    "median_ms": 3.15046599962443,
    "std_ms": 0.14563078469751942,
    "p95_ms": 3.344142450328036,
    "mean_ms": 3.129992566694758
  },
  "other_rf_ms": {
    "median_ms": 5.003472999305814,
    "std_ms": 0.22861820972761415,
    "p95_ms": 5.402682500721312,
    "mean_ms": 5.015298266638031
  },
  "delivery_storage_ms": {
    "median_ms": 3.367387500247787,
    "std_ms": 0.5342083995221237,
    "p95_ms": 4.364216799899622,
    "mean_ms": 3.5361282666599436
  },
  "total_ms": {
    "median_ms": 64.26810550010487,
    "std_ms": 1.1901942449354757,
    "p95_ms": 65.48252520010465,
    "mean_ms": 64.05835116671976
  }
}
