1/10: 419.04 ms, 16666 samples/RX
2/10: 422.21 ms, 16667 samples/RX
3/10: 425.36 ms, 16667 samples/RX
4/10: 419.44 ms, 16666 samples/RX
5/10: 413.15 ms, 16667 samples/RX
6/10: 414.29 ms, 16667 samples/RX
7/10: 412.56 ms, 16666 samples/RX
8/10: 408.98 ms, 16667 samples/RX
9/10: 429.40 ms, 16667 samples/RX
10/10: 422.59 ms, 16666 samples/RX
{
  "advance_ms": {
    "median_ms": 0.00251999995271035,
    "std_ms": 0.0007403152884110843,
    "p95_ms": 0.0037639999845850967,
    "mean_ms": 0.0026199998956144555
  },
  "source_ms": {
    "median_ms": 39.15729899995313,
    "std_ms": 0.7120547936438172,
    "p95_ms": 40.36052900019058,
    "mean_ms": 39.20442550002008
  },
  "channel_ms": {
    "median_ms": 32.82754099996055,
    "std_ms": 1.2791453198196403,
    "p95_ms": 34.99395155008642,
    "mean_ms": 33.06101209996086
  },
  "rendering_ms": {
    "median_ms": 242.50293850013804,
    "std_ms": 5.666063675542648,
    "p95_ms": 252.3036606999085,
    "mean_ms": 243.36539469986747
  },
  "receiver_ms": {
    "median_ms": 9.568457000568742,
    "std_ms": 0.979268285541738,
    "p95_ms": 11.251202999392262,
    "mean_ms": 9.900388199957888
  },
  "other_rf_ms": {
    "median_ms": 81.6491500011125,
    "std_ms": 4.472796898769906,
    "p95_ms": 89.22173334935906,
    "mean_ms": 82.66007630022614
  },
  "delivery_storage_ms": {
    "median_ms": 10.308327000075224,
    "std_ms": 0.7168623330744637,
    "p95_ms": 11.699007499851177,
    "mean_ms": 10.502385899962974
  },
  "total_ms": {
    "median_ms": 419.2372575000718,
    "std_ms": 6.405282814488664,
    "p95_ms": 427.5835134000772,
    "mean_ms": 418.7018066999826
  }
}
