1/10: 593.38 ms, 16666 samples/RX
2/10: 580.14 ms, 16667 samples/RX
3/10: 607.00 ms, 16667 samples/RX
4/10: 599.25 ms, 16666 samples/RX
5/10: 590.10 ms, 16667 samples/RX
6/10: 581.76 ms, 16667 samples/RX
7/10: 600.02 ms, 16666 samples/RX
8/10: 590.48 ms, 16667 samples/RX
9/10: 582.75 ms, 16667 samples/RX
10/10: 596.08 ms, 16666 samples/RX
{
  "advance_ms": {
    "median_ms": 0.00222499988922209,
    "std_ms": 0.00033898704756979995,
    "p95_ms": 0.002711999991333869,
    "mean_ms": 0.0022629999648415833
  },
  "source_ms": {
    "median_ms": 38.97111149990451,
    "std_ms": 0.4276237664722548,
    "p95_ms": 39.7121414999674,
    "mean_ms": 39.02929859998494
  },
  "channel_ms": {
    "median_ms": 32.51005300012366,
    "std_ms": 1.1196276266242982,
    "p95_ms": 34.33512800010021,
    "mean_ms": 32.86632500003179
  },
  "rendering_ms": {
    "median_ms": 413.34612900016054,
    "std_ms": 6.490675450850874,
    "p95_ms": 426.7466818000571,
    "mean_ms": 415.8290513000338
  },
  "receiver_ms": {
    "median_ms": 10.177882999983012,
    "std_ms": 1.2899709299227424,
    "p95_ms": 12.406597100039106,
    "mean_ms": 10.390671799996198
  },
  "other_rf_ms": {
    "median_ms": 85.85309749980752,
    "std_ms": 4.21349857390087,
    "p95_ms": 87.82332119980083,
    "mean_ms": 83.61960249994809
  },
  "delivery_storage_ms": {
    "median_ms": 10.162177499978498,
    "std_ms": 0.7551919822180623,
    "p95_ms": 11.228711950002435,
    "mean_ms": 10.354729199980284
  },
  "total_ms": {
    "median_ms": 591.9308394999234,
    "std_ms": 8.801488455149116,
    "p95_ms": 603.8582547000033,
    "mean_ms": 592.0980293999946
  }
}
