1/10: 714.55 ms, 16666 samples/RX
2/10: 721.77 ms, 16667 samples/RX
3/10: 706.53 ms, 16667 samples/RX
4/10: 700.53 ms, 16666 samples/RX
5/10: 705.80 ms, 16667 samples/RX
6/10: 732.94 ms, 16667 samples/RX
7/10: 698.79 ms, 16666 samples/RX
8/10: 713.45 ms, 16667 samples/RX
9/10: 697.69 ms, 16667 samples/RX
10/10: 699.59 ms, 16666 samples/RX
{
  "advance_ms": {
    "median_ms": 0.0013645000080941827,
    "std_ms": 0.0002784005108406983,
    "p95_ms": 0.001837500030887895,
    "mean_ms": 0.001409800006513251
  },
  "source_ms": {
    "median_ms": 37.740192000001116,
    "std_ms": 0.6411964410283516,
    "p95_ms": 38.69999369991319,
    "mean_ms": 37.7373188999627
  },
  "channel_ms": {
    "median_ms": 159.05735450007796,
    "std_ms": 1.907436488228698,
    "p95_ms": 161.51942385000666,
    "mean_ms": 159.09927679999782
  },
  "rendering_ms": {
    "median_ms": 425.50052799981586,
    "std_ms": 7.463704608222878,
    "p95_ms": 438.6144427000545,
    "mean_ms": 427.35320699996464
  },
  "receiver_ms": {
    "median_ms": 8.851652999851467,
    "std_ms": 0.860802062456714,
    "p95_ms": 10.124366100069436,
    "mean_ms": 8.93771440000819
  },
  "other_rf_ms": {
    "median_ms": 67.76309550025417,
    "std_ms": 4.344698696348785,
    "p95_ms": 75.55155365022301,
    "mean_ms": 68.58466920009505
  },
  "delivery_storage_ms": {
    "median_ms": 7.227960000022904,
    "std_ms": 0.722017776254082,
    "p95_ms": 8.545747450011731,
    "mean_ms": 7.4473536999903445
  },
  "total_ms": {
    "median_ms": 706.1629854999865,
    "std_ms": 11.5240052245998,
    "p95_ms": 727.9128209501323,
    "mean_ms": 709.1645997000114
  }
}
