1/10: 1402.56 ms, 16666 samples/RX
2/10: 1424.12 ms, 16667 samples/RX
3/10: 1400.27 ms, 16667 samples/RX
4/10: 1402.43 ms, 16666 samples/RX
5/10: 1434.43 ms, 16667 samples/RX
6/10: 1405.40 ms, 16667 samples/RX
7/10: 1413.47 ms, 16666 samples/RX
8/10: 1455.97 ms, 16667 samples/RX
9/10: 1402.51 ms, 16667 samples/RX
10/10: 1425.39 ms, 16666 samples/RX
{
  "advance_ms": {
    "median_ms": 0.0012400000741763506,
    "std_ms": 0.0002700445928681995,
    "p95_ms": 0.0018034998902294317,
    "mean_ms": 0.0013228999932834995
  },
  "source_ms": {
    "median_ms": 38.00373600006424,
    "std_ms": 0.37770959551546673,
    "p95_ms": 38.48099054998784,
    "mean_ms": 37.98599030001242
  },
  "channel_ms": {
    "median_ms": 869.001590000039,
    "std_ms": 14.178706187708245,
    "p95_ms": 891.6845411499594,
    "mean_ms": 871.2011184000175
  },
  "rendering_ms": {
    "median_ms": 422.0076159999735,
    "std_ms": 4.208568362518587,
    "p95_ms": 429.21851874999675,
    "mean_ms": 422.4873635998847
  },
  "receiver_ms": {
    "median_ms": 9.534548500141682,
    "std_ms": 0.990383781674087,
    "p95_ms": 10.99526719960977,
    "mean_ms": 9.579050099932829
  },
  "other_rf_ms": {
    "median_ms": 66.93458050028767,
    "std_ms": 3.9521203695030676,
    "p95_ms": 74.38110100013091,
    "mean_ms": 67.80986520013812
  },
  "delivery_storage_ms": {
    "median_ms": 7.261176499923749,
    "std_ms": 0.7660217003297832,
    "p95_ms": 8.884950399976786,
    "mean_ms": 7.58949810001468
  },
  "total_ms": {
    "median_ms": 1409.4382025000414,
    "std_ms": 18.256825199349894,
    "p95_ms": 1446.278312049958,
    "mean_ms": 1416.6577234000215
  }
}
