1/10: 551.13 ms, 16666 samples/RX
2/10: 557.75 ms, 16667 samples/RX
3/10: 567.04 ms, 16667 samples/RX
4/10: 550.22 ms, 16666 samples/RX
5/10: 558.60 ms, 16667 samples/RX
6/10: 563.66 ms, 16667 samples/RX
7/10: 565.94 ms, 16666 samples/RX
8/10: 551.11 ms, 16667 samples/RX
9/10: 551.90 ms, 16667 samples/RX
10/10: 558.57 ms, 16666 samples/RX
{
  "advance_ms": {
    "median_ms": 0.0013050000688963337,
    "std_ms": 0.0014347221579989332,
    "p95_ms": 0.003840550027689455,
    "mean_ms": 0.0017518000277050305
  },
  "source_ms": {
    "median_ms": 37.8976035000278,
    "std_ms": 0.6563902454109702,
    "p95_ms": 38.90250425006343,
    "mean_ms": 37.958083400008036
  },
  "channel_ms": {
    "median_ms": 46.891513499986104,
    "std_ms": 0.9862951660616971,
    "p95_ms": 47.916457599944806,
    "mean_ms": 46.71017069995287
  },
  "rendering_ms": {
    "median_ms": 389.33048950013927,
    "std_ms": 6.320013966937995,
    "p95_ms": 402.0869280501188,
    "mean_ms": 392.5620748000483
  },
  "receiver_ms": {
    "median_ms": 8.5377799998696,
    "std_ms": 0.6446341664588664,
    "p95_ms": 9.452993700062962,
    "mean_ms": 8.570008599917855
  },
  "other_rf_ms": {
    "median_ms": 63.90005099979135,
    "std_ms": 2.861677750562235,
    "p95_ms": 69.2338156501819,
    "mean_ms": 64.42277440007729
  },
  "delivery_storage_ms": {
    "median_ms": 7.134467500009123,
    "std_ms": 0.6911700769819138,
    "p95_ms": 8.568910950111785,
    "mean_ms": 7.362442900057431
  },
  "total_ms": {
    "median_ms": 558.1569049999189,
    "std_ms": 6.3955319629758085,
    "p95_ms": 566.5435189000164,
    "mean_ms": 557.5911764999773
  }
}
