1/10: 550.56 ms, 16666 samples/RX
2/10: 566.73 ms, 16667 samples/RX
3/10: 573.92 ms, 16667 samples/RX
4/10: 564.13 ms, 16666 samples/RX
5/10: 583.54 ms, 16667 samples/RX
6/10: 557.98 ms, 16667 samples/RX
7/10: 560.77 ms, 16666 samples/RX
8/10: 571.90 ms, 16667 samples/RX
9/10: 563.06 ms, 16667 samples/RX
10/10: 567.77 ms, 16666 samples/RX
{
  "advance_ms": {
    "median_ms": 0.0012995000133741996,
    "std_ms": 0.0005757736301681051,
    "p95_ms": 0.0026120001280105494,
    "mean_ms": 0.0015879000329732662
  },
  "source_ms": {
    "median_ms": 37.85131250003815,
    "std_ms": 0.4575330820117256,
    "p95_ms": 38.526999899886505,
    "mean_ms": 37.83221239996237
  },
  "channel_ms": {
    "median_ms": 47.47997200001919,
    "std_ms": 1.7641531001220991,
    "p95_ms": 50.503883249996306,
    "mean_ms": 47.81774919995314
  },
  "rendering_ms": {
    "median_ms": 398.76086399976884,
    "std_ms": 5.295498609854232,
    "p95_ms": 406.03091109998104,
    "mean_ms": 398.27715469991745
  },
  "receiver_ms": {
    "median_ms": 8.454172000256222,
    "std_ms": 0.48864788443388196,
    "p95_ms": 9.221693600272829,
    "mean_ms": 8.549466900080915
  },
  "other_rf_ms": {
    "median_ms": 65.04520899966337,
    "std_ms": 4.167098080467901,
    "p95_ms": 72.71142629998621,
    "mean_ms": 65.86097770002652
  },
  "delivery_storage_ms": {
    "median_ms": 7.364268000060292,
    "std_ms": 0.6635426273403521,
    "p95_ms": 8.666164449914504,
    "mean_ms": 7.693013099969903
  },
  "total_ms": {
    "median_ms": 565.429798000082,
    "std_ms": 9.136852687680006,
    "p95_ms": 579.2152987000463,
    "mean_ms": 566.0356359000161
  }
}
