1/30: 398.74 ms, 16666 samples/RX
2/30: 405.49 ms, 16667 samples/RX
3/30: 419.05 ms, 16667 samples/RX
4/30: 408.58 ms, 16666 samples/RX
5/30: 408.26 ms, 16667 samples/RX
6/30: 403.73 ms, 16667 samples/RX
7/30: 416.34 ms, 16666 samples/RX
8/30: 401.21 ms, 16667 samples/RX
9/30: 408.71 ms, 16667 samples/RX
10/30: 403.44 ms, 16666 samples/RX
11/30: 403.68 ms, 16667 samples/RX
12/30: 399.92 ms, 16667 samples/RX
13/30: 410.91 ms, 16666 samples/RX
14/30: 410.48 ms, 16667 samples/RX
15/30: 404.12 ms, 16667 samples/RX
16/30: 403.69 ms, 16666 samples/RX
17/30: 398.18 ms, 16667 samples/RX
18/30: 400.04 ms, 16667 samples/RX
19/30: 395.61 ms, 16666 samples/RX
20/30: 400.11 ms, 16667 samples/RX
21/30: 404.98 ms, 16667 samples/RX
22/30: 398.01 ms, 16666 samples/RX
23/30: 402.47 ms, 16667 samples/RX
24/30: 399.26 ms, 16667 samples/RX
25/30: 405.65 ms, 16666 samples/RX
26/30: 403.52 ms, 16667 samples/RX
27/30: 402.47 ms, 16667 samples/RX
28/30: 412.03 ms, 16666 samples/RX
29/30: 404.28 ms, 16667 samples/RX
30/30: 405.14 ms, 16667 samples/RX
{
  "advance_ms": {
    "median_ms": 0.0012999998943996616,
    "std_ms": 0.0003305239383678392,
    "p95_ms": 0.0020669999003075637,
    "mean_ms": 0.0013923332971899072
  },
  "source_ms": {
    "median_ms": 37.78624450001189,
    "std_ms": 0.37592996158371955,
    "p95_ms": 38.547886999845105,
    "mean_ms": 37.83796599994579
  },
  "channel_ms": {
    "median_ms": 30.43754700001955,
    "std_ms": 1.1965776212017842,
    "p95_ms": 32.553777049975,
    "mean_ms": 30.608236733329857
  },
  "rendering_ms": {
    "median_ms": 252.53067950052355,
    "std_ms": 4.8434001665083475,
    "p95_ms": 261.147777999372,
    "mean_ms": 252.896684033279
  },
  "receiver_ms": {
    "median_ms": 8.695975998534777,
    "std_ms": 0.7775630026844844,
    "p95_ms": 9.883902050273718,
    "mean_ms": 8.82969776656258
  },
  "other_rf_ms": {
    "median_ms": 66.94946799962054,
    "std_ms": 3.4315033905610774,
    "p95_ms": 72.10167340085718,
    "mean_ms": 67.07279413356748
  },
  "delivery_storage_ms": {
    "median_ms": 7.227728000316347,
    "std_ms": 0.46551756122311616,
    "p95_ms": 8.143998999912581,
    "mean_ms": 7.352952333349094
  },
  "total_ms": {
    "median_ms": 403.7122324998563,
    "std_ms": 5.388502764790745,
    "p95_ms": 414.39992544994766,
    "mean_ms": 404.60317166666755
  }
}
