1/30: 404.03 ms, 16666 samples/RX
2/30: 408.58 ms, 16667 samples/RX
3/30: 424.88 ms, 16667 samples/RX
4/30: 413.70 ms, 16666 samples/RX
5/30: 409.81 ms, 16667 samples/RX
6/30: 406.29 ms, 16667 samples/RX
7/30: 406.61 ms, 16666 samples/RX
8/30: 401.51 ms, 16667 samples/RX
9/30: 407.27 ms, 16667 samples/RX
10/30: 417.17 ms, 16666 samples/RX
11/30: 400.83 ms, 16667 samples/RX
12/30: 401.71 ms, 16667 samples/RX
13/30: 400.80 ms, 16666 samples/RX
14/30: 399.60 ms, 16667 samples/RX
15/30: 398.53 ms, 16667 samples/RX
16/30: 410.02 ms, 16666 samples/RX
17/30: 405.63 ms, 16667 samples/RX
18/30: 407.75 ms, 16667 samples/RX
19/30: 403.79 ms, 16666 samples/RX
20/30: 406.83 ms, 16667 samples/RX
21/30: 404.50 ms, 16667 samples/RX
22/30: 402.77 ms, 16666 samples/RX
23/30: 412.23 ms, 16667 samples/RX
24/30: 407.50 ms, 16667 samples/RX
25/30: 406.10 ms, 16666 samples/RX
26/30: 398.41 ms, 16667 samples/RX
27/30: 404.97 ms, 16667 samples/RX
28/30: 410.11 ms, 16666 samples/RX
29/30: 409.72 ms, 16667 samples/RX
30/30: 406.49 ms, 16667 samples/RX
{
  "advance_ms": {
    "median_ms": 0.0012749999314110028,
    "std_ms": 0.0003037664079184519,
    "p95_ms": 0.0019500000917105353,
    "mean_ms": 0.0013853333409012218
  },
  "source_ms": {
    "median_ms": 38.157819499929246,
    "std_ms": 0.5053185934362476,
    "p95_ms": 39.0175540002474,
    "mean_ms": 38.19549029996475
  },
  "channel_ms": {
    "median_ms": 30.462831500244647,
    "std_ms": 1.6469642899134231,
    "p95_ms": 33.81793999985803,
    "mean_ms": 31.261568200019003
  },
  "rendering_ms": {
    "median_ms": 251.4056049994906,
    "std_ms": 4.645848174522445,
    "p95_ms": 259.0964755498135,
    "mean_ms": 252.8036350331604
  },
  "receiver_ms": {
    "median_ms": 8.593645999326327,
    "std_ms": 0.8808102813011311,
    "p95_ms": 10.313280950003898,
    "mean_ms": 8.777557933156762
  },
  "other_rf_ms": {
    "median_ms": 67.61111200125924,
    "std_ms": 3.200565973847319,
    "p95_ms": 73.22356089957793,
    "mean_ms": 68.04700676701334
  },
  "delivery_storage_ms": {
    "median_ms": 7.276262999994287,
    "std_ms": 0.7175111660495825,
    "p95_ms": 9.054185000036341,
    "mean_ms": 7.5145361333094725
  },
  "total_ms": {
    "median_ms": 406.393414500144,
    "std_ms": 5.614039244450184,
    "p95_ms": 415.60834800000066,
    "mean_ms": 406.60457370002706
  }
}
