1/30: 361.82 ms, 16666 samples/RX
2/30: 370.54 ms, 16667 samples/RX
3/30: 380.88 ms, 16667 samples/RX
4/30: 375.65 ms, 16666 samples/RX
5/30: 368.06 ms, 16667 samples/RX
6/30: 367.76 ms, 16667 samples/RX
7/30: 373.03 ms, 16666 samples/RX
8/30: 374.41 ms, 16667 samples/RX
9/30: 371.09 ms, 16667 samples/RX
10/30: 375.91 ms, 16666 samples/RX
11/30: 373.64 ms, 16667 samples/RX
12/30: 375.60 ms, 16667 samples/RX
13/30: 374.91 ms, 16666 samples/RX
14/30: 374.44 ms, 16667 samples/RX
15/30: 361.05 ms, 16667 samples/RX
16/30: 362.16 ms, 16666 samples/RX
17/30: 372.28 ms, 16667 samples/RX
18/30: 376.43 ms, 16667 samples/RX
19/30: 369.42 ms, 16666 samples/RX
20/30: 369.71 ms, 16667 samples/RX
21/30: 373.93 ms, 16667 samples/RX
22/30: 367.94 ms, 16666 samples/RX
23/30: 370.40 ms, 16667 samples/RX
24/30: 373.46 ms, 16667 samples/RX
25/30: 369.27 ms, 16666 samples/RX
26/30: 374.46 ms, 16667 samples/RX
27/30: 367.22 ms, 16667 samples/RX
28/30: 366.00 ms, 16666 samples/RX
29/30: 379.02 ms, 16667 samples/RX
30/30: 367.42 ms, 16667 samples/RX
{
  "advance_ms": {
    "median_ms": 0.0012000000424450263,
    "std_ms": 0.0009407697615642207,
    "p95_ms": 0.002178000045205408,
    "mean_ms": 0.001510666697868146
  },
  "source_ms": {
    "median_ms": 37.85627999991448,
    "std_ms": 0.4558887346594188,
    "p95_ms": 38.665514000058465,
    "mean_ms": 37.90311960001418
  },
  "channel_ms": {
    "median_ms": 30.094251500031532,
    "std_ms": 1.1070117272226128,
    "p95_ms": 33.023195550117634,
    "mean_ms": 30.407283399987744
  },
  "rendering_ms": {
    "median_ms": 217.592898499106,
    "std_ms": 4.147704419549391,
    "p95_ms": 223.75612095006545,
    "mean_ms": 218.1356039000093
  },
  "receiver_ms": {
    "median_ms": 8.945807499685543,
    "std_ms": 0.7887176438997483,
    "p95_ms": 10.3306694993762,
    "mean_ms": 9.112428366476403
  },
  "other_rf_ms": {
    "median_ms": 68.088832499825,
    "std_ms": 2.9303934159410963,
    "p95_ms": 73.56071685057941,
    "mean_ms": 68.11442226686874
  },
  "delivery_storage_ms": {
    "median_ms": 7.319757999994181,
    "std_ms": 0.7581761572888944,
    "p95_ms": 8.948051500101428,
    "mean_ms": 7.586070566715837
  },
  "total_ms": {
    "median_ms": 371.68554550021327,
    "std_ms": 4.857806356860656,
    "p95_ms": 377.8542094499926,
    "mean_ms": 371.2640401000499
  }
}
