1/30: 364.59 ms, 16666 samples/RX
2/30: 365.97 ms, 16667 samples/RX
3/30: 383.92 ms, 16667 samples/RX
4/30: 366.39 ms, 16666 samples/RX
5/30: 370.91 ms, 16667 samples/RX
6/30: 373.07 ms, 16667 samples/RX
7/30: 365.55 ms, 16666 samples/RX
8/30: 373.41 ms, 16667 samples/RX
9/30: 354.61 ms, 16667 samples/RX
10/30: 362.44 ms, 16666 samples/RX
11/30: 370.10 ms, 16667 samples/RX
12/30: 363.79 ms, 16667 samples/RX
13/30: 369.68 ms, 16666 samples/RX
14/30: 374.52 ms, 16667 samples/RX
15/30: 364.45 ms, 16667 samples/RX
16/30: 364.42 ms, 16666 samples/RX
17/30: 365.08 ms, 16667 samples/RX
18/30: 367.77 ms, 16667 samples/RX
19/30: 373.78 ms, 16666 samples/RX
20/30: 366.16 ms, 16667 samples/RX
21/30: 360.94 ms, 16667 samples/RX
22/30: 365.46 ms, 16666 samples/RX
23/30: 376.37 ms, 16667 samples/RX
24/30: 368.67 ms, 16667 samples/RX
25/30: 366.14 ms, 16666 samples/RX
26/30: 362.98 ms, 16667 samples/RX
27/30: 370.89 ms, 16667 samples/RX
28/30: 369.39 ms, 16666 samples/RX
29/30: 368.08 ms, 16667 samples/RX
30/30: 365.97 ms, 16667 samples/RX
{
  "advance_ms": {
    "median_ms": 0.0014649999684479553,
    "std_ms": 0.0002819042795304813,
    "p95_ms": 0.002016000098592485,
    "mean_ms": 0.0015329999920747166
  },
  "source_ms": {
    "median_ms": 37.534939500119435,
    "std_ms": 0.33441258274410857,
    "p95_ms": 38.086734449871074,
    "mean_ms": 37.5945179999538
  },
  "channel_ms": {
    "median_ms": 29.937650999954712,
    "std_ms": 1.5793636841449137,
    "p95_ms": 33.61539850004647,
    "mean_ms": 30.629101000007115
  },
  "rendering_ms": {
    "median_ms": 216.51863850138398,
    "std_ms": 3.9408844461107075,
    "p95_ms": 221.91117289969498,
    "mean_ms": 216.7916371333528
  },
  "receiver_ms": {
    "median_ms": 8.940317999531544,
    "std_ms": 0.6522946006438869,
    "p95_ms": 9.948212499875808,
    "mean_ms": 8.934649200061054
  },
  "other_rf_ms": {
    "median_ms": 66.23325100008515,
    "std_ms": 2.882117190590736,
    "p95_ms": 71.70546759944045,
    "mean_ms": 66.60178516654014
  },
  "delivery_storage_ms": {
    "median_ms": 7.1954180000375345,
    "std_ms": 0.5293502197973253,
    "p95_ms": 8.19742894993851,
    "mean_ms": 7.293602266569603
  },
  "total_ms": {
    "median_ms": 366.27775200031465,
    "std_ms": 5.442440411798882,
    "p95_ms": 375.53717499990853,
    "mean_ms": 367.850278766673
  }
}
