1/30: 363.25 ms, 16666 samples/RX
2/30: 365.30 ms, 16667 samples/RX
3/30: 374.32 ms, 16667 samples/RX
4/30: 362.84 ms, 16666 samples/RX
5/30: 376.62 ms, 16667 samples/RX
6/30: 373.89 ms, 16667 samples/RX
7/30: 370.57 ms, 16666 samples/RX
8/30: 361.93 ms, 16667 samples/RX
9/30: 369.52 ms, 16667 samples/RX
10/30: 370.84 ms, 16666 samples/RX
11/30: 377.52 ms, 16667 samples/RX
12/30: 370.45 ms, 16667 samples/RX
13/30: 372.52 ms, 16666 samples/RX
14/30: 366.62 ms, 16667 samples/RX
15/30: 371.64 ms, 16667 samples/RX
16/30: 363.05 ms, 16666 samples/RX
17/30: 367.29 ms, 16667 samples/RX
18/30: 365.17 ms, 16667 samples/RX
19/30: 367.34 ms, 16666 samples/RX
20/30: 374.87 ms, 16667 samples/RX
21/30: 371.62 ms, 16667 samples/RX
22/30: 366.87 ms, 16666 samples/RX
23/30: 370.78 ms, 16667 samples/RX
24/30: 367.66 ms, 16667 samples/RX
25/30: 374.46 ms, 16666 samples/RX
26/30: 370.76 ms, 16667 samples/RX
27/30: 369.48 ms, 16667 samples/RX
28/30: 362.25 ms, 16666 samples/RX
29/30: 374.71 ms, 16667 samples/RX
30/30: 363.33 ms, 16667 samples/RX
{
  "advance_ms": {
    "median_ms": 0.0012000000424450263,
    "std_ms": 0.00028415310673641044,
    "p95_ms": 0.001831999975365761,
    "mean_ms": 0.0013153332929505268
  },
  "source_ms": {
    "median_ms": 38.035924500036344,
    "std_ms": 0.5057816836031561,
    "p95_ms": 38.93852950013752,
    "mean_ms": 38.14123663331278
  },
  "channel_ms": {
    "median_ms": 30.143016500005615,
    "std_ms": 1.267422791885492,
    "p95_ms": 33.36203855012627,
    "mean_ms": 30.51331690006312
  },
  "rendering_ms": {
    "median_ms": 217.20795199985332,
    "std_ms": 3.71031442378117,
    "p95_ms": 224.74933199960105,
    "mean_ms": 217.32718356664313
  },
  "receiver_ms": {
    "median_ms": 9.130336000225725,
    "std_ms": 0.6761579446335528,
    "p95_ms": 10.159801550457814,
    "mean_ms": 9.10543380011101
  },
  "other_rf_ms": {
    "median_ms": 66.68515250021301,
    "std_ms": 2.333415268120341,
    "p95_ms": 70.9555834999037,
    "mean_ms": 66.83327079981609
  },
  "delivery_storage_ms": {
    "median_ms": 7.231868000189934,
    "std_ms": 0.5383241314446109,
    "p95_ms": 8.176178499820708,
    "mean_ms": 7.323528233337129
  },
  "total_ms": {
    "median_ms": 369.98937649991603,
    "std_ms": 4.544401162619778,
    "p95_ms": 375.82975794975937,
    "mean_ms": 369.2487609332754
  }
}
