1/30: 394.09 ms, 16666 samples/RX
2/30: 404.34 ms, 16667 samples/RX
3/30: 426.66 ms, 16667 samples/RX
4/30: 403.06 ms, 16666 samples/RX
5/30: 401.34 ms, 16667 samples/RX
6/30: 392.76 ms, 16667 samples/RX
7/30: 399.52 ms, 16666 samples/RX
8/30: 400.53 ms, 16667 samples/RX
9/30: 405.74 ms, 16667 samples/RX
10/30: 412.29 ms, 16666 samples/RX
11/30: 390.49 ms, 16667 samples/RX
12/30: 399.46 ms, 16667 samples/RX
13/30: 394.37 ms, 16666 samples/RX
14/30: 392.56 ms, 16667 samples/RX
15/30: 404.69 ms, 16667 samples/RX
16/30: 409.10 ms, 16666 samples/RX
17/30: 404.16 ms, 16667 samples/RX
18/30: 399.15 ms, 16667 samples/RX
19/30: 399.54 ms, 16666 samples/RX
20/30: 397.50 ms, 16667 samples/RX
21/30: 403.71 ms, 16667 samples/RX
22/30: 404.33 ms, 16666 samples/RX
23/30: 390.10 ms, 16667 samples/RX
24/30: 403.43 ms, 16667 samples/RX
25/30: 400.64 ms, 16666 samples/RX
26/30: 396.26 ms, 16667 samples/RX
27/30: 399.19 ms, 16667 samples/RX
28/30: 398.88 ms, 16666 samples/RX
29/30: 397.01 ms, 16667 samples/RX
30/30: 399.37 ms, 16667 samples/RX
{
  "advance_ms": {
    "median_ms": 0.0011849999737023609,
    "std_ms": 0.00031341205878606266,
    "p95_ms": 0.001925999936247535,
    "mean_ms": 0.0012993333560492222
  },
  "source_ms": {
    "median_ms": 37.92193949993816,
    "std_ms": 0.451089621414203,
    "p95_ms": 38.70404799984044,
    "mean_ms": 37.99679623336184
  },
  "channel_ms": {
    "median_ms": 30.63768649985832,
    "std_ms": 1.2883034767689578,
    "p95_ms": 32.729103499968915,
    "mean_ms": 30.641393700004
  },
  "rendering_ms": {
    "median_ms": 245.75765099984892,
    "std_ms": 5.534612666033429,
    "p95_ms": 254.78308094991462,
    "mean_ms": 247.26005660001343
  },
  "receiver_ms": {
    "median_ms": 9.110427499535945,
    "std_ms": 0.8085869707489401,
    "p95_ms": 10.549067000056311,
    "mean_ms": 9.160941199919156
  },
  "other_rf_ms": {
    "median_ms": 67.96092549893729,
    "std_ms": 3.884020962778311,
    "p95_ms": 75.13483484933658,
    "mean_ms": 68.0257436000223
  },
  "delivery_storage_ms": {
    "median_ms": 7.3586030000569735,
    "std_ms": 0.7050336638393477,
    "p95_ms": 8.905574050118048,
    "mean_ms": 7.719131866694322
  },
  "total_ms": {
    "median_ms": 399.53218200002993,
    "std_ms": 7.114254406984505,
    "p95_ms": 410.85461745010434,
    "mean_ms": 400.80910186672253
  }
}
