1/30: 397.62 ms, 16666 samples/RX
2/30: 414.75 ms, 16667 samples/RX
3/30: 419.26 ms, 16667 samples/RX
4/30: 399.45 ms, 16666 samples/RX
5/30: 392.67 ms, 16667 samples/RX
6/30: 404.57 ms, 16667 samples/RX
7/30: 398.18 ms, 16666 samples/RX
8/30: 395.50 ms, 16667 samples/RX
9/30: 403.78 ms, 16667 samples/RX
10/30: 405.59 ms, 16666 samples/RX
11/30: 391.54 ms, 16667 samples/RX
12/30: 420.81 ms, 16667 samples/RX
13/30: 396.00 ms, 16666 samples/RX
14/30: 405.35 ms, 16667 samples/RX
15/30: 392.47 ms, 16667 samples/RX
16/30: 417.23 ms, 16666 samples/RX
17/30: 408.88 ms, 16667 samples/RX
18/30: 404.86 ms, 16667 samples/RX
19/30: 414.00 ms, 16666 samples/RX
20/30: 409.03 ms, 16667 samples/RX
21/30: 405.71 ms, 16667 samples/RX
22/30: 413.91 ms, 16666 samples/RX
23/30: 398.74 ms, 16667 samples/RX
24/30: 400.89 ms, 16667 samples/RX
25/30: 407.26 ms, 16666 samples/RX
26/30: 406.90 ms, 16667 samples/RX
27/30: 407.97 ms, 16667 samples/RX
28/30: 406.25 ms, 16666 samples/RX
29/30: 403.42 ms, 16667 samples/RX
30/30: 411.27 ms, 16667 samples/RX
{
  "advance_ms": {
    "median_ms": 0.0013150001905160025,
    "std_ms": 0.0010935313969803696,
    "p95_ms": 0.0024194999923565757,
    "mean_ms": 0.0016759999956169243
  },
  "source_ms": {
    "median_ms": 38.07636699980321,
    "std_ms": 0.36463537636550103,
    "p95_ms": 38.76773499987394,
    "mean_ms": 38.155278733286956
  },
  "channel_ms": {
    "median_ms": 30.79321300015181,
    "std_ms": 1.6146247454931633,
    "p95_ms": 34.476715499749844,
    "mean_ms": 31.27716833331154
  },
  "rendering_ms": {
    "median_ms": 248.81653050010755,
    "std_ms": 4.324883386920425,
    "p95_ms": 257.2791207005821,
    "mean_ms": 249.58297973338026
  },
  "receiver_ms": {
    "median_ms": 9.299994000457446,
    "std_ms": 0.9731842342269715,
    "p95_ms": 10.944329999733782,
    "mean_ms": 9.561184900242855
  },
  "other_rf_ms": {
    "median_ms": 69.92913400063117,
    "std_ms": 4.235915358775234,
    "p95_ms": 74.92863310046687,
    "mean_ms": 68.91353539978506
  },
  "delivery_storage_ms": {
    "median_ms": 7.514869500027999,
    "std_ms": 0.582412939483875,
    "p95_ms": 8.628295500056991,
    "mean_ms": 7.632958033354953
  },
  "total_ms": {
    "median_ms": 405.47201049980686,
    "std_ms": 7.883237166381366,
    "p95_ms": 418.34620459987946,
    "mean_ms": 405.12846380000457
  }
}
