1/30: 419.90 ms, 16666 samples/RX
2/30: 400.76 ms, 16667 samples/RX
3/30: 408.27 ms, 16667 samples/RX
4/30: 416.10 ms, 16666 samples/RX
5/30: 413.26 ms, 16667 samples/RX
6/30: 399.15 ms, 16667 samples/RX
7/30: 400.48 ms, 16666 samples/RX
8/30: 395.00 ms, 16667 samples/RX
9/30: 403.47 ms, 16667 samples/RX
10/30: 405.06 ms, 16666 samples/RX
11/30: 399.41 ms, 16667 samples/RX
12/30: 398.57 ms, 16667 samples/RX
13/30: 401.90 ms, 16666 samples/RX
14/30: 409.81 ms, 16667 samples/RX
15/30: 413.10 ms, 16667 samples/RX
16/30: 397.94 ms, 16666 samples/RX
17/30: 404.75 ms, 16667 samples/RX
18/30: 404.29 ms, 16667 samples/RX
19/30: 393.78 ms, 16666 samples/RX
20/30: 414.39 ms, 16667 samples/RX
21/30: 404.12 ms, 16667 samples/RX
22/30: 405.26 ms, 16666 samples/RX
23/30: 408.95 ms, 16667 samples/RX
24/30: 405.73 ms, 16667 samples/RX
25/30: 408.77 ms, 16666 samples/RX
26/30: 406.37 ms, 16667 samples/RX
27/30: 412.56 ms, 16667 samples/RX
28/30: 402.01 ms, 16666 samples/RX
29/30: 407.65 ms, 16667 samples/RX
30/30: 407.48 ms, 16667 samples/RX
{
  "advance_ms": {
    "median_ms": 0.001355000108560489,
    "std_ms": 0.00035884870892913674,
    "p95_ms": 0.0022320000653053285,
    "mean_ms": 0.0015400000014172595
  },
  "source_ms": {
    "median_ms": 38.16590899998573,
    "std_ms": 0.6252925368873704,
    "p95_ms": 39.36395450001555,
    "mean_ms": 38.28622530000606
  },
  "channel_ms": {
    "median_ms": 30.42371899994123,
    "std_ms": 1.2335510315067868,
    "p95_ms": 33.24420799993959,
    "mean_ms": 30.87955329997385
  },
  "rendering_ms": {
    "median_ms": 251.31661249986337,
    "std_ms": 3.849714766622818,
    "p95_ms": 259.5875916504042,
    "mean_ms": 251.69465833334925
  },
  "receiver_ms": {
    "median_ms": 8.867540499977622,
    "std_ms": 0.7538984310403773,
    "p95_ms": 10.048145999815006,
    "mean_ms": 8.917731600013212
  },
  "other_rf_ms": {
    "median_ms": 68.12538350004615,
    "std_ms": 4.271662987954382,
    "p95_ms": 75.4727097505679,
    "mean_ms": 68.36314283330769
  },
  "delivery_storage_ms": {
    "median_ms": 7.254899500026113,
    "std_ms": 0.6961719125829371,
    "p95_ms": 8.809129450116869,
    "mean_ms": 7.463081666658884
  },
  "total_ms": {
    "median_ms": 405.159440000034,
    "std_ms": 6.258698172565362,
    "p95_ms": 415.3324151500442,
    "mean_ms": 405.60957770001096
  }
}
