1/30: 447.44 ms, 16666 samples/RX
2/30: 444.38 ms, 16667 samples/RX
3/30: 453.60 ms, 16667 samples/RX
4/30: 438.03 ms, 16666 samples/RX
5/30: 441.55 ms, 16667 samples/RX
6/30: 442.62 ms, 16667 samples/RX
7/30: 443.06 ms, 16666 samples/RX
8/30: 452.67 ms, 16667 samples/RX
9/30: 452.71 ms, 16667 samples/RX
10/30: 446.07 ms, 16666 samples/RX
11/30: 438.66 ms, 16667 samples/RX
12/30: 434.73 ms, 16667 samples/RX
13/30: 452.52 ms, 16666 samples/RX
14/30: 448.63 ms, 16667 samples/RX
15/30: 443.05 ms, 16667 samples/RX
16/30: 435.12 ms, 16666 samples/RX
17/30: 432.38 ms, 16667 samples/RX
18/30: 434.24 ms, 16667 samples/RX
19/30: 441.47 ms, 16666 samples/RX
20/30: 444.85 ms, 16667 samples/RX
21/30: 440.56 ms, 16667 samples/RX
22/30: 444.05 ms, 16666 samples/RX
23/30: 443.92 ms, 16667 samples/RX
24/30: 442.43 ms, 16667 samples/RX
25/30: 437.21 ms, 16666 samples/RX
26/30: 457.97 ms, 16667 samples/RX
27/30: 439.16 ms, 16667 samples/RX
28/30: 447.29 ms, 16666 samples/RX
29/30: 445.62 ms, 16667 samples/RX
30/30: 438.79 ms, 16667 samples/RX
{
  "advance_ms": {
    "median_ms": 0.001314999963142327,
    "std_ms": 0.0007992107901352074,
    "p95_ms": 0.001985999756470846,
    "mean_ms": 0.0015299999631679384
  },
  "source_ms": {
    "median_ms": 38.25449150008353,
    "std_ms": 0.5339626454939905,
    "p95_ms": 39.32259300001988,
    "mean_ms": 38.280686933285324
  },
  "channel_ms": {
    "median_ms": 30.20318199992289,
    "std_ms": 1.6582679679720198,
    "p95_ms": 33.49475800005166,
    "mean_ms": 31.008653233402583
  },
  "rendering_ms": {
    "median_ms": 290.3916110001319,
    "std_ms": 4.444779061960664,
    "p95_ms": 297.4668878493276,
    "mean_ms": 290.7045533667163
  },
  "receiver_ms": {
    "median_ms": 8.692193499882706,
    "std_ms": 0.6994167103189135,
    "p95_ms": 10.07324655015509,
    "mean_ms": 8.863648199970461
  },
  "other_rf_ms": {
    "median_ms": 66.9502175001071,
    "std_ms": 2.977991082127806,
    "p95_ms": 70.69811399946957,
    "mean_ms": 67.24563236654528
  },
  "delivery_storage_ms": {
    "median_ms": 7.264229499924113,
    "std_ms": 0.5205846704430926,
    "p95_ms": 8.227031499905022,
    "mean_ms": 7.385028533341635
  },
  "total_ms": {
    "median_ms": 443.0573959998583,
    "std_ms": 6.273662021942471,
    "p95_ms": 453.20419104994016,
    "mean_ms": 443.4933522999927
  }
}
