1/30: 387.03 ms, 16666 samples/RX
2/30: 402.55 ms, 16667 samples/RX
3/30: 409.79 ms, 16667 samples/RX
4/30: 404.02 ms, 16666 samples/RX
5/30: 390.62 ms, 16667 samples/RX
6/30: 406.80 ms, 16667 samples/RX
7/30: 389.06 ms, 16666 samples/RX
8/30: 403.29 ms, 16667 samples/RX
9/30: 404.87 ms, 16667 samples/RX
10/30: 405.51 ms, 16666 samples/RX
11/30: 407.88 ms, 16667 samples/RX
12/30: 391.34 ms, 16667 samples/RX
13/30: 387.87 ms, 16666 samples/RX
14/30: 392.26 ms, 16667 samples/RX
15/30: 415.90 ms, 16667 samples/RX
16/30: 393.10 ms, 16666 samples/RX
17/30: 395.79 ms, 16667 samples/RX
18/30: 408.29 ms, 16667 samples/RX
19/30: 395.98 ms, 16666 samples/RX
20/30: 395.58 ms, 16667 samples/RX
21/30: 402.44 ms, 16667 samples/RX
22/30: 407.77 ms, 16666 samples/RX
23/30: 401.43 ms, 16667 samples/RX
24/30: 395.22 ms, 16667 samples/RX
25/30: 399.32 ms, 16666 samples/RX
26/30: 406.01 ms, 16667 samples/RX
27/30: 397.95 ms, 16667 samples/RX
28/30: 405.37 ms, 16666 samples/RX
29/30: 405.29 ms, 16667 samples/RX
30/30: 387.95 ms, 16667 samples/RX
{
  "advance_ms": {
    "median_ms": 0.0013300000318849925,
    "std_ms": 0.0009713392062697684,
    "p95_ms": 0.002643499954046999,
    "mean_ms": 0.0016263333312357038
  },
  "source_ms": {
    "median_ms": 37.98971749995417,
    "std_ms": 0.5428689523489871,
    "p95_ms": 39.06269499997279,
    "mean_ms": 38.13381223333939
  },
  "channel_ms": {
    "median_ms": 30.444663500134084,
    "std_ms": 1.2712440514206407,
    "p95_ms": 32.97645495000552,
    "mean_ms": 30.747366266678
  },
  "rendering_ms": {
    "median_ms": 243.82510300006288,
    "std_ms": 4.839051545697436,
    "p95_ms": 252.20489395007917,
    "mean_ms": 244.28860280009607
  },
  "receiver_ms": {
    "median_ms": 9.559135000358765,
    "std_ms": 0.8948563318909559,
    "p95_ms": 10.883812500117074,
    "mean_ms": 9.502500233338651
  },
  "other_rf_ms": {
    "median_ms": 69.26310800031388,
    "std_ms": 4.005959736103202,
    "p95_ms": 75.72791335034026,
    "mean_ms": 69.6130160998867
  },
  "delivery_storage_ms": {
    "median_ms": 7.432400000084272,
    "std_ms": 0.6473552627633887,
    "p95_ms": 8.751218999952926,
    "mean_ms": 7.584702700008468
  },
  "total_ms": {
    "median_ms": 401.93440799998825,
    "std_ms": 7.6701914508766,
    "p95_ms": 409.11811010000747,
    "mean_ms": 399.8754153333266
  }
}
