1/30: 691.09 ms, 16666 samples/RX
2/30: 685.72 ms, 16667 samples/RX
3/30: 712.48 ms, 16667 samples/RX
4/30: 685.29 ms, 16666 samples/RX
5/30: 685.27 ms, 16667 samples/RX
6/30: 688.35 ms, 16667 samples/RX
7/30: 690.33 ms, 16666 samples/RX
8/30: 697.66 ms, 16667 samples/RX
9/30: 685.11 ms, 16667 samples/RX
10/30: 687.83 ms, 16666 samples/RX
11/30: 686.71 ms, 16667 samples/RX
12/30: 689.77 ms, 16667 samples/RX
13/30: 684.01 ms, 16666 samples/RX
14/30: 683.90 ms, 16667 samples/RX
15/30: 690.65 ms, 16667 samples/RX
16/30: 682.16 ms, 16666 samples/RX
17/30: 692.41 ms, 16667 samples/RX
18/30: 688.97 ms, 16667 samples/RX
19/30: 692.56 ms, 16666 samples/RX
20/30: 691.41 ms, 16667 samples/RX
21/30: 693.26 ms, 16667 samples/RX
22/30: 686.99 ms, 16666 samples/RX
23/30: 694.15 ms, 16667 samples/RX
24/30: 698.48 ms, 16667 samples/RX
25/30: 695.60 ms, 16666 samples/RX
26/30: 692.95 ms, 16667 samples/RX
27/30: 692.95 ms, 16667 samples/RX
28/30: 680.31 ms, 16666 samples/RX
29/30: 700.50 ms, 16667 samples/RX
30/30: 687.68 ms, 16667 samples/RX
{
  "advance_ms": {
    "median_ms": 0.0012650002645386849,
    "std_ms": 0.00024582703399775427,
    "p95_ms": 0.0017405000789949552,
    "mean_ms": 0.0013296666717603027
  },
  "source_ms": {
    "median_ms": 38.05799099995966,
    "std_ms": 0.5646664606385756,
    "p95_ms": 38.94677950006553,
    "mean_ms": 38.04455306667478
  },
  "channel_ms": {
    "median_ms": 29.718551499854584,
    "std_ms": 1.5042479049139452,
    "p95_ms": 33.613887000046816,
    "mean_ms": 30.570681499981827
  },
  "rendering_ms": {
    "median_ms": 535.2702420000242,
    "std_ms": 5.030094083142126,
    "p95_ms": 541.0372715504764,
    "mean_ms": 536.3773267001155
  },
  "receiver_ms": {
    "median_ms": 9.159774000181642,
    "std_ms": 0.7312648681340211,
    "p95_ms": 10.283156450304885,
    "mean_ms": 9.159661499870708
  },
  "other_rf_ms": {
    "median_ms": 69.03014149997944,
    "std_ms": 2.9417718307286593,
    "p95_ms": 73.89688675020807,
    "mean_ms": 69.18386020000374
  },
  "delivery_storage_ms": {
    "median_ms": 7.028839499753303,
    "std_ms": 0.5665044589861962,
    "p95_ms": 8.344178500078668,
    "mean_ms": 7.144435900014893
  },
  "total_ms": {
    "median_ms": 690.0510320001558,
    "std_ms": 6.379804247525062,
    "p95_ms": 699.5897709000019,
    "mean_ms": 690.4855218333827
  }
}
