1/30: 528.79 ms, 16666 samples/RX
2/30: 520.41 ms, 16667 samples/RX
3/30: 551.95 ms, 16667 samples/RX
4/30: 535.05 ms, 16666 samples/RX
5/30: 533.64 ms, 16667 samples/RX
6/30: 536.20 ms, 16667 samples/RX
7/30: 528.77 ms, 16666 samples/RX
8/30: 525.81 ms, 16667 samples/RX
9/30: 529.27 ms, 16667 samples/RX
10/30: 529.39 ms, 16666 samples/RX
11/30: 545.58 ms, 16667 samples/RX
12/30: 534.07 ms, 16667 samples/RX
13/30: 526.70 ms, 16666 samples/RX
14/30: 530.53 ms, 16667 samples/RX
15/30: 526.87 ms, 16667 samples/RX
16/30: 530.83 ms, 16666 samples/RX
17/30: 524.17 ms, 16667 samples/RX
18/30: 541.80 ms, 16667 samples/RX
19/30: 532.79 ms, 16666 samples/RX
20/30: 535.43 ms, 16667 samples/RX
21/30: 531.12 ms, 16667 samples/RX
22/30: 531.69 ms, 16666 samples/RX
23/30: 530.11 ms, 16667 samples/RX
24/30: 539.89 ms, 16667 samples/RX
25/30: 530.89 ms, 16666 samples/RX
26/30: 539.39 ms, 16667 samples/RX
27/30: 529.39 ms, 16667 samples/RX
28/30: 525.60 ms, 16666 samples/RX
29/30: 532.13 ms, 16667 samples/RX
30/30: 529.05 ms, 16667 samples/RX
{
  "advance_ms": {
    "median_ms": 0.0013850001323589822,
    "std_ms": 0.00028133526136088445,
    "p95_ms": 0.001857499955804087,
    "mean_ms": 0.0014256667024407459
  },
  "source_ms": {
    "median_ms": 38.196992000166574,
    "std_ms": 0.4056095450343968,
    "p95_ms": 38.7209154497441,
    "mean_ms": 38.17905556667635
  },
  "channel_ms": {
    "median_ms": 30.24576299981163,
    "std_ms": 1.3439891487358608,
    "p95_ms": 33.5457990498071,
    "mean_ms": 30.73536089997712
  },
  "rendering_ms": {
    "median_ms": 377.8080200004297,
    "std_ms": 5.238551324282066,
    "p95_ms": 386.50486109988833,
    "mean_ms": 379.0351297999223
  },
  "receiver_ms": {
    "median_ms": 9.356094999930065,
    "std_ms": 0.7641317314441844,
    "p95_ms": 10.435303500594273,
    "mean_ms": 9.239114833386944
  },
  "other_rf_ms": {
    "median_ms": 67.58652399844323,
    "std_ms": 2.9822577780733672,
    "p95_ms": 71.31919819992163,
    "mean_ms": 67.5325540000055
  },
  "delivery_storage_ms": {
    "median_ms": 7.215684499897179,
    "std_ms": 0.7875089016163049,
    "p95_ms": 9.124758000075415,
    "mean_ms": 7.518140299998777
  },
  "total_ms": {
    "median_ms": 530.8617064997634,
    "std_ms": 6.509541919245997,
    "p95_ms": 543.8793360501222,
    "mean_ms": 532.2443010666575
  }
}
