1/30: 545.77 ms, 16666 samples/RX
2/30: 545.89 ms, 16667 samples/RX
3/30: 566.84 ms, 16667 samples/RX
4/30: 536.71 ms, 16666 samples/RX
5/30: 524.22 ms, 16667 samples/RX
6/30: 539.66 ms, 16667 samples/RX
7/30: 529.71 ms, 16666 samples/RX
8/30: 546.32 ms, 16667 samples/RX
9/30: 527.87 ms, 16667 samples/RX
10/30: 526.01 ms, 16666 samples/RX
11/30: 534.62 ms, 16667 samples/RX
12/30: 541.30 ms, 16667 samples/RX
13/30: 545.83 ms, 16666 samples/RX
14/30: 532.45 ms, 16667 samples/RX
15/30: 541.90 ms, 16667 samples/RX
16/30: 540.12 ms, 16666 samples/RX
17/30: 543.33 ms, 16667 samples/RX
18/30: 552.23 ms, 16667 samples/RX
19/30: 546.56 ms, 16666 samples/RX
20/30: 535.81 ms, 16667 samples/RX
21/30: 535.66 ms, 16667 samples/RX
22/30: 544.02 ms, 16666 samples/RX
23/30: 531.18 ms, 16667 samples/RX
24/30: 538.88 ms, 16667 samples/RX
25/30: 552.07 ms, 16666 samples/RX
26/30: 535.39 ms, 16667 samples/RX
27/30: 533.04 ms, 16667 samples/RX
28/30: 536.60 ms, 16666 samples/RX
29/30: 541.50 ms, 16667 samples/RX
30/30: 545.59 ms, 16667 samples/RX
{
  "advance_ms": {
    "median_ms": 0.0015599999869664316,
    "std_ms": 0.0003028996028885175,
    "p95_ms": 0.002133500038326019,
    "mean_ms": 0.0015996666813104337
  },
  "source_ms": {
    "median_ms": 37.967419000096925,
    "std_ms": 0.4705661934126335,
    "p95_ms": 38.94723149993524,
    "mean_ms": 38.06632490001599
  },
  "channel_ms": {
    "median_ms": 29.935154499980854,
    "std_ms": 1.4442625002849538,
    "p95_ms": 32.887149499936186,
    "mean_ms": 30.580945533362563
  },
  "rendering_ms": {
    "median_ms": 384.2394519995196,
    "std_ms": 5.2377306201557445,
    "p95_ms": 391.4337629999977,
    "mean_ms": 384.93968336661055
  },
  "receiver_ms": {
    "median_ms": 9.28582950029977,
    "std_ms": 0.9154901488980534,
    "p95_ms": 10.952118349780447,
    "mean_ms": 9.38461713333254
  },
  "other_rf_ms": {
    "median_ms": 68.66564950007614,
    "std_ms": 4.137139827759955,
    "p95_ms": 76.09024705020602,
    "mean_ms": 69.20841710001848
  },
  "delivery_storage_ms": {
    "median_ms": 7.511560000011741,
    "std_ms": 0.7003006271479095,
    "p95_ms": 8.956591949947777,
    "mean_ms": 7.716015233328714
  },
  "total_ms": {
    "median_ms": 539.8901479999267,
    "std_ms": 8.823275364875606,
    "p95_ms": 552.1561895999525,
    "mean_ms": 539.9015582666683
  }
}
