1/30: 535.48 ms, 16666 samples/RX
2/30: 537.67 ms, 16667 samples/RX
3/30: 553.11 ms, 16667 samples/RX
4/30: 536.76 ms, 16666 samples/RX
5/30: 533.50 ms, 16667 samples/RX
6/30: 542.87 ms, 16667 samples/RX
7/30: 539.98 ms, 16666 samples/RX
8/30: 528.63 ms, 16667 samples/RX
9/30: 533.86 ms, 16667 samples/RX
10/30: 550.07 ms, 16666 samples/RX
11/30: 530.31 ms, 16667 samples/RX
12/30: 543.47 ms, 16667 samples/RX
13/30: 532.90 ms, 16666 samples/RX
14/30: 530.44 ms, 16667 samples/RX
15/30: 534.90 ms, 16667 samples/RX
16/30: 534.17 ms, 16666 samples/RX
17/30: 533.61 ms, 16667 samples/RX
18/30: 551.90 ms, 16667 samples/RX
19/30: 551.13 ms, 16666 samples/RX
20/30: 550.21 ms, 16667 samples/RX
21/30: 529.39 ms, 16667 samples/RX
22/30: 539.54 ms, 16666 samples/RX
23/30: 543.65 ms, 16667 samples/RX
24/30: 547.86 ms, 16667 samples/RX
25/30: 540.14 ms, 16666 samples/RX
26/30: 533.64 ms, 16667 samples/RX
27/30: 546.90 ms, 16667 samples/RX
28/30: 536.72 ms, 16666 samples/RX
29/30: 546.05 ms, 16667 samples/RX
30/30: 544.94 ms, 16667 samples/RX
{
  "advance_ms": {
    "median_ms": 0.0013349999790079892,
    "std_ms": 0.00039601755417129915,
    "p95_ms": 0.0021424999204100455,
    "mean_ms": 0.0014766666330009077
  },
  "source_ms": {
    "median_ms": 38.06998000004569,
    "std_ms": 0.5060114712307764,
    "p95_ms": 38.92200644993409,
    "mean_ms": 38.07126193335838
  },
  "channel_ms": {
    "median_ms": 30.49585600001592,
    "std_ms": 1.4879144434456673,
    "p95_ms": 33.386874550024004,
    "mean_ms": 30.943610666660486
  },
  "rendering_ms": {
    "median_ms": 385.37258799965457,
    "std_ms": 4.937292878165253,
    "p95_ms": 393.1294845504226,
    "mean_ms": 386.140142633288
  },
  "receiver_ms": {
    "median_ms": 8.686533499712823,
    "std_ms": 0.8974632053389194,
    "p95_ms": 10.504805400569238,
    "mean_ms": 8.899992566603032
  },
  "other_rf_ms": {
    "median_ms": 68.53745550029089,
    "std_ms": 3.4190548842702935,
    "p95_ms": 73.3783864004863,
    "mean_ms": 68.22449746676587
  },
  "delivery_storage_ms": {
    "median_ms": 7.350463999955537,
    "std_ms": 0.7055968764870699,
    "p95_ms": 8.837556950015824,
    "mean_ms": 7.508526666636802
  },
  "total_ms": {
    "median_ms": 538.608964499872,
    "std_ms": 7.4090557501049705,
    "p95_ms": 551.5538890499556,
    "mean_ms": 539.793307599939
  }
}
