1/30: 414.44 ms, 16666 samples/RX
2/30: 408.18 ms, 16667 samples/RX
3/30: 426.07 ms, 16667 samples/RX
4/30: 431.52 ms, 16666 samples/RX
5/30: 412.19 ms, 16667 samples/RX
6/30: 416.74 ms, 16667 samples/RX
7/30: 410.62 ms, 16666 samples/RX
8/30: 426.18 ms, 16667 samples/RX
9/30: 420.31 ms, 16667 samples/RX
10/30: 414.21 ms, 16666 samples/RX
11/30: 428.66 ms, 16667 samples/RX
12/30: 413.89 ms, 16667 samples/RX
13/30: 412.89 ms, 16666 samples/RX
14/30: 410.32 ms, 16667 samples/RX
15/30: 415.34 ms, 16667 samples/RX
16/30: 412.56 ms, 16666 samples/RX
17/30: 407.54 ms, 16667 samples/RX
18/30: 416.32 ms, 16667 samples/RX
19/30: 431.96 ms, 16666 samples/RX
20/30: 413.59 ms, 16667 samples/RX
21/30: 436.84 ms, 16667 samples/RX
22/30: 412.70 ms, 16666 samples/RX
23/30: 413.35 ms, 16667 samples/RX
24/30: 411.71 ms, 16667 samples/RX
25/30: 422.77 ms, 16666 samples/RX
26/30: 407.92 ms, 16667 samples/RX
27/30: 427.75 ms, 16667 samples/RX
28/30: 423.71 ms, 16666 samples/RX
29/30: 433.15 ms, 16667 samples/RX
30/30: 409.61 ms, 16667 samples/RX
{
  "advance_ms": {
    "median_ms": 0.0012950000609635026,
    "std_ms": 0.00030678982509758045,
    "p95_ms": 0.001891499948669661,
    "mean_ms": 0.0013819999897653663
  },
  "source_ms": {
    "median_ms": 38.25083750007252,
    "std_ms": 0.4577862054015348,
    "p95_ms": 38.939446550068624,
    "mean_ms": 38.23913456667469
  },
  "channel_ms": {
    "median_ms": 31.861573499895712,
    "std_ms": 1.4787247390444678,
    "p95_ms": 33.92444750001005,
    "mean_ms": 31.769309733310063
  },
  "rendering_ms": {
    "median_ms": 262.36059300003944,
    "std_ms": 6.258193811450432,
    "p95_ms": 278.0413924000072,
    "mean_ms": 264.4247548333169
  },
  "receiver_ms": {
    "median_ms": 8.986340500086953,
    "std_ms": 0.9226488784678893,
    "p95_ms": 10.885407800299161,
    "mean_ms": 9.162019633337573
  },
  "other_rf_ms": {
    "median_ms": 65.86809649979841,
    "std_ms": 3.892856138728037,
    "p95_ms": 73.69315530044105,
    "mean_ms": 67.00827223338213
  },
  "delivery_storage_ms": {
    "median_ms": 7.343703999936224,
    "std_ms": 0.6970647361714868,
    "p95_ms": 8.921435949980603,
    "mean_ms": 7.493312433333206
  },
  "total_ms": {
    "median_ms": 414.3292355000767,
    "std_ms": 8.52597960424365,
    "p95_ms": 432.6151231999688,
    "mean_ms": 418.1018647666709
  }
}
