1/30: 417.36 ms, 16666 samples/RX
2/30: 417.88 ms, 16667 samples/RX
3/30: 434.19 ms, 16667 samples/RX
4/30: 413.77 ms, 16666 samples/RX
5/30: 401.65 ms, 16667 samples/RX
6/30: 413.93 ms, 16667 samples/RX
7/30: 412.98 ms, 16666 samples/RX
8/30: 412.00 ms, 16667 samples/RX
9/30: 427.15 ms, 16667 samples/RX
10/30: 430.25 ms, 16666 samples/RX
11/30: 415.42 ms, 16667 samples/RX
12/30: 417.29 ms, 16667 samples/RX
13/30: 420.38 ms, 16666 samples/RX
14/30: 411.36 ms, 16667 samples/RX
15/30: 417.67 ms, 16667 samples/RX
16/30: 419.11 ms, 16666 samples/RX
17/30: 418.18 ms, 16667 samples/RX
18/30: 430.09 ms, 16667 samples/RX
19/30: 418.79 ms, 16666 samples/RX
20/30: 426.54 ms, 16667 samples/RX
21/30: 417.02 ms, 16667 samples/RX
22/30: 423.92 ms, 16666 samples/RX
23/30: 409.01 ms, 16667 samples/RX
24/30: 421.32 ms, 16667 samples/RX
25/30: 418.33 ms, 16666 samples/RX
26/30: 408.55 ms, 16667 samples/RX
27/30: 422.83 ms, 16667 samples/RX
28/30: 434.19 ms, 16666 samples/RX
29/30: 421.91 ms, 16667 samples/RX
30/30: 410.37 ms, 16667 samples/RX
{
  "advance_ms": {
    "median_ms": 0.0011999999287581886,
    "std_ms": 0.00030803864051006844,
    "p95_ms": 0.0019705000227077103,
    "mean_ms": 0.0013253333311998479
  },
  "source_ms": {
    "median_ms": 38.27881149993573,
    "std_ms": 0.45417605549140244,
    "p95_ms": 39.12358649992029,
    "mean_ms": 38.320025299988934
  },
  "channel_ms": {
    "median_ms": 30.4637780000121,
    "std_ms": 1.5578740009109853,
    "p95_ms": 33.39568999996345,
    "mean_ms": 31.058793433317078
  },
  "rendering_ms": {
    "median_ms": 261.19366849991366,
    "std_ms": 5.379928763427491,
    "p95_ms": 273.33028829997374,
    "mean_ms": 262.5117131332975
  },
  "receiver_ms": {
    "median_ms": 9.545616999957929,
    "std_ms": 0.8372748119579881,
    "p95_ms": 10.934198950087648,
    "mean_ms": 9.625137266675665
  },
  "other_rf_ms": {
    "median_ms": 69.77614449988323,
    "std_ms": 4.238657293273558,
    "p95_ms": 75.91097209942745,
    "mean_ms": 69.619961266676
  },
  "delivery_storage_ms": {
    "median_ms": 7.339123000178915,
    "std_ms": 0.9307757790436741,
    "p95_ms": 9.46587994994843,
    "mean_ms": 7.640702800017607
  },
  "total_ms": {
    "median_ms": 418.0294060000733,
    "std_ms": 7.645394025970092,
    "p95_ms": 432.4142106500176,
    "mean_ms": 418.7810828666746
  }
}
