1/30: 402.79 ms, 16666 samples/RX
2/30: 408.01 ms, 16667 samples/RX
3/30: 416.62 ms, 16667 samples/RX
4/30: 402.86 ms, 16666 samples/RX
5/30: 407.34 ms, 16667 samples/RX
6/30: 411.74 ms, 16667 samples/RX
7/30: 406.69 ms, 16666 samples/RX
8/30: 412.17 ms, 16667 samples/RX
9/30: 402.16 ms, 16667 samples/RX
10/30: 425.75 ms, 16666 samples/RX
11/30: 411.78 ms, 16667 samples/RX
12/30: 416.49 ms, 16667 samples/RX
13/30: 408.12 ms, 16666 samples/RX
14/30: 404.50 ms, 16667 samples/RX
15/30: 406.00 ms, 16667 samples/RX
16/30: 418.60 ms, 16666 samples/RX
17/30: 402.32 ms, 16667 samples/RX
18/30: 407.24 ms, 16667 samples/RX
19/30: 422.48 ms, 16666 samples/RX
20/30: 403.13 ms, 16667 samples/RX
21/30: 407.18 ms, 16667 samples/RX
22/30: 416.75 ms, 16666 samples/RX
23/30: 405.75 ms, 16667 samples/RX
24/30: 417.41 ms, 16667 samples/RX
25/30: 421.42 ms, 16666 samples/RX
26/30: 414.72 ms, 16667 samples/RX
27/30: 407.94 ms, 16667 samples/RX
28/30: 417.94 ms, 16666 samples/RX
29/30: 420.34 ms, 16667 samples/RX
30/30: 405.72 ms, 16667 samples/RX
{
  "advance_ms": {
    "median_ms": 0.001369999949929479,
    "std_ms": 0.0004985299108686837,
    "p95_ms": 0.0026410000486976055,
    "mean_ms": 0.0015670000038880971
  },
  "source_ms": {
    "median_ms": 37.86369049998939,
    "std_ms": 0.47507133967124676,
    "p95_ms": 38.54620905002548,
    "mean_ms": 37.89726383330768
  },
  "channel_ms": {
    "median_ms": 30.357856500017988,
    "std_ms": 1.4566706305455985,
    "p95_ms": 33.37074450008686,
    "mean_ms": 30.83106599998852
  },
  "rendering_ms": {
    "median_ms": 256.9535555002176,
    "std_ms": 4.437114957680135,
    "p95_ms": 266.3984577999827,
    "mean_ms": 258.00268420001277
  },
  "receiver_ms": {
    "median_ms": 9.013800500270008,
    "std_ms": 0.8890091640592046,
    "p95_ms": 10.230149899985008,
    "mean_ms": 9.013594933382288
  },
  "other_rf_ms": {
    "median_ms": 66.74850400031573,
    "std_ms": 3.7713363446333017,
    "p95_ms": 74.78562159957391,
    "mean_ms": 68.00687736661075
  },
  "delivery_storage_ms": {
    "median_ms": 7.249159000025429,
    "std_ms": 0.49364358150777243,
    "p95_ms": 7.993532000068626,
    "mean_ms": 7.307923433343906
  },
  "total_ms": {
    "median_ms": 408.06467550009984,
    "std_ms": 6.853736417500571,
    "p95_ms": 421.9991842499894,
    "mean_ms": 411.06441410001935
  }
}
