1/30: 546.69 ms, 16666 samples/RX
2/30: 537.92 ms, 16667 samples/RX
3/30: 569.51 ms, 16667 samples/RX
4/30: 552.24 ms, 16666 samples/RX
5/30: 540.00 ms, 16667 samples/RX
6/30: 547.93 ms, 16667 samples/RX
7/30: 542.62 ms, 16666 samples/RX
8/30: 554.43 ms, 16667 samples/RX
9/30: 545.25 ms, 16667 samples/RX
10/30: 553.20 ms, 16666 samples/RX
11/30: 561.23 ms, 16667 samples/RX
12/30: 553.03 ms, 16667 samples/RX
13/30: 555.53 ms, 16666 samples/RX
14/30: 563.54 ms, 16667 samples/RX
15/30: 543.64 ms, 16667 samples/RX
16/30: 546.09 ms, 16666 samples/RX
17/30: 547.29 ms, 16667 samples/RX
18/30: 552.59 ms, 16667 samples/RX
19/30: 553.42 ms, 16666 samples/RX
20/30: 545.32 ms, 16667 samples/RX
21/30: 553.16 ms, 16667 samples/RX
22/30: 545.35 ms, 16666 samples/RX
23/30: 550.88 ms, 16667 samples/RX
24/30: 551.53 ms, 16667 samples/RX
25/30: 565.01 ms, 16666 samples/RX
26/30: 564.84 ms, 16667 samples/RX
27/30: 549.24 ms, 16667 samples/RX
28/30: 552.92 ms, 16666 samples/RX
29/30: 560.98 ms, 16667 samples/RX
30/30: 557.76 ms, 16667 samples/RX
{
  "advance_ms": {
    "median_ms": 0.0012300000662435195,
    "std_ms": 0.0004131100332421481,
    "p95_ms": 0.0021269999706419176,
    "mean_ms": 0.001365666662422882
  },
  "source_ms": {
    "median_ms": 38.29963550015236,
    "std_ms": 0.40969904380597355,
    "p95_ms": 38.942267049958446,
    "mean_ms": 38.298335733331136
  },
  "channel_ms": {
    "median_ms": 29.94961499996407,
    "std_ms": 1.4141411271270021,
    "p95_ms": 33.84424204997458,
    "mean_ms": 30.527714199994687
  },
  "rendering_ms": {
    "median_ms": 395.2689019998843,
    "std_ms": 5.6998376227150525,
    "p95_ms": 407.26253049973593,
    "mean_ms": 396.6851941999721
  },
  "receiver_ms": {
    "median_ms": 9.631483500015747,
    "std_ms": 0.9561213345057703,
    "p95_ms": 11.18570309994311,
    "mean_ms": 9.626701199961948
  },
  "other_rf_ms": {
    "median_ms": 69.25756700002239,
    "std_ms": 3.6553590107734966,
    "p95_ms": 74.21412235015623,
    "mean_ms": 69.31524706673524
  },
  "delivery_storage_ms": {
    "median_ms": 7.54600000004757,
    "std_ms": 0.5874218604918594,
    "p95_ms": 8.636838450036066,
    "mean_ms": 7.646354299996953
  },
  "total_ms": {
    "median_ms": 552.4137035000649,
    "std_ms": 7.754038769896459,
    "p95_ms": 564.9369110498924,
    "mean_ms": 552.1045676999998
  }
}
