1/30: 556.84 ms, 16666 samples/RX
2/30: 555.92 ms, 16667 samples/RX
3/30: 578.91 ms, 16667 samples/RX
4/30: 548.01 ms, 16666 samples/RX
5/30: 552.46 ms, 16667 samples/RX
6/30: 544.42 ms, 16667 samples/RX
7/30: 555.30 ms, 16666 samples/RX
8/30: 546.75 ms, 16667 samples/RX
9/30: 549.39 ms, 16667 samples/RX
10/30: 545.83 ms, 16666 samples/RX
11/30: 543.22 ms, 16667 samples/RX
12/30: 558.64 ms, 16667 samples/RX
13/30: 544.95 ms, 16666 samples/RX
14/30: 554.46 ms, 16667 samples/RX
15/30: 556.70 ms, 16667 samples/RX
16/30: 560.39 ms, 16666 samples/RX
17/30: 563.49 ms, 16667 samples/RX
18/30: 549.39 ms, 16667 samples/RX
19/30: 558.30 ms, 16666 samples/RX
20/30: 547.26 ms, 16667 samples/RX
21/30: 553.70 ms, 16667 samples/RX
22/30: 545.41 ms, 16666 samples/RX
23/30: 547.52 ms, 16667 samples/RX
24/30: 548.65 ms, 16667 samples/RX
25/30: 552.12 ms, 16666 samples/RX
26/30: 551.66 ms, 16667 samples/RX
27/30: 562.14 ms, 16667 samples/RX
28/30: 555.75 ms, 16666 samples/RX
29/30: 550.48 ms, 16667 samples/RX
30/30: 555.97 ms, 16667 samples/RX
{
  "advance_ms": {
    "median_ms": 0.0015050000001792796,
    "std_ms": 0.0003766520634750324,
    "p95_ms": 0.0020985000105611107,
    "mean_ms": 0.0015743333278805949
  },
  "source_ms": {
    "median_ms": 37.84079950003161,
    "std_ms": 0.6418740201969003,
    "p95_ms": 39.10273354999845,
    "mean_ms": 38.058788933343145
  },
  "channel_ms": {
    "median_ms": 30.190926500040405,
    "std_ms": 1.152192839870161,
    "p95_ms": 33.011738099969534,
    "mean_ms": 30.627040999994886
  },
  "rendering_ms": {
    "median_ms": 399.7106660000327,
    "std_ms": 5.555397149637863,
    "p95_ms": 407.04897955006345,
    "mean_ms": 399.10169796671653
  },
  "receiver_ms": {
    "median_ms": 8.853767999994488,
    "std_ms": 0.8558600251797776,
    "p95_ms": 10.666140300202185,
    "mean_ms": 9.085310200074067
  },
  "other_rf_ms": {
    "median_ms": 69.00651449939232,
    "std_ms": 3.371058327188812,
    "p95_ms": 73.52233764947869,
    "mean_ms": 68.77242756652322
  },
  "delivery_storage_ms": {
    "median_ms": 7.429762500009929,
    "std_ms": 0.5907219035401673,
    "p95_ms": 8.625590450060372,
    "mean_ms": 7.483078033351376
  },
  "total_ms": {
    "median_ms": 552.2895144999893,
    "std_ms": 7.3443571591398795,
    "p95_ms": 562.8821044499432,
    "mean_ms": 553.1336570333602
  }
}
