1/30: 542.11 ms, 16666 samples/RX
2/30: 549.48 ms, 16667 samples/RX
3/30: 556.49 ms, 16667 samples/RX
4/30: 552.88 ms, 16666 samples/RX
5/30: 547.33 ms, 16667 samples/RX
6/30: 560.79 ms, 16667 samples/RX
7/30: 551.36 ms, 16666 samples/RX
8/30: 546.08 ms, 16667 samples/RX
9/30: 552.27 ms, 16667 samples/RX
10/30: 568.91 ms, 16666 samples/RX
11/30: 543.88 ms, 16667 samples/RX
12/30: 544.84 ms, 16667 samples/RX
13/30: 542.82 ms, 16666 samples/RX
14/30: 528.22 ms, 16667 samples/RX
15/30: 541.70 ms, 16667 samples/RX
16/30: 550.65 ms, 16666 samples/RX
17/30: 544.07 ms, 16667 samples/RX
18/30: 533.48 ms, 16667 samples/RX
19/30: 547.49 ms, 16666 samples/RX
20/30: 548.63 ms, 16667 samples/RX
21/30: 533.90 ms, 16667 samples/RX
22/30: 552.03 ms, 16666 samples/RX
23/30: 549.77 ms, 16667 samples/RX
24/30: 551.05 ms, 16667 samples/RX
25/30: 546.40 ms, 16666 samples/RX
26/30: 541.21 ms, 16667 samples/RX
27/30: 535.64 ms, 16667 samples/RX
28/30: 538.74 ms, 16666 samples/RX
29/30: 537.61 ms, 16667 samples/RX
30/30: 555.29 ms, 16667 samples/RX
{
  "advance_ms": {
    "median_ms": 0.001479999923503783,
    "std_ms": 0.000364508180163719,
    "p95_ms": 0.0021864999666831864,
    "mean_ms": 0.001615999978336428
  },
  "source_ms": {
    "median_ms": 37.77960249988155,
    "std_ms": 0.751215317575768,
    "p95_ms": 38.900825550024365,
    "mean_ms": 37.79314423331925
  },
  "channel_ms": {
    "median_ms": 30.40576900002634,
    "std_ms": 1.0923860514259307,
    "p95_ms": 32.629928549965825,
    "mean_ms": 30.74441216667007
  },
  "rendering_ms": {
    "median_ms": 392.90448349981943,
    "std_ms": 6.019578883226253,
    "p95_ms": 405.074158700063,
    "mean_ms": 393.7095663000794
  },
  "receiver_ms": {
    "median_ms": 8.619263499781482,
    "std_ms": 0.8306454501135149,
    "p95_ms": 10.07229014975337,
    "mean_ms": 8.693229799920724
  },
  "other_rf_ms": {
    "median_ms": 67.41281599988724,
    "std_ms": 4.6867575766590415,
    "p95_ms": 76.65551120004466,
    "mean_ms": 68.11358143333261
  },
  "delivery_storage_ms": {
    "median_ms": 7.388223500015556,
    "std_ms": 0.500044439067424,
    "p95_ms": 8.376915500059567,
    "mean_ms": 7.444941366672235
  },
  "total_ms": {
    "median_ms": 546.8665769999461,
    "std_ms": 8.498865968242642,
    "p95_ms": 558.8545874499459,
    "mean_ms": 546.504337633337
  }
}
