imports
2026-10-04 01:47:43.396696: E external/local_xla/xla/stream_executor/cuda/cuda_dnn.cc:9261] Unable to register cuDNN factory: Attempting to register factory for plugin cuDNN when one has already been registered
2026-10-04 01:47:43.396736: E external/local_xla/xla/stream_executor/cuda/cuda_fft.cc:607] Unable to register cuFFT factory: Attempting to register factory for plugin cuFFT when one has already been registered
2026-10-04 01:47:43.397581: E external/local_xla/xla/stream_executor/cuda/cuda_blas.cc:1515] Unable to register cuBLAS factory: Attempting to register factory for plugin cuBLAS when one has already been registered
scene_setup
created 10000/1000000
created 20000/1000000
created 30000/1000000
created 40000/1000000
created 50000/1000000
created 60000/1000000
created 70000/1000000
created 80000/1000000
created 90000/1000000
created 100000/1000000
created 110000/1000000
created 120000/1000000
created 130000/1000000
created 140000/1000000
created 150000/1000000
created 160000/1000000
created 170000/1000000
created 180000/1000000
created 190000/1000000
created 200000/1000000
created 210000/1000000
created 220000/1000000
created 230000/1000000
created 240000/1000000
created 250000/1000000
created 260000/1000000
created 270000/1000000
created 280000/1000000
created 290000/1000000
created 300000/1000000
created 310000/1000000
created 320000/1000000
created 330000/1000000
created 340000/1000000
created 350000/1000000
created 360000/1000000
created 370000/1000000
created 380000/1000000
created 390000/1000000
created 400000/1000000
created 410000/1000000
created 420000/1000000
created 430000/1000000
created 440000/1000000
created 450000/1000000
created 460000/1000000
created 470000/1000000
created 480000/1000000
created 490000/1000000
created 500000/1000000
created 510000/1000000
created 520000/1000000
created 530000/1000000
created 540000/1000000
created 550000/1000000
created 560000/1000000
created 570000/1000000
created 580000/1000000
created 590000/1000000
created 600000/1000000
created 610000/1000000
created 620000/1000000
created 630000/1000000
created 640000/1000000
created 650000/1000000
created 660000/1000000
created 670000/1000000
created 680000/1000000
created 690000/1000000
created 700000/1000000
created 710000/1000000
created 720000/1000000
created 730000/1000000
created 740000/1000000
created 750000/1000000
created 760000/1000000
created 770000/1000000
created 780000/1000000
created 790000/1000000
created 800000/1000000
created 810000/1000000
created 820000/1000000
created 830000/1000000
created 840000/1000000
created 850000/1000000
created 860000/1000000
created 870000/1000000
created 880000/1000000
created 890000/1000000
created 900000/1000000
created 910000/1000000
created 920000/1000000
created 930000/1000000
created 940000/1000000
created 950000/1000000
created 960000/1000000
created 970000/1000000
created 980000/1000000
created 990000/1000000
created 1000000/1000000
first_solve
