1/10: 1370.53 ms, 16666 samples/RX
2/10: 1381.53 ms, 16667 samples/RX
3/10: 1391.01 ms, 16667 samples/RX
4/10: 1399.70 ms, 16666 samples/RX
5/10: 1398.35 ms, 16667 samples/RX
6/10: 1396.36 ms, 16667 samples/RX
7/10: 1416.64 ms, 16666 samples/RX
8/10: 1400.82 ms, 16667 samples/RX
9/10: 1391.38 ms, 16667 samples/RX
10/10: 1425.76 ms, 16666 samples/RX
{
  "advance_ms": {
    "median_ms": 0.001314999963142327,
    "std_ms": 0.00024779917659039963,
    "p95_ms": 0.0018364999277764582,
    "mean_ms": 0.0014060000012250384
  },
  "source_ms": {
    "median_ms": 37.8978730000199,
    "std_ms": 0.5782602325998191,
    "p95_ms": 38.920145949964535,
    "mean_ms": 37.9643064999982
  },
  "channel_ms": {
    "median_ms": 851.5367190000234,
    "std_ms": 11.981163294680233,
    "p95_ms": 870.5769958999781,
    "mean_ms": 851.2826127000608
  },
  "rendering_ms": {
    "median_ms": 427.3397470001328,
    "std_ms": 6.385656910816182,
    "p95_ms": 434.70175649920293,
    "mean_ms": 426.06241149997004
  },
  "receiver_ms": {
    "median_ms": 8.486523500550902,
    "std_ms": 0.7267959374418568,
    "p95_ms": 9.571925900513632,
    "mean_ms": 8.500117000403407
  },
  "other_rf_ms": {
    "median_ms": 66.02858300016123,
    "std_ms": 2.7746359852017197,
    "p95_ms": 69.88762659857457,
    "mean_ms": 66.17070879947278
  },
  "delivery_storage_ms": {
    "median_ms": 7.060942999942199,
    "std_ms": 0.3256229223569567,
    "p95_ms": 7.751197999959913,
    "mean_ms": 7.222853799930817
  },
  "total_ms": {
    "median_ms": 1397.3516780001773,
    "std_ms": 15.787559552846426,
    "p95_ms": 1421.65247490002,
    "mean_ms": 1397.207806300048
  }
}
