1/10: 685.45 ms, 16666 samples/RX
2/10: 694.14 ms, 16667 samples/RX
3/10: 698.68 ms, 16667 samples/RX
4/10: 699.72 ms, 16666 samples/RX
5/10: 689.63 ms, 16667 samples/RX
6/10: 699.91 ms, 16667 samples/RX
7/10: 693.91 ms, 16666 samples/RX
8/10: 700.89 ms, 16667 samples/RX
9/10: 703.74 ms, 16667 samples/RX
10/10: 706.20 ms, 16666 samples/RX
{
  "advance_ms": {
    "median_ms": 0.0013049998415226582,
    "std_ms": 0.0008116212298055811,
    "p95_ms": 0.003094000135206441,
    "mean_ms": 0.0016479999885632424
  },
  "source_ms": {
    "median_ms": 37.96344449983735,
    "std_ms": 0.4971064429301255,
    "p95_ms": 38.47495900004105,
    "mean_ms": 37.86573600000338
  },
  "channel_ms": {
    "median_ms": 155.6338405000588,
    "std_ms": 2.6671988274697487,
    "p95_ms": 160.15485760003685,
    "mean_ms": 156.06066320001446
  },
  "rendering_ms": {
    "median_ms": 422.8623644999061,
    "std_ms": 4.247377799203203,
    "p95_ms": 427.6912490498262,
    "mean_ms": 422.6677375000236
  },
  "receiver_ms": {
    "median_ms": 8.526993500936442,
    "std_ms": 0.828311632037356,
    "p95_ms": 9.989059800864196,
    "mean_ms": 8.774531600238333
  },
  "other_rf_ms": {
    "median_ms": 64.78302099867506,
    "std_ms": 2.2842494625212346,
    "p95_ms": 67.67081590046473,
    "mean_ms": 64.37305629970069
  },
  "delivery_storage_ms": {
    "median_ms": 7.327080499862859,
    "std_ms": 0.40263445279167026,
    "p95_ms": 8.100082900205052,
    "mean_ms": 7.481039200047235
  },
  "total_ms": {
    "median_ms": 699.2004665003151,
    "std_ms": 6.402183893811406,
    "p95_ms": 705.0951245499164,
    "mean_ms": 697.228143700022
  }
}
