1/10: 562.01 ms, 16666 samples/RX
2/10: 547.79 ms, 16667 samples/RX
3/10: 577.64 ms, 16667 samples/RX
4/10: 558.98 ms, 16666 samples/RX
5/10: 564.64 ms, 16667 samples/RX
6/10: 564.58 ms, 16667 samples/RX
7/10: 560.59 ms, 16666 samples/RX
8/10: 554.28 ms, 16667 samples/RX
9/10: 560.22 ms, 16667 samples/RX
10/10: 560.19 ms, 16666 samples/RX
{
  "advance_ms": {
    "median_ms": 0.0013750000107393134,
    "std_ms": 0.0003522688079415098,
    "p95_ms": 0.0020010000071124523,
    "mean_ms": 0.0014939999800844816
  },
  "source_ms": {
    "median_ms": 37.71864850000384,
    "std_ms": 0.5438502167186307,
    "p95_ms": 38.60563344999264,
    "mean_ms": 37.84603580011208
  },
  "channel_ms": {
    "median_ms": 46.93388449982194,
    "std_ms": 1.333124989050435,
    "p95_ms": 49.15141829997083,
    "mean_ms": 47.42666319993987
  },
  "rendering_ms": {
    "median_ms": 394.6017130003838,
    "std_ms": 6.084759212154456,
    "p95_ms": 404.95670660034193,
    "mean_ms": 395.34672019990467
  },
  "receiver_ms": {
    "median_ms": 8.453396500271992,
    "std_ms": 0.7783437469164647,
    "p95_ms": 9.708248900255965,
    "mean_ms": 8.554407700057709
  },
  "other_rf_ms": {
    "median_ms": 64.5338410010936,
    "std_ms": 3.311722516931041,
    "p95_ms": 68.39454404978369,
    "mean_ms": 64.6418498001367
  },
  "delivery_storage_ms": {
    "median_ms": 7.207588000255782,
    "std_ms": 0.36761189953125084,
    "p95_ms": 7.833774000050653,
    "mean_ms": 7.271617100013827
  },
  "total_ms": {
    "median_ms": 560.4063974999463,
    "std_ms": 7.667724864435362,
    "p95_ms": 571.7905991998123,
    "mean_ms": 561.0920136999539
  }
}
