1/10: 548.36 ms, 16666 samples/RX
2/10: 564.75 ms, 16667 samples/RX
3/10: 577.02 ms, 16667 samples/RX
4/10: 556.96 ms, 16666 samples/RX
5/10: 562.15 ms, 16667 samples/RX
6/10: 560.05 ms, 16667 samples/RX
7/10: 554.88 ms, 16666 samples/RX
8/10: 562.38 ms, 16667 samples/RX
9/10: 571.92 ms, 16667 samples/RX
10/10: 563.75 ms, 16666 samples/RX
{
  "advance_ms": {
    "median_ms": 0.0012549999155453406,
    "std_ms": 0.0004900159290406835,
    "p95_ms": 0.002338500075893535,
    "mean_ms": 0.0014559999726770911
  },
  "source_ms": {
    "median_ms": 37.56120199977886,
    "std_ms": 0.5418592400250961,
    "p95_ms": 38.23780729971986,
    "mean_ms": 37.55217009984335
  },
  "channel_ms": {
    "median_ms": 47.92139899996073,
    "std_ms": 1.4504455303655084,
    "p95_ms": 50.37670585002161,
    "mean_ms": 48.32738019995304
  },
  "rendering_ms": {
    "median_ms": 395.3744469999947,
    "std_ms": 8.269468357284254,
    "p95_ms": 408.90313979984967,
    "mean_ms": 396.1007267998866
  },
  "receiver_ms": {
    "median_ms": 7.980793000342601,
    "std_ms": 0.9283039938477552,
    "p95_ms": 9.791135500222481,
    "mean_ms": 8.33548730010989
  },
  "other_rf_ms": {
    "median_ms": 63.81494600032056,
    "std_ms": 4.0155892256882835,
    "p95_ms": 69.74167765017683,
    "mean_ms": 64.50523680005062
  },
  "delivery_storage_ms": {
    "median_ms": 7.122300999981235,
    "std_ms": 0.7762380057469296,
    "p95_ms": 8.820569399790656,
    "mean_ms": 7.39710679995369
  },
  "total_ms": {
    "median_ms": 562.2693259999778,
    "std_ms": 8.16766737254322,
    "p95_ms": 574.7253544001069,
    "mean_ms": 562.2231159000421
  }
}
