..Fatal Python error: Aborted

Current thread 0x000074a5c122b640 (most recent call first):
  File "/opt/airsim-rf/.deps/sionna-rt/src/sionna/rt/path_solvers/paths.py", line 124 in __init__
  File "/opt/airsim-rf/.deps/sionna-rt/src/sionna/rt/path_solvers/path_solver.py", line 314 in __call__
  File "/work/repo/src/airsim_rf/scattering.py", line 269 in __call__
  File "/work/repo/tests/test_scattering.py", line 46 in test_both_antenna_patterns_change_surface_coverage
  File "/opt/airsim-rf/.venv/lib/python3.12/site-packages/_pytest/python.py", line 167 in pytest_pyfunc_call
  File "/opt/airsim-rf/.venv/lib/python3.12/site-packages/pluggy/_callers.py", line 121 in _multicall
  File "/opt/airsim-rf/.venv/lib/python3.12/site-packages/pluggy/_manager.py", line 120 in _hookexec
  File "/opt/airsim-rf/.venv/lib/python3.12/site-packages/pluggy/_hooks.py", line 512 in __call__
  File "/opt/airsim-rf/.venv/lib/python3.12/site-packages/_pytest/python.py", line 1707 in runtest
  File "/opt/airsim-rf/.venv/lib/python3.12/site-packages/_pytest/runner.py", line 184 in pytest_runtest_call
  File "/opt/airsim-rf/.venv/lib/python3.12/site-packages/pluggy/_callers.py", line 121 in _multicall
  File "/opt/airsim-rf/.venv/lib/python3.12/site-packages/pluggy/_manager.py", line 120 in _hookexec
  File "/opt/airsim-rf/.venv/lib/python3.12/site-packages/pluggy/_hooks.py", line 512 in __call__
  File "/opt/airsim-rf/.venv/lib/python3.12/site-packages/_pytest/runner.py", line 250 in <lambda>
  File "/opt/airsim-rf/.venv/lib/python3.12/site-packages/_pytest/runner.py", line 361 in from_call
  File "/opt/airsim-rf/.venv/lib/python3.12/site-packages/_pytest/runner.py", line 249 in call_and_report
  File "/opt/airsim-rf/.venv/lib/python3.12/site-packages/_pytest/runner.py", line 139 in runtestprotocol
  File "/opt/airsim-rf/.venv/lib/python3.12/site-packages/_pytest/runner.py", line 118 in pytest_runtest_protocol
  File "/opt/airsim-rf/.venv/lib/python3.12/site-packages/pluggy/_callers.py", line 121 in _multicall
  File "/opt/airsim-rf/.venv/lib/python3.12/site-packages/pluggy/_manager.py", line 120 in _hookexec
  File "/opt/airsim-rf/.venv/lib/python3.12/site-packages/pluggy/_hooks.py", line 512 in __call__
  File "/opt/airsim-rf/.venv/lib/python3.12/site-packages/_pytest/main.py", line 408 in pytest_runtestloop
  File "/opt/airsim-rf/.venv/lib/python3.12/site-packages/pluggy/_callers.py", line 121 in _multicall
  File "/opt/airsim-rf/.venv/lib/python3.12/site-packages/pluggy/_manager.py", line 120 in _hookexec
  File "/opt/airsim-rf/.venv/lib/python3.12/site-packages/pluggy/_hooks.py", line 512 in __call__
  File "/opt/airsim-rf/.venv/lib/python3.12/site-packages/_pytest/main.py", line 384 in _main
  File "/opt/airsim-rf/.venv/lib/python3.12/site-packages/_pytest/main.py", line 330 in wrap_session
  File "/opt/airsim-rf/.venv/lib/python3.12/site-packages/_pytest/main.py", line 377 in pytest_cmdline_main
  File "/opt/airsim-rf/.venv/lib/python3.12/site-packages/pluggy/_callers.py", line 121 in _multicall
  File "/opt/airsim-rf/.venv/lib/python3.12/site-packages/pluggy/_manager.py", line 120 in _hookexec
  File "/opt/airsim-rf/.venv/lib/python3.12/site-packages/pluggy/_hooks.py", line 512 in __call__
  File "/opt/airsim-rf/.venv/lib/python3.12/site-packages/_pytest/config/__init__.py", line 229 in _main
  File "/opt/airsim-rf/.venv/lib/python3.12/site-packages/_pytest/config/__init__.py", line 201 in main
  File "<string>", line 1 in <module>

Extension modules: numpy._core._multiarray_umath, numpy.linalg._umath_linalg, numpy.random._common, numpy.random.bit_generator, numpy.random._bounded_integers, numpy.random._pcg64, numpy.random._generator, numpy.random._mt19937, numpy.random._philox, numpy.random._sfc64, numpy.random.mtrand, _cyutility, scipy._cyutility, scipy._lib._ccallback_c, charset_normalizer.md, charset_normalizer.cd, scipy.signal._sigtools, scipy.linalg._fblas, scipy.linalg._flapack, scipy.linalg._batched_linalg, scipy.linalg._cythonized_array_utils, scipy.linalg._solve_toeplitz, scipy.linalg._internal_matfuncs, scipy.linalg._linalg_pythran, scipy.linalg.cython_blas, scipy.linalg.cython_lapack, scipy.linalg._decomp_update, scipy.special._ufuncs_cxx, scipy.special._ellip_harm_2, scipy.special._special_ufuncs, scipy.special._gufuncs, scipy.special._ufuncs, scipy.special._specfun, scipy.special._comb, scipy._lib._uarray._uarray, scipy.signal._max_len_seq_inner, scipy.signal._upfirdn_apply, scipy.signal._spline, scipy.sparse._sparsetools, _csparsetools, scipy.sparse._csparsetools, scipy.spatial._ckdtree, scipy.spatial._hausdorff, scipy.spatial._distance_wrap, scipy._lib.messagestream, scipy.spatial._qhull, scipy.spatial._voronoi, scipy.spatial.transform._rotation_cy, scipy.spatial.transform._rigid_transform_cy, scipy.interpolate._fitpack, scipy.sparse.linalg._dsolve._superlu, scipy.sparse.linalg._eigen.arpack._arpacklib, scipy.sparse.linalg._propack, scipy.optimize._group_columns, scipy.optimize._trlib._trlib, scipy.optimize._lbfgsb, _moduleTNC, scipy.optimize._moduleTNC, scipy.optimize._slsqplib, scipy.optimize._minpack, scipy.optimize._lsq.givens_elimination, scipy.optimize._zeros, scipy.linalg._decomp_interpolative, scipy.optimize._bglu_dense, scipy.optimize._lsap, scipy.optimize._direct, scipy.interpolate._dierckx, scipy.interpolate._ppoly, scipy.interpolate._interpnd, scipy.interpolate._rbfinterp_pythran, scipy.interpolate._rgi_cython, scipy.ndimage._nd_image, scipy.ndimage._rank_filter_1d, _ni_label, scipy.ndimage._ni_label, scipy.signal._sosfilt, scipy.integrate._odepack, scipy.integrate._quadpack, scipy.integrate._vode, scipy.integrate._dop, scipy.special.cython_special, scipy.stats._stats, scipy.stats._biasedurn, scipy.stats._levy_stable.levyst, scipy.stats._stats_pythran, scipy.stats._ansari_swilk_statistics, scipy.sparse.csgraph._tools, scipy.sparse.csgraph._shortest_path, scipy.sparse.csgraph._traversal, scipy.sparse.csgraph._min_spanning_tree, scipy.sparse.csgraph._flow, scipy.sparse.csgraph._matching, scipy.sparse.csgraph._reordering, scipy.stats._sobol, scipy.stats._qmc_cy, scipy.stats._rcont.rcont, scipy.stats._qmvnt_cy, scipy.signal._peak_finding_utils, PIL._imaging, kiwisolver._cext (total: 100)
