1/2: 63.26 ms, 16667 samples/RX
2/2: 63.68 ms, 16667 samples/RX
{
  "advance_ms": {
    "median_ms": 0.0011599998970268643,
    "std_ms": 8.485272027722164e-05,
    "p95_ms": 0.0012139998375459982,
    "mean_ms": 0.0011599998970268643
  },
  "source_ms": {
    "median_ms": 0.8010340001192162,
    "std_ms": 0.008167083290026411,
    "p95_ms": 0.8062315000984199,
    "mean_ms": 0.8010340001192162
  },
  "channel_ms": {
    "median_ms": 46.140310500049964,
    "std_ms": 0.6955576062197624,
    "p95_ms": 46.58296065010745,
    "mean_ms": 46.140310500049964
  },
  "rendering_ms": {
    "median_ms": 11.92837700000382,
    "std_ms": 0.2922444041000938,
    "p95_ms": 12.114360199916518,
    "mean_ms": 11.92837700000382
  },
  "receiver_ms": {
    "median_ms": 1.4349155001127656,
    "std_ms": 0.021827679268437816,
    "p95_ms": 1.4488065501382152,
    "mean_ms": 1.4349155001127656
  },
  "other_rf_ms": {
    "median_ms": 1.3691559997823788,
    "std_ms": 0.06401296291922182,
    "p95_ms": 1.409893599930001,
    "mean_ms": 1.3691559997823788
  },
  "delivery_storage_ms": {
    "median_ms": 1.7929260000073555,
    "std_ms": 0.07746920478733224,
    "p95_ms": 1.8422271000417823,
    "mean_ms": 1.7929260000073555
  },
  "total_ms": {
    "median_ms": 63.47002899997278,
    "std_ms": 0.29191064969185593,
    "p95_ms": 63.6557997998807,
    "mean_ms": 63.47002899997278
  }
}
