jit_find_library(): Unable to load "/tmp/disabled-drjit-cuda.so": /tmp/disabled-drjit-cuda.so: cannot open shared object file: No such file or directory!
{
  "backend": "cuda",
  "summary": {
    "p50_ms": 5.675543000506877,
    "p95_ms": 6.0530412997650265,
    "p99_ms": 6.273305970344154,
    "max_ms": 6.3249860004361835,
    "mean_ms": 5.722768800084547
  },
  "captures_per_second": 174.7405906010437,
  "misses_120hz": 0,
  "accuracy": {
    "passed": true,
    "full_all_jobs_cpu_basis_normalized_rms": 2.048204439249755e-12,
    "direct_checks": [
      {
        "receiver": 0,
        "start_sample": 0,
        "samples": 128,
        "paths_checked": 4112,
        "normalized_rms_error": 2.463926857508746e-13,
        "max_absolute_error": 1.4413522050598361e-12
      },
      {
        "receiver": 0,
        "start_sample": 16539,
        "samples": 128,
        "paths_checked": 4112,
        "normalized_rms_error": 3.7816979302526655e-12,
        "max_absolute_error": 2.4558447984667835e-11
      },
      {
        "receiver": 0,
        "transmitter": 0,
        "samples": 16667,
        "paths_checked": 1028,
        "normalized_rms_error": 7.895047244220919e-13,
        "max_absolute_error": 8.38463108958565e-12
      },
      {
        "receiver": 0,
        "transmitter": 3,
        "samples": 16667,
        "paths_checked": 1028,
        "normalized_rms_error": 8.052869223940481e-13,
        "max_absolute_error": 8.708101419346846e-12
      }
    ]
  }
}
