jit_find_library(): Unable to load "/tmp/disabled-drjit-cuda.so": /tmp/disabled-drjit-cuda.so: cannot open shared object file: No such file or directory!
{
  "backend": "cpu",
  "summary": {
    "p50_ms": 1610.0937869996415,
    "p95_ms": 1700.3639740001745,
    "p99_ms": 1723.7037282307392,
    "max_ms": 1732.1904080008608,
    "mean_ms": 1617.1517011000105
  },
  "captures_per_second": 0.618371176507303,
  "misses_120hz": 30,
  "accuracy": {
    "passed": true,
    "full_all_jobs_cpu_basis_normalized_rms": 0.0,
    "direct_checks": [
      {
        "receiver": 0,
        "start_sample": 0,
        "samples": 128,
        "paths_checked": 102800,
        "normalized_rms_error": 1.3746659442412099e-12,
        "max_absolute_error": 6.048201426112967e-11
      },
      {
        "receiver": 0,
        "start_sample": 16539,
        "samples": 128,
        "paths_checked": 102800,
        "normalized_rms_error": 1.218393738642772e-11,
        "max_absolute_error": 4.3333389595203393e-10
      },
      {
        "receiver": 0,
        "transmitter": 0,
        "samples": 16667,
        "paths_checked": 1028,
        "normalized_rms_error": 2.0655539029710507e-12,
        "max_absolute_error": 3.7969996608532055e-11
      },
      {
        "receiver": 0,
        "transmitter": 99,
        "samples": 16667,
        "paths_checked": 1028,
        "normalized_rms_error": 2.2762706620582035e-12,
        "max_absolute_error": 6.334778452386164e-11
      }
    ]
  }
}
