jit_find_library(): Unable to load "/tmp/disabled-drjit-cuda.so": /tmp/disabled-drjit-cuda.so: cannot open shared object file: No such file or directory!
{
  "backend": "cuda",
  "summary": {
    "p50_ms": 5.507901500550361,
    "p95_ms": 6.1391795000417915,
    "p99_ms": 6.191882279808851,
    "max_ms": 6.209127999682096,
    "mean_ms": 5.573265300154162
  },
  "captures_per_second": 179.42802758238318,
  "misses_120hz": 0,
  "accuracy": {
    "passed": true,
    "full_all_jobs_cpu_basis_normalized_rms": 1.9016894362213757e-12,
    "direct_checks": [
      {
        "receiver": 0,
        "start_sample": 0,
        "samples": 128,
        "paths_checked": 1028,
        "normalized_rms_error": 1.9465101447414737e-13,
        "max_absolute_error": 6.18275616806777e-13
      },
      {
        "receiver": 0,
        "start_sample": 16539,
        "samples": 128,
        "paths_checked": 1028,
        "normalized_rms_error": 3.400687952671477e-12,
        "max_absolute_error": 9.760708250514221e-12
      },
      {
        "receiver": 0,
        "transmitter": 0,
        "samples": 16667,
        "paths_checked": 1028,
        "normalized_rms_error": 7.895047130915064e-13,
        "max_absolute_error": 8.38463108958565e-12
      }
    ]
  }
}
