jit_find_library(): Unable to load "/tmp/disabled-drjit-cuda.so": /tmp/disabled-drjit-cuda.so: cannot open shared object file: No such file or directory!
{
  "backend": "cpu",
  "summary": {
    "p50_ms": 78.49480650020269,
    "p95_ms": 84.6244337499229,
    "p99_ms": 84.92636115979622,
    "max_ms": 85.00712499971996,
    "mean_ms": 78.74154970001352
  },
  "captures_per_second": 12.69977545285508,
  "misses_120hz": 30,
  "accuracy": {
    "passed": true,
    "full_all_jobs_cpu_basis_normalized_rms": 0.0,
    "direct_checks": [
      {
        "receiver": 0,
        "start_sample": 0,
        "samples": 128,
        "paths_checked": 4112,
        "normalized_rms_error": 1.7081081402977642e-12,
        "max_absolute_error": 1.2035660901337322e-11
      },
      {
        "receiver": 0,
        "start_sample": 16539,
        "samples": 128,
        "paths_checked": 4112,
        "normalized_rms_error": 1.2050912605139105e-11,
        "max_absolute_error": 8.56025660779643e-11
      },
      {
        "receiver": 0,
        "transmitter": 0,
        "samples": 16667,
        "paths_checked": 1028,
        "normalized_rms_error": 2.0655539846461357e-12,
        "max_absolute_error": 3.7969996608532055e-11
      },
      {
        "receiver": 0,
        "transmitter": 3,
        "samples": 16667,
        "paths_checked": 1028,
        "normalized_rms_error": 2.1945966541526143e-12,
        "max_absolute_error": 6.841895029520963e-11
      }
    ]
  }
}
