jit_find_library(): Unable to load "/tmp/disabled-drjit-cuda.so": /tmp/disabled-drjit-cuda.so: cannot open shared object file: No such file or directory!
{
  "backend": "cuda",
  "summary": {
    "p50_ms": 56.16661549993296,
    "p95_ms": 59.64546115028497,
    "p99_ms": 59.87978778003708,
    "max_ms": 59.90922799992404,
    "mean_ms": 56.67083036666251
  },
  "captures_per_second": 17.64576226481879,
  "misses_120hz": 30,
  "accuracy": {
    "passed": true,
    "full_all_jobs_cpu_basis_normalized_rms": 1.975426575192186e-12,
    "direct_checks": [
      {
        "receiver": 0,
        "start_sample": 0,
        "samples": 128,
        "paths_checked": 102800,
        "normalized_rms_error": 2.0768573437423975e-13,
        "max_absolute_error": 7.115007484238302e-12
      },
      {
        "receiver": 0,
        "start_sample": 16539,
        "samples": 128,
        "paths_checked": 102800,
        "normalized_rms_error": 4.411039216570865e-12,
        "max_absolute_error": 1.3771867454884376e-10
      },
      {
        "receiver": 0,
        "transmitter": 0,
        "samples": 16667,
        "paths_checked": 1028,
        "normalized_rms_error": 7.895050330640707e-13,
        "max_absolute_error": 8.38463108958565e-12
      },
      {
        "receiver": 0,
        "transmitter": 99,
        "samples": 16667,
        "paths_checked": 1028,
        "normalized_rms_error": 7.770111923945078e-13,
        "max_absolute_error": 9.551725949971304e-12
      }
    ]
  }
}
