jit_find_library(): Unable to load "/tmp/disabled-drjit-cuda.so": /tmp/disabled-drjit-cuda.so: cannot open shared object file: No such file or directory!
{
  "backend": "cuda",
  "summary": {
    "p50_ms": 5.510107500072081,
    "p95_ms": 5.958037500067803,
    "p99_ms": 6.166981769938502,
    "max_ms": 6.244088999892483,
    "mean_ms": 5.561986200010931
  },
  "captures_per_second": 179.79188801260148,
  "misses_120hz": 0,
  "accuracy": {
    "passed": true,
    "full_all_jobs_cpu_basis_normalized_rms": 1.9016894362213757e-12,
    "direct_checks": [
      {
        "receiver": 0,
        "start_sample": 0,
        "samples": 128,
        "paths_checked": 1028,
        "normalized_rms_error": 1.9463115236491425e-13,
        "max_absolute_error": 6.18625833264648e-13
      },
      {
        "receiver": 0,
        "start_sample": 16539,
        "samples": 128,
        "paths_checked": 1028,
        "normalized_rms_error": 3.400689260198243e-12,
        "max_absolute_error": 9.760578643815675e-12
      },
      {
        "receiver": 0,
        "transmitter": 0,
        "samples": 16667,
        "paths_checked": 1028,
        "normalized_rms_error": 7.895045056942292e-13,
        "max_absolute_error": 8.38463108958565e-12
      }
    ]
  }
}
