jit_find_library(): Unable to load "/tmp/disabled-drjit-cuda.so": /tmp/disabled-drjit-cuda.so: cannot open shared object file: No such file or directory!
{
  "backend": "cuda",
  "summary": {
    "p50_ms": 122.67149100000552,
    "p95_ms": 124.46125525002572,
    "p99_ms": 125.18640647999064,
    "max_ms": 125.43133700000908,
    "mean_ms": 123.05037633335208
  },
  "captures_per_second": 8.126752877950816,
  "misses_120hz": 30,
  "accuracy": {
    "passed": true,
    "full_all_jobs_cpu_basis_normalized_rms": 1.975427083067607e-12,
    "direct_checks": [
      {
        "receiver": 0,
        "start_sample": 0,
        "samples": 128,
        "paths_checked": 102800,
        "normalized_rms_error": 2.0766152997610805e-13,
        "max_absolute_error": 7.118300237380277e-12
      },
      {
        "receiver": 0,
        "start_sample": 16539,
        "samples": 128,
        "paths_checked": 102800,
        "normalized_rms_error": 4.413023290472663e-12,
        "max_absolute_error": 1.3774839668755138e-10
      },
      {
        "receiver": 0,
        "transmitter": 0,
        "samples": 16667,
        "paths_checked": 1028,
        "normalized_rms_error": 7.895056596573976e-13,
        "max_absolute_error": 8.38463108958565e-12
      },
      {
        "receiver": 0,
        "transmitter": 99,
        "samples": 16667,
        "paths_checked": 1028,
        "normalized_rms_error": 7.770124788857319e-13,
        "max_absolute_error": 9.551725949971304e-12
      }
    ]
  }
}
