jit_find_library(): Unable to load "/tmp/disabled-drjit-cuda.so": /tmp/disabled-drjit-cuda.so: cannot open shared object file: No such file or directory!
{
  "backend": "cpu",
  "summary": {
    "p50_ms": 75.14010149998285,
    "p95_ms": 81.47594955005388,
    "p99_ms": 82.49024533001148,
    "max_ms": 82.63884799998777,
    "mean_ms": 76.24037563333938
  },
  "captures_per_second": 13.11640966735619,
  "misses_120hz": 30,
  "accuracy": {
    "passed": true,
    "full_all_jobs_cpu_basis_normalized_rms": 0.0,
    "direct_checks": [
      {
        "receiver": 0,
        "start_sample": 0,
        "samples": 128,
        "paths_checked": 4112,
        "normalized_rms_error": 1.7081499690457144e-12,
        "max_absolute_error": 1.2035011121117409e-11
      },
      {
        "receiver": 0,
        "start_sample": 16539,
        "samples": 128,
        "paths_checked": 4112,
        "normalized_rms_error": 1.2050199984452532e-11,
        "max_absolute_error": 8.558966532206147e-11
      },
      {
        "receiver": 0,
        "transmitter": 0,
        "samples": 16667,
        "paths_checked": 1028,
        "normalized_rms_error": 2.0655543745078266e-12,
        "max_absolute_error": 3.7969996608532055e-11
      },
      {
        "receiver": 0,
        "transmitter": 3,
        "samples": 16667,
        "paths_checked": 1028,
        "normalized_rms_error": 2.1945977734236158e-12,
        "max_absolute_error": 6.841940578833789e-11
      }
    ]
  }
}
