jit_find_library(): Unable to load "/tmp/disabled-drjit-cuda.so": /tmp/disabled-drjit-cuda.so: cannot open shared object file: No such file or directory!
{
  "backend": "cuda",
  "summary": {
    "p50_ms": 6.157419500027572,
    "p95_ms": 6.852378950054572,
    "p99_ms": 6.94768558013493,
    "max_ms": 6.973698000138029,
    "mean_ms": 6.217135833359559
  },
  "captures_per_second": 160.8457699499271,
  "misses_120hz": 0,
  "accuracy": {
    "passed": true,
    "full_all_jobs_cpu_basis_normalized_rms": 2.048204439249755e-12,
    "direct_checks": [
      {
        "receiver": 0,
        "start_sample": 0,
        "samples": 128,
        "paths_checked": 4112,
        "normalized_rms_error": 2.4641086567571884e-13,
        "max_absolute_error": 1.4409064878474065e-12
      },
      {
        "receiver": 0,
        "start_sample": 16539,
        "samples": 128,
        "paths_checked": 4112,
        "normalized_rms_error": 3.784412742203197e-12,
        "max_absolute_error": 2.4597588276526186e-11
      },
      {
        "receiver": 0,
        "transmitter": 0,
        "samples": 16667,
        "paths_checked": 1028,
        "normalized_rms_error": 7.895056700768115e-13,
        "max_absolute_error": 8.384618576384108e-12
      },
      {
        "receiver": 0,
        "transmitter": 3,
        "samples": 16667,
        "paths_checked": 1028,
        "normalized_rms_error": 8.052865393239489e-13,
        "max_absolute_error": 8.708134923172779e-12
      }
    ]
  }
}
