jit_find_library(): Unable to load "/tmp/disabled-drjit-cuda.so": /tmp/disabled-drjit-cuda.so: cannot open shared object file: No such file or directory!
{
  "backend": "cuda",
  "summary": {
    "p50_ms": 57.7243599996109,
    "p95_ms": 60.47875550002573,
    "p99_ms": 61.08124069973201,
    "max_ms": 61.23186199965858,
    "mean_ms": 57.20592259995101
  },
  "captures_per_second": 17.480707495850375,
  "misses_120hz": 10,
  "accuracy": {
    "passed": true,
    "full_all_jobs_cpu_basis_normalized_rms": 1.9335397206171226e-12,
    "direct_checks": [
      {
        "receiver": 0,
        "start_sample": 0,
        "samples": 128,
        "paths_checked": 102800,
        "normalized_rms_error": 2.1815634635524592e-13,
        "max_absolute_error": 9.749125298726977e-12
      },
      {
        "receiver": 0,
        "start_sample": 16539,
        "samples": 128,
        "paths_checked": 102800,
        "normalized_rms_error": 4.1747678623350865e-12,
        "max_absolute_error": 1.3978664043705702e-10
      },
      {
        "receiver": 0,
        "transmitter": 0,
        "samples": 16667,
        "paths_checked": 1028,
        "normalized_rms_error": 7.893357230921278e-13,
        "max_absolute_error": 9.000453499139402e-12
      },
      {
        "receiver": 0,
        "transmitter": 99,
        "samples": 16667,
        "paths_checked": 1028,
        "normalized_rms_error": 7.749228236957472e-13,
        "max_absolute_error": 9.788119784993544e-12
      }
    ]
  }
}
