jit_find_library(): Unable to load "/tmp/disabled-drjit-cuda.so": /tmp/disabled-drjit-cuda.so: cannot open shared object file: No such file or directory!
{
  "backend": "cuda",
  "summary": {
    "p50_ms": 59.49646750013926,
    "p95_ms": 61.794962749945626,
    "p99_ms": 62.31988054961221,
    "max_ms": 62.45110999952885,
    "mean_ms": 59.00349070016091
  },
  "captures_per_second": 16.948149815096837,
  "misses_120hz": 10,
  "accuracy": {
    "passed": true,
    "full_all_jobs_cpu_basis_normalized_rms": 1.9335410014628096e-12,
    "direct_checks": [
      {
        "receiver": 0,
        "start_sample": 0,
        "samples": 128,
        "paths_checked": 102800,
        "normalized_rms_error": 2.1821471804273133e-13,
        "max_absolute_error": 9.750658163509933e-12
      },
      {
        "receiver": 0,
        "start_sample": 16539,
        "samples": 128,
        "paths_checked": 102800,
        "normalized_rms_error": 4.174727462200999e-12,
        "max_absolute_error": 1.3978606661169754e-10
      },
      {
        "receiver": 0,
        "transmitter": 0,
        "samples": 16667,
        "paths_checked": 1028,
        "normalized_rms_error": 7.893313710290055e-13,
        "max_absolute_error": 9.001266775354626e-12
      },
      {
        "receiver": 0,
        "transmitter": 99,
        "samples": 16667,
        "paths_checked": 1028,
        "normalized_rms_error": 7.74929622689151e-13,
        "max_absolute_error": 9.78857727269272e-12
      }
    ]
  }
}
