jit_find_library(): Unable to load "/tmp/disabled-drjit-cuda.so": /tmp/disabled-drjit-cuda.so: cannot open shared object file: No such file or directory!
{
  "backend": "cuda",
  "summary": {
    "p50_ms": 56.48881849992904,
    "p95_ms": 58.91006090018891,
    "p99_ms": 59.52568898005666,
    "max_ms": 59.679596000023594,
    "mean_ms": 56.298271600007865
  },
  "captures_per_second": 17.762534649462673,
  "misses_120hz": 10,
  "accuracy": {
    "passed": true,
    "full_all_jobs_cpu_basis_normalized_rms": 1.9335381681221645e-12,
    "direct_checks": [
      {
        "receiver": 0,
        "start_sample": 0,
        "samples": 128,
        "paths_checked": 102800,
        "normalized_rms_error": 2.1820371663374458e-13,
        "max_absolute_error": 9.75205736745105e-12
      },
      {
        "receiver": 0,
        "start_sample": 16539,
        "samples": 128,
        "paths_checked": 102800,
        "normalized_rms_error": 4.174741252004754e-12,
        "max_absolute_error": 1.397946065140899e-10
      },
      {
        "receiver": 0,
        "transmitter": 0,
        "samples": 16667,
        "paths_checked": 1028,
        "normalized_rms_error": 7.893315142447587e-13,
        "max_absolute_error": 9.001266775354626e-12
      },
      {
        "receiver": 0,
        "transmitter": 99,
        "samples": 16667,
        "paths_checked": 1028,
        "normalized_rms_error": 7.749307751795443e-13,
        "max_absolute_error": 9.78857727269272e-12
      }
    ]
  }
}
