jit_find_library(): Unable to load "/tmp/disabled-drjit-cuda.so": /tmp/disabled-drjit-cuda.so: cannot open shared object file: No such file or directory!
{
  "backend": "cuda",
  "summary": {
    "p50_ms": 55.95756299999266,
    "p95_ms": 59.81001104992174,
    "p99_ms": 60.18622220995894,
    "max_ms": 60.28027499996824,
    "mean_ms": 56.26249189999726
  },
  "captures_per_second": 17.773830597077566,
  "misses_120hz": 10,
  "accuracy": {
    "passed": true,
    "full_all_jobs_cpu_basis_normalized_rms": 1.933537706654518e-12,
    "direct_checks": [
      {
        "receiver": 0,
        "start_sample": 0,
        "samples": 128,
        "paths_checked": 102800,
        "normalized_rms_error": 2.181961426398706e-13,
        "max_absolute_error": 9.758749186691786e-12
      },
      {
        "receiver": 0,
        "start_sample": 16539,
        "samples": 128,
        "paths_checked": 102800,
        "normalized_rms_error": 4.1746916248308165e-12,
        "max_absolute_error": 1.3978850658061352e-10
      },
      {
        "receiver": 0,
        "transmitter": 0,
        "samples": 16667,
        "paths_checked": 1028,
        "normalized_rms_error": 7.893316220200007e-13,
        "max_absolute_error": 9.001762660799264e-12
      },
      {
        "receiver": 0,
        "transmitter": 99,
        "samples": 16667,
        "paths_checked": 1028,
        "normalized_rms_error": 7.749264174453569e-13,
        "max_absolute_error": 9.788729513470468e-12
      }
    ]
  }
}
