jit_find_library(): Unable to load "/tmp/disabled-drjit-cuda.so": /tmp/disabled-drjit-cuda.so: cannot open shared object file: No such file or directory!
{
  "backend": "cuda",
  "summary": {
    "p50_ms": 54.64739700028076,
    "p95_ms": 58.06003835023148,
    "p99_ms": 58.507466870505596,
    "max_ms": 58.619324000574125,
    "mean_ms": 55.23725500006549
  },
  "captures_per_second": 18.103723655326725,
  "misses_120hz": 10,
  "accuracy": {
    "passed": true,
    "full_all_jobs_cpu_basis_normalized_rms": 1.9335381681221645e-12,
    "direct_checks": [
      {
        "receiver": 0,
        "start_sample": 0,
        "samples": 128,
        "paths_checked": 102800,
        "normalized_rms_error": 2.1821785536336818e-13,
        "max_absolute_error": 9.75205736745105e-12
      },
      {
        "receiver": 0,
        "start_sample": 16539,
        "samples": 128,
        "paths_checked": 102800,
        "normalized_rms_error": 4.174733301181863e-12,
        "max_absolute_error": 1.3979124548056663e-10
      },
      {
        "receiver": 0,
        "transmitter": 0,
        "samples": 16667,
        "paths_checked": 1028,
        "normalized_rms_error": 7.893318718638826e-13,
        "max_absolute_error": 9.001266775354626e-12
      },
      {
        "receiver": 0,
        "transmitter": 99,
        "samples": 16667,
        "paths_checked": 1028,
        "normalized_rms_error": 7.749306414577945e-13,
        "max_absolute_error": 9.788973557541255e-12
      }
    ]
  }
}
