jit_find_library(): Unable to load "/tmp/disabled-drjit-cuda.so": /tmp/disabled-drjit-cuda.so: cannot open shared object file: No such file or directory!
{
  "backend": "cuda",
  "summary": {
    "p50_ms": 56.33147199978339,
    "p95_ms": 60.39022915019814,
    "p99_ms": 61.11842743024681,
    "max_ms": 61.30047700025898,
    "mean_ms": 56.30729289996452
  },
  "captures_per_second": 17.75968881644868,
  "misses_120hz": 10,
  "accuracy": {
    "passed": true,
    "full_all_jobs_cpu_basis_normalized_rms": 1.933537706654518e-12,
    "direct_checks": [
      {
        "receiver": 0,
        "start_sample": 0,
        "samples": 128,
        "paths_checked": 102800,
        "normalized_rms_error": 2.1819924304271982e-13,
        "max_absolute_error": 9.755861894194802e-12
      },
      {
        "receiver": 0,
        "start_sample": 16539,
        "samples": 128,
        "paths_checked": 102800,
        "normalized_rms_error": 4.174725369217862e-12,
        "max_absolute_error": 1.3978942764558857e-10
      },
      {
        "receiver": 0,
        "transmitter": 0,
        "samples": 16667,
        "paths_checked": 1028,
        "normalized_rms_error": 7.893320265888204e-13,
        "max_absolute_error": 9.001762660799264e-12
      },
      {
        "receiver": 0,
        "transmitter": 99,
        "samples": 16667,
        "paths_checked": 1028,
        "normalized_rms_error": 7.749256762873296e-13,
        "max_absolute_error": 9.788516069474934e-12
      }
    ]
  }
}
