1/30: 866.27 ms, 16666 samples/RX
2/30: 850.81 ms, 16667 samples/RX
3/30: 858.90 ms, 16667 samples/RX
4/30: 840.11 ms, 16666 samples/RX
5/30: 845.06 ms, 16667 samples/RX
6/30: 847.57 ms, 16667 samples/RX
7/30: 848.83 ms, 16666 samples/RX
8/30: 841.35 ms, 16667 samples/RX
9/30: 853.97 ms, 16667 samples/RX
10/30: 853.08 ms, 16666 samples/RX
11/30: 839.33 ms, 16667 samples/RX
12/30: 853.51 ms, 16667 samples/RX
13/30: 852.70 ms, 16666 samples/RX
14/30: 851.67 ms, 16667 samples/RX
15/30: 847.46 ms, 16667 samples/RX
16/30: 865.04 ms, 16666 samples/RX
17/30: 849.77 ms, 16667 samples/RX
18/30: 848.85 ms, 16667 samples/RX
19/30: 853.59 ms, 16666 samples/RX
20/30: 850.94 ms, 16667 samples/RX
21/30: 844.44 ms, 16667 samples/RX
22/30: 853.33 ms, 16666 samples/RX
23/30: 842.20 ms, 16667 samples/RX
24/30: 872.81 ms, 16667 samples/RX
25/30: 849.01 ms, 16666 samples/RX
26/30: 862.74 ms, 16667 samples/RX
27/30: 847.93 ms, 16667 samples/RX
28/30: 845.18 ms, 16666 samples/RX
29/30: 853.76 ms, 16667 samples/RX
30/30: 854.21 ms, 16667 samples/RX
{
  "advance_ms": {
    "median_ms": 0.001214999997500854,
    "std_ms": 0.00031591883189788445,
    "p95_ms": 0.0019859999724758373,
    "mean_ms": 0.0013243333379856874
  },
  "source_ms": {
    "median_ms": 38.32729900000231,
    "std_ms": 0.528973124360474,
    "p95_ms": 39.193349949960066,
    "mean_ms": 38.28884183331714
  },
  "channel_ms": {
    "median_ms": 30.400983500044276,
    "std_ms": 1.4465703598291477,
    "p95_ms": 33.288388999960716,
    "mean_ms": 30.94064993332874
  },
  "rendering_ms": {
    "median_ms": 696.4367130000255,
    "std_ms": 5.398764379280023,
    "p95_ms": 706.630564950018,
    "mean_ms": 697.044077000002
  },
  "receiver_ms": {
    "median_ms": 9.519907999901989,
    "std_ms": 0.7480370039362937,
    "p95_ms": 10.383534849944454,
    "mean_ms": 9.518298500021652
  },
  "other_rf_ms": {
    "median_ms": 68.09905699986984,
    "std_ms": 3.6588526328634003,
    "p95_ms": 74.70721950001005,
    "mean_ms": 68.20165016665669
  },
  "delivery_storage_ms": {
    "median_ms": 7.252762999996776,
    "std_ms": 0.6814069398414464,
    "p95_ms": 8.794983999939632,
    "mean_ms": 7.48254589999154
  },
  "total_ms": {
    "median_ms": 850.8748295000146,
    "std_ms": 7.7427731683105625,
    "p95_ms": 865.7203145000608,
    "mean_ms": 851.4809383333348
  }
}
