1/30: 981.40 ms, 16666 samples/RX
2/30: 979.81 ms, 16667 samples/RX
3/30: 993.86 ms, 16667 samples/RX
4/30: 1001.51 ms, 16666 samples/RX
5/30: 983.35 ms, 16667 samples/RX
6/30: 989.78 ms, 16667 samples/RX
7/30: 985.07 ms, 16666 samples/RX
8/30: 997.96 ms, 16667 samples/RX
9/30: 978.36 ms, 16667 samples/RX
10/30: 981.23 ms, 16666 samples/RX
11/30: 994.72 ms, 16667 samples/RX
12/30: 974.18 ms, 16667 samples/RX
13/30: 980.30 ms, 16666 samples/RX
14/30: 984.26 ms, 16667 samples/RX
15/30: 980.68 ms, 16667 samples/RX
16/30: 980.89 ms, 16666 samples/RX
17/30: 982.72 ms, 16667 samples/RX
18/30: 983.13 ms, 16667 samples/RX
19/30: 977.23 ms, 16666 samples/RX
20/30: 987.45 ms, 16667 samples/RX
21/30: 979.79 ms, 16667 samples/RX
22/30: 992.95 ms, 16666 samples/RX
23/30: 980.03 ms, 16667 samples/RX
24/30: 974.43 ms, 16667 samples/RX
25/30: 980.29 ms, 16666 samples/RX
26/30: 996.23 ms, 16667 samples/RX
27/30: 979.34 ms, 16667 samples/RX
28/30: 979.12 ms, 16666 samples/RX
29/30: 990.90 ms, 16667 samples/RX
30/30: 983.92 ms, 16667 samples/RX
{
  "advance_ms": {
    "median_ms": 0.0012350000133665162,
    "std_ms": 0.00019219244259562228,
    "p95_ms": 0.001630000042496249,
    "mean_ms": 0.0012800000111686434
  },
  "source_ms": {
    "median_ms": 38.07648849999623,
    "std_ms": 0.7961301649104119,
    "p95_ms": 39.62374294995357,
    "mean_ms": 38.26855636666551
  },
  "channel_ms": {
    "median_ms": 30.028836499923273,
    "std_ms": 1.4480953503915455,
    "p95_ms": 32.91010555001321,
    "mean_ms": 30.743348499989526
  },
  "rendering_ms": {
    "median_ms": 828.1742774998975,
    "std_ms": 3.954427547413783,
    "p95_ms": 836.3664347498911,
    "mean_ms": 829.4413336000048
  },
  "receiver_ms": {
    "median_ms": 9.371255000019119,
    "std_ms": 1.049773890711785,
    "p95_ms": 11.609795499970232,
    "mean_ms": 9.668109033286024
  },
  "other_rf_ms": {
    "median_ms": 67.43105250018289,
    "std_ms": 4.148869821681923,
    "p95_ms": 76.40587714993217,
    "mean_ms": 68.63809990006
  },
  "delivery_storage_ms": {
    "median_ms": 7.459342999993623,
    "std_ms": 0.7282257072826362,
    "p95_ms": 8.780597399993438,
    "mean_ms": 7.732005033339344
  },
  "total_ms": {
    "median_ms": 982.0575445000372,
    "std_ms": 7.090374005389961,
    "p95_ms": 997.1785131499985,
    "mean_ms": 984.4962441000007
  }
}
