1/30: 729.77 ms, 16666 samples/RX
2/30: 731.07 ms, 16667 samples/RX
3/30: 742.22 ms, 16667 samples/RX
4/30: 731.42 ms, 16666 samples/RX
5/30: 721.18 ms, 16667 samples/RX
6/30: 726.65 ms, 16667 samples/RX
7/30: 727.51 ms, 16666 samples/RX
8/30: 723.39 ms, 16667 samples/RX
9/30: 721.29 ms, 16667 samples/RX
10/30: 745.00 ms, 16666 samples/RX
11/30: 725.61 ms, 16667 samples/RX
12/30: 722.14 ms, 16667 samples/RX
13/30: 713.78 ms, 16666 samples/RX
14/30: 716.34 ms, 16667 samples/RX
15/30: 717.12 ms, 16667 samples/RX
16/30: 722.68 ms, 16666 samples/RX
17/30: 739.24 ms, 16667 samples/RX
18/30: 717.17 ms, 16667 samples/RX
19/30: 723.81 ms, 16666 samples/RX
20/30: 726.66 ms, 16667 samples/RX
21/30: 739.26 ms, 16667 samples/RX
22/30: 728.62 ms, 16666 samples/RX
23/30: 746.77 ms, 16667 samples/RX
24/30: 727.58 ms, 16667 samples/RX
25/30: 728.69 ms, 16666 samples/RX
26/30: 727.37 ms, 16667 samples/RX
27/30: 723.86 ms, 16667 samples/RX
28/30: 748.55 ms, 16666 samples/RX
29/30: 722.07 ms, 16667 samples/RX
30/30: 733.76 ms, 16667 samples/RX
{
  "advance_ms": {
    "median_ms": 0.001204999989568023,
    "std_ms": 0.00027634749085804673,
    "p95_ms": 0.0017954999975700041,
    "mean_ms": 0.0012689999910738454
  },
  "source_ms": {
    "median_ms": 38.163365499997326,
    "std_ms": 0.42715382193609613,
    "p95_ms": 38.813991000034775,
    "mean_ms": 38.10229563332541
  },
  "channel_ms": {
    "median_ms": 30.614516000071035,
    "std_ms": 1.4931300813856894,
    "p95_ms": 33.516593799924976,
    "mean_ms": 31.036652633334445
  },
  "rendering_ms": {
    "median_ms": 573.4922094998751,
    "std_ms": 5.224679966667617,
    "p95_ms": 582.0036467997966,
    "mean_ms": 574.0136239333386
  },
  "receiver_ms": {
    "median_ms": 9.24587650013109,
    "std_ms": 1.1244978554005165,
    "p95_ms": 10.77266300002293,
    "mean_ms": 9.188392866705422
  },
  "other_rf_ms": {
    "median_ms": 67.71973199988679,
    "std_ms": 5.293959827302106,
    "p95_ms": 79.30520340007092,
    "mean_ms": 68.47168673328194
  },
  "delivery_storage_ms": {
    "median_ms": 7.31493600005706,
    "std_ms": 0.6513516725152213,
    "p95_ms": 8.654824000041117,
    "mean_ms": 7.5342078333468026
  },
  "total_ms": {
    "median_ms": 727.0155804999945,
    "std_ms": 9.103239576703404,
    "p95_ms": 745.9745404999978,
    "mean_ms": 728.3516696333398
  }
}
