1/30: 592.53 ms, 16666 samples/RX
2/30: 603.26 ms, 16667 samples/RX
3/30: 601.82 ms, 16667 samples/RX
4/30: 587.81 ms, 16666 samples/RX
5/30: 593.92 ms, 16667 samples/RX
6/30: 584.14 ms, 16667 samples/RX
7/30: 601.75 ms, 16666 samples/RX
8/30: 603.02 ms, 16667 samples/RX
9/30: 601.07 ms, 16667 samples/RX
10/30: 594.66 ms, 16666 samples/RX
11/30: 592.62 ms, 16667 samples/RX
12/30: 587.74 ms, 16667 samples/RX
13/30: 589.25 ms, 16666 samples/RX
14/30: 583.97 ms, 16667 samples/RX
15/30: 611.84 ms, 16667 samples/RX
16/30: 594.65 ms, 16666 samples/RX
17/30: 585.71 ms, 16667 samples/RX
18/30: 590.79 ms, 16667 samples/RX
19/30: 594.95 ms, 16666 samples/RX
20/30: 600.23 ms, 16667 samples/RX
21/30: 588.76 ms, 16667 samples/RX
22/30: 587.21 ms, 16666 samples/RX
23/30: 587.73 ms, 16667 samples/RX
24/30: 583.74 ms, 16667 samples/RX
25/30: 576.84 ms, 16666 samples/RX
26/30: 602.74 ms, 16667 samples/RX
27/30: 589.81 ms, 16667 samples/RX
28/30: 591.98 ms, 16666 samples/RX
29/30: 598.18 ms, 16667 samples/RX
30/30: 597.47 ms, 16667 samples/RX
{
  "advance_ms": {
    "median_ms": 0.0013050000120529148,
    "std_ms": 0.00034608899250974793,
    "p95_ms": 0.0018720000070970853,
    "mean_ms": 0.0014050000004317553
  },
  "source_ms": {
    "median_ms": 38.27400500000522,
    "std_ms": 0.6033150241821762,
    "p95_ms": 39.306130100004566,
    "mean_ms": 38.27634423333469
  },
  "channel_ms": {
    "median_ms": 30.974993500024084,
    "std_ms": 1.4073256677316273,
    "p95_ms": 33.805322649993734,
    "mean_ms": 31.155027566668043
  },
  "rendering_ms": {
    "median_ms": 438.68377649999957,
    "std_ms": 5.990671625963654,
    "p95_ms": 448.42409674997725,
    "mean_ms": 438.9336631666765
  },
  "receiver_ms": {
    "median_ms": 9.24122349982781,
    "std_ms": 0.7775199980171726,
    "p95_ms": 10.576672749920132,
    "mean_ms": 9.32829556664577
  },
  "other_rf_ms": {
    "median_ms": 67.82276749987659,
    "std_ms": 3.875321762426128,
    "p95_ms": 74.6956907997685,
    "mean_ms": 68.1253479666869
  },
  "delivery_storage_ms": {
    "median_ms": 7.366876499986574,
    "std_ms": 0.6964863356247155,
    "p95_ms": 8.855876000029639,
    "mean_ms": 7.51560700000103
  },
  "total_ms": {
    "median_ms": 592.5778504999926,
    "std_ms": 7.667653537076731,
    "p95_ms": 603.1495603999133,
    "mean_ms": 593.3393128333327
  }
}
