1/30: 562.43 ms, 16666 samples/RX
2/30: 555.74 ms, 16667 samples/RX
3/30: 572.69 ms, 16667 samples/RX
4/30: 572.70 ms, 16666 samples/RX
5/30: 568.92 ms, 16667 samples/RX
6/30: 549.09 ms, 16667 samples/RX
7/30: 558.50 ms, 16666 samples/RX
8/30: 556.07 ms, 16667 samples/RX
9/30: 551.28 ms, 16667 samples/RX
10/30: 538.54 ms, 16666 samples/RX
11/30: 552.93 ms, 16667 samples/RX
12/30: 558.80 ms, 16667 samples/RX
13/30: 555.39 ms, 16666 samples/RX
14/30: 551.33 ms, 16667 samples/RX
15/30: 547.02 ms, 16667 samples/RX
16/30: 544.67 ms, 16666 samples/RX
17/30: 548.23 ms, 16667 samples/RX
18/30: 554.74 ms, 16667 samples/RX
19/30: 555.79 ms, 16666 samples/RX
20/30: 551.60 ms, 16667 samples/RX
21/30: 554.98 ms, 16667 samples/RX
22/30: 550.04 ms, 16666 samples/RX
23/30: 544.26 ms, 16667 samples/RX
24/30: 553.97 ms, 16667 samples/RX
25/30: 541.88 ms, 16666 samples/RX
26/30: 562.64 ms, 16667 samples/RX
27/30: 565.12 ms, 16667 samples/RX
28/30: 558.39 ms, 16666 samples/RX
29/30: 558.92 ms, 16667 samples/RX
30/30: 548.31 ms, 16667 samples/RX
{
  "advance_ms": {
    "median_ms": 0.0012200000583106885,
    "std_ms": 0.0002661595659005446,
    "p95_ms": 0.0017909999940002308,
    "mean_ms": 0.0013393333423058114
  },
  "source_ms": {
    "median_ms": 38.186575500049,
    "std_ms": 0.6414563240758286,
    "p95_ms": 39.17224504992873,
    "mean_ms": 38.19622056667337
  },
  "channel_ms": {
    "median_ms": 30.069888000070932,
    "std_ms": 1.4806761164214615,
    "p95_ms": 33.41131270003643,
    "mean_ms": 30.800142733350338
  },
  "rendering_ms": {
    "median_ms": 399.681804500176,
    "std_ms": 5.142325370684818,
    "p95_ms": 407.3746606499981,
    "mean_ms": 399.8466996000123
  },
  "receiver_ms": {
    "median_ms": 8.905271500111667,
    "std_ms": 1.007188992429144,
    "p95_ms": 10.966658899900493,
    "mean_ms": 9.189237633343813
  },
  "other_rf_ms": {
    "median_ms": 68.23372000002337,
    "std_ms": 4.407016994353159,
    "p95_ms": 77.53202349987872,
    "mean_ms": 69.18785649996077
  },
  "delivery_storage_ms": {
    "median_ms": 7.398999500026093,
    "std_ms": 0.6515389611858566,
    "p95_ms": 9.012854699983563,
    "mean_ms": 7.608478233339611
  },
  "total_ms": {
    "median_ms": 554.861743999993,
    "std_ms": 8.33548442834329,
    "p95_ms": 570.9975235500394,
    "mean_ms": 554.8335439333376
  }
}
