1/30: 560.19 ms, 16666 samples/RX
2/30: 556.62 ms, 16667 samples/RX
3/30: 560.72 ms, 16667 samples/RX
4/30: 544.22 ms, 16666 samples/RX
5/30: 558.03 ms, 16667 samples/RX
6/30: 553.82 ms, 16667 samples/RX
7/30: 559.68 ms, 16666 samples/RX
8/30: 547.57 ms, 16667 samples/RX
9/30: 555.80 ms, 16667 samples/RX
10/30: 545.29 ms, 16666 samples/RX
11/30: 556.61 ms, 16667 samples/RX
12/30: 550.76 ms, 16667 samples/RX
13/30: 550.63 ms, 16666 samples/RX
14/30: 550.34 ms, 16667 samples/RX
15/30: 549.56 ms, 16667 samples/RX
16/30: 544.75 ms, 16666 samples/RX
17/30: 553.26 ms, 16667 samples/RX
18/30: 552.02 ms, 16667 samples/RX
19/30: 552.05 ms, 16666 samples/RX
20/30: 554.72 ms, 16667 samples/RX
21/30: 551.96 ms, 16667 samples/RX
22/30: 559.41 ms, 16666 samples/RX
23/30: 555.08 ms, 16667 samples/RX
24/30: 549.71 ms, 16667 samples/RX
25/30: 561.94 ms, 16666 samples/RX
26/30: 546.30 ms, 16667 samples/RX
27/30: 558.47 ms, 16667 samples/RX
28/30: 539.19 ms, 16666 samples/RX
29/30: 543.87 ms, 16667 samples/RX
30/30: 551.65 ms, 16667 samples/RX
{
  "advance_ms": {
    "median_ms": 0.001160000010713702,
    "std_ms": 0.00038357379143892645,
    "p95_ms": 0.0019505000068420484,
    "mean_ms": 0.001335666657572195
  },
  "source_ms": {
    "median_ms": 38.099556499958,
    "std_ms": 0.6556090617264844,
    "p95_ms": 38.96268950003332,
    "mean_ms": 38.13468590000942
  },
  "channel_ms": {
    "median_ms": 30.131142499953967,
    "std_ms": 0.9133268871679356,
    "p95_ms": 32.51505394997025,
    "mean_ms": 30.458425533341444
  },
  "rendering_ms": {
    "median_ms": 397.12431099991363,
    "std_ms": 4.1608527672306215,
    "p95_ms": 402.16881855008637,
    "mean_ms": 396.8937446666814
  },
  "receiver_ms": {
    "median_ms": 9.216124499971556,
    "std_ms": 0.8348464170639582,
    "p95_ms": 10.67170499990766,
    "mean_ms": 9.314779500008777
  },
  "other_rf_ms": {
    "median_ms": 70.56243549993724,
    "std_ms": 3.2486937850228337,
    "p95_ms": 74.52730329964083,
    "mean_ms": 70.20059179996376
  },
  "delivery_storage_ms": {
    "median_ms": 7.470040000043809,
    "std_ms": 0.4906614544165853,
    "p95_ms": 8.40607005004017,
    "mean_ms": 7.4668578000076495
  },
  "total_ms": {
    "median_ms": 552.0358544999908,
    "std_ms": 5.766514072582983,
    "p95_ms": 560.4826521499888,
    "mean_ms": 552.4740078666582
  }
}
