jit_find_library(): Unable to load "/tmp/disabled-drjit-cuda.so": /tmp/disabled-drjit-cuda.so: cannot open shared object file: No such file or directory!
{
  "backend": "cuda",
  "summary": {
    "p50_ms": 81.14153499991517,
    "p95_ms": 84.64941854990684,
    "p99_ms": 85.624435709924,
    "max_ms": 85.86818999992829,
    "mean_ms": 81.90511659995536
  },
  "captures_per_second": 12.209249452439519,
  "misses_120hz": 10,
  "accuracy": {
    "passed": true,
    "full_all_jobs_cpu_basis_normalized_rms": 1.365136512442522e-12,
    "direct_checks": [
      {
        "receiver": 0,
        "start_sample": 0,
        "samples": 128,
        "paths_checked": 102800,
        "normalized_rms_error": 7.989872788302977e-14,
        "max_absolute_error": 2.8383030697110107e-12
      },
      {
        "receiver": 0,
        "start_sample": 16539,
        "samples": 128,
        "paths_checked": 102800,
        "normalized_rms_error": 4.1747364101321765e-12,
        "max_absolute_error": 1.3979078495764807e-10
      },
      {
        "receiver": 0,
        "transmitter": 0,
        "samples": 16667,
        "paths_checked": 1028,
        "normalized_rms_error": 7.699796665749377e-13,
        "max_absolute_error": 8.89339442102901e-12
      },
      {
        "receiver": 0,
        "transmitter": 99,
        "samples": 16667,
        "paths_checked": 1028,
        "normalized_rms_error": 7.453337518683048e-13,
        "max_absolute_error": 9.65924868333238e-12
      }
    ]
  }
}
