jit_find_library(): Unable to load "/tmp/disabled-drjit-cuda.so": /tmp/disabled-drjit-cuda.so: cannot open shared object file: No such file or directory!
{
  "backend": "cuda",
  "summary": {
    "p50_ms": 54.660288500144816,
    "p95_ms": 58.80821999980981,
    "p99_ms": 59.00057519949769,
    "max_ms": 59.04866399941966,
    "mean_ms": 55.72206010010632
  },
  "captures_per_second": 17.946213729418307,
  "misses_120hz": 10,
  "accuracy": {
    "passed": true,
    "full_all_jobs_cpu_basis_normalized_rms": 1.9335381681221645e-12,
    "direct_checks": [
      {
        "receiver": 0,
        "start_sample": 0,
        "samples": 128,
        "paths_checked": 102800,
        "normalized_rms_error": 2.1822412454868865e-13,
        "max_absolute_error": 9.749869162123533e-12
      },
      {
        "receiver": 0,
        "start_sample": 16539,
        "samples": 128,
        "paths_checked": 102800,
        "normalized_rms_error": 4.174749590744842e-12,
        "max_absolute_error": 1.397897265660304e-10
      },
      {
        "receiver": 0,
        "transmitter": 0,
        "samples": 16667,
        "paths_checked": 1028,
        "normalized_rms_error": 7.893316685502114e-13,
        "max_absolute_error": 9.001266775354626e-12
      },
      {
        "receiver": 0,
        "transmitter": 99,
        "samples": 16667,
        "paths_checked": 1028,
        "normalized_rms_error": 7.749307883651221e-13,
        "max_absolute_error": 9.78860787604693e-12
      }
    ]
  }
}
