jit_find_library(): Unable to load "/tmp/disabled-drjit-cuda.so": /tmp/disabled-drjit-cuda.so: cannot open shared object file: No such file or directory!
1/30: 7268.38 ms, 16666 samples/RX
2/30: 7326.41 ms, 16667 samples/RX
3/30: 7269.03 ms, 16667 samples/RX
4/30: 7436.27 ms, 16666 samples/RX
5/30: 7317.53 ms, 16667 samples/RX
6/30: 7383.33 ms, 16667 samples/RX
7/30: 7315.59 ms, 16666 samples/RX
8/30: 7347.55 ms, 16667 samples/RX
9/30: 7313.43 ms, 16667 samples/RX
10/30: 7349.93 ms, 16666 samples/RX
11/30: 7318.81 ms, 16667 samples/RX
12/30: 7385.23 ms, 16667 samples/RX
13/30: 7316.15 ms, 16666 samples/RX
14/30: 7351.97 ms, 16667 samples/RX
15/30: 7446.65 ms, 16667 samples/RX
16/30: 7370.64 ms, 16666 samples/RX
17/30: 7402.77 ms, 16667 samples/RX
18/30: 7433.24 ms, 16667 samples/RX
19/30: 7427.93 ms, 16666 samples/RX
20/30: 7380.08 ms, 16667 samples/RX
21/30: 7800.63 ms, 16667 samples/RX
22/30: 7501.29 ms, 16666 samples/RX
23/30: 7230.37 ms, 16667 samples/RX
24/30: 7336.47 ms, 16667 samples/RX
25/30: 7316.69 ms, 16666 samples/RX
26/30: 7324.54 ms, 16667 samples/RX
27/30: 7347.25 ms, 16667 samples/RX
28/30: 7312.49 ms, 16666 samples/RX
29/30: 7398.54 ms, 16667 samples/RX
30/30: 7359.05 ms, 16667 samples/RX
{
  "advance_ms": {
    "median_ms": 0.001194999981635192,
    "std_ms": 0.00022255669904500746,
    "p95_ms": 0.0017060000288893198,
    "mean_ms": 0.001270966663469153
  },
  "source_ms": {
    "median_ms": 37.66836800002693,
    "std_ms": 0.694894392035701,
    "p95_ms": 38.53581165004698,
    "mean_ms": 37.83489473333551
  },
  "channel_ms": {
    "median_ms": 801.3059679999515,
    "std_ms": 31.740203961617965,
    "p95_ms": 874.1837226499568,
    "mean_ms": 807.677390733329
  },
  "rendering_ms": {
    "median_ms": 6429.467403500098,
    "std_ms": 79.604175598236,
    "p95_ms": 6536.351398450102,
    "mean_ms": 6448.833431633314
  },
  "receiver_ms": {
    "median_ms": 7.502597999859972,
    "std_ms": 0.43945344690742943,
    "p95_ms": 8.245920650017524,
    "mean_ms": 7.61144890000196
  },
  "other_rf_ms": {
    "median_ms": 60.30488299984427,
    "std_ms": 1.8446922542561262,
    "p95_ms": 63.81714310003872,
    "mean_ms": 60.49187440002015
  },
  "delivery_storage_ms": {
    "median_ms": 7.182044500041229,
    "std_ms": 0.3520575865446182,
    "p95_ms": 7.789826249961606,
    "mean_ms": 7.154472666680552
  },
  "total_ms": {
    "median_ms": 7348.740089499984,
    "std_ms": 100.04436739037453,
    "p95_ms": 7476.706220299968,
    "mean_ms": 7369.60790493332
  }
}
