jit_find_library(): Unable to load "/tmp/disabled-drjit-cuda.so": /tmp/disabled-drjit-cuda.so: cannot open shared object file: No such file or directory!
1/30: 69.25 ms, 16666 samples/RX
2/30: 68.80 ms, 16667 samples/RX
3/30: 79.56 ms, 16667 samples/RX
4/30: 67.65 ms, 16666 samples/RX
5/30: 90.28 ms, 16667 samples/RX
6/30: 70.49 ms, 16667 samples/RX
7/30: 73.15 ms, 16666 samples/RX
8/30: 69.99 ms, 16667 samples/RX
9/30: 72.38 ms, 16667 samples/RX
10/30: 92.77 ms, 16666 samples/RX
11/30: 71.00 ms, 16667 samples/RX
12/30: 95.81 ms, 16667 samples/RX
13/30: 71.13 ms, 16666 samples/RX
14/30: 70.04 ms, 16667 samples/RX
15/30: 72.11 ms, 16667 samples/RX
16/30: 72.33 ms, 16666 samples/RX
17/30: 70.13 ms, 16667 samples/RX
18/30: 69.89 ms, 16667 samples/RX
19/30: 71.47 ms, 16666 samples/RX
20/30: 71.09 ms, 16667 samples/RX
21/30: 73.70 ms, 16667 samples/RX
22/30: 69.05 ms, 16666 samples/RX
23/30: 73.27 ms, 16667 samples/RX
24/30: 74.80 ms, 16667 samples/RX
25/30: 79.32 ms, 16666 samples/RX
26/30: 94.20 ms, 16667 samples/RX
27/30: 77.17 ms, 16667 samples/RX
28/30: 123.05 ms, 16666 samples/RX
29/30: 73.01 ms, 16667 samples/RX
30/30: 67.85 ms, 16667 samples/RX
{
  "advance_ms": {
    "median_ms": 0.001384999990250435,
    "std_ms": 0.000362176686333786,
    "p95_ms": 0.0022115000064104598,
    "mean_ms": 0.0015006666671979474
  },
  "source_ms": {
    "median_ms": 0.8617350000008628,
    "std_ms": 0.1447853849348238,
    "p95_ms": 1.222710000010352,
    "mean_ms": 0.9270711333366913
  },
  "channel_ms": {
    "median_ms": 21.99156300000027,
    "std_ms": 9.15650928544015,
    "p95_ms": 45.93668170001308,
    "mean_ms": 26.126768099999254
  },
  "rendering_ms": {
    "median_ms": 43.42697700002418,
    "std_ms": 3.683707648479612,
    "p95_ms": 50.07261909997566,
    "mean_ms": 44.5180192666669
  },
  "receiver_ms": {
    "median_ms": 1.5556704999823978,
    "std_ms": 0.21736688924493924,
    "p95_ms": 1.8475254500145861,
    "mean_ms": 1.5982492333326566
  },
  "other_rf_ms": {
    "median_ms": 1.4327060000027814,
    "std_ms": 0.17342825535250173,
    "p95_ms": 1.8074924500638188,
    "mean_ms": 1.4609420000075108
  },
  "delivery_storage_ms": {
    "median_ms": 1.7586195000092175,
    "std_ms": 0.25928910258016047,
    "p95_ms": 2.387136400014355,
    "mean_ms": 1.8558700000066135
  },
  "total_ms": {
    "median_ms": 72.21715750000612,
    "std_ms": 11.835879983865242,
    "p95_ms": 95.08808324997915,
    "mean_ms": 76.49081136666685
  }
}
