jit_find_library(): Unable to load "/tmp/disabled-drjit-cuda.so": /tmp/disabled-drjit-cuda.so: cannot open shared object file: No such file or directory!
1/30: 25.93 ms, 16666 samples/RX
2/30: 24.80 ms, 16667 samples/RX
3/30: 24.98 ms, 16667 samples/RX
4/30: 26.40 ms, 16666 samples/RX
5/30: 25.11 ms, 16667 samples/RX
6/30: 26.23 ms, 16667 samples/RX
7/30: 25.10 ms, 16666 samples/RX
8/30: 25.44 ms, 16667 samples/RX
9/30: 24.81 ms, 16667 samples/RX
10/30: 25.97 ms, 16666 samples/RX
11/30: 27.05 ms, 16667 samples/RX
12/30: 44.54 ms, 16667 samples/RX
13/30: 27.45 ms, 16666 samples/RX
14/30: 24.60 ms, 16667 samples/RX
15/30: 25.97 ms, 16667 samples/RX
16/30: 24.14 ms, 16666 samples/RX
17/30: 25.55 ms, 16667 samples/RX
18/30: 26.97 ms, 16667 samples/RX
19/30: 24.87 ms, 16666 samples/RX
20/30: 28.04 ms, 16667 samples/RX
21/30: 25.19 ms, 16667 samples/RX
22/30: 25.63 ms, 16666 samples/RX
23/30: 25.99 ms, 16667 samples/RX
24/30: 24.47 ms, 16667 samples/RX
25/30: 25.39 ms, 16666 samples/RX
26/30: 25.98 ms, 16667 samples/RX
27/30: 24.86 ms, 16667 samples/RX
28/30: 27.17 ms, 16666 samples/RX
29/30: 24.56 ms, 16667 samples/RX
30/30: 26.97 ms, 16667 samples/RX
{
  "advance_ms": {
    "median_ms": 0.0013499999909072358,
    "std_ms": 0.0002908688762965498,
    "p95_ms": 0.0019574999612359534,
    "mean_ms": 0.0014876666530957057
  },
  "source_ms": {
    "median_ms": 0.8531529999800114,
    "std_ms": 0.1289502697276254,
    "p95_ms": 1.1713424499646405,
    "mean_ms": 0.8896806666712109
  },
  "channel_ms": {
    "median_ms": 7.043810000027406,
    "std_ms": 3.2615727430337524,
    "p95_ms": 8.28552744998774,
    "mean_ms": 7.766573799983689
  },
  "rendering_ms": {
    "median_ms": 12.985401999912938,
    "std_ms": 0.6809910044980937,
    "p95_ms": 14.482113800050909,
    "mean_ms": 13.063659500005542
  },
  "receiver_ms": {
    "median_ms": 1.3762835000079576,
    "std_ms": 0.12491530520401536,
    "p95_ms": 1.6569477999496482,
    "mean_ms": 1.4140834333299306
  },
  "other_rf_ms": {
    "median_ms": 1.328638999893883,
    "std_ms": 0.12298850245134062,
    "p95_ms": 1.6048690000104668,
    "mean_ms": 1.3667029000165105
  },
  "delivery_storage_ms": {
    "median_ms": 1.770139999962339,
    "std_ms": 0.17679138711583767,
    "p95_ms": 2.1406974500280285,
    "mean_ms": 1.8346346333184254
  },
  "total_ms": {
    "median_ms": 25.58717199997318,
    "std_ms": 3.5757885448706,
    "p95_ms": 27.775994450047392,
    "mean_ms": 26.339132866659536
  }
}
