jit_find_library(): Unable to load "/tmp/disabled-drjit-cuda.so": /tmp/disabled-drjit-cuda.so: cannot open shared object file: No such file or directory!
1/30: 852.86 ms, 16666 samples/RX
2/30: 837.98 ms, 16667 samples/RX
3/30: 832.88 ms, 16667 samples/RX
4/30: 842.48 ms, 16666 samples/RX
5/30: 829.64 ms, 16667 samples/RX
6/30: 841.38 ms, 16667 samples/RX
7/30: 838.54 ms, 16666 samples/RX
8/30: 827.78 ms, 16667 samples/RX
9/30: 843.26 ms, 16667 samples/RX
10/30: 832.99 ms, 16666 samples/RX
11/30: 837.04 ms, 16667 samples/RX
12/30: 837.72 ms, 16667 samples/RX
13/30: 845.73 ms, 16666 samples/RX
14/30: 843.15 ms, 16667 samples/RX
15/30: 847.92 ms, 16667 samples/RX
16/30: 847.97 ms, 16666 samples/RX
17/30: 860.71 ms, 16667 samples/RX
18/30: 848.78 ms, 16667 samples/RX
19/30: 844.00 ms, 16666 samples/RX
20/30: 859.53 ms, 16667 samples/RX
21/30: 837.67 ms, 16667 samples/RX
22/30: 886.77 ms, 16666 samples/RX
23/30: 848.03 ms, 16667 samples/RX
24/30: 850.51 ms, 16667 samples/RX
25/30: 836.72 ms, 16666 samples/RX
26/30: 841.30 ms, 16667 samples/RX
27/30: 847.98 ms, 16667 samples/RX
28/30: 844.57 ms, 16666 samples/RX
29/30: 855.64 ms, 16667 samples/RX
30/30: 856.66 ms, 16667 samples/RX
{
  "advance_ms": {
    "median_ms": 0.0013394999314186862,
    "std_ms": 0.0003021403229750147,
    "p95_ms": 0.0020830000607929833,
    "mean_ms": 0.001418299999992693
  },
  "source_ms": {
    "median_ms": 37.847790499995426,
    "std_ms": 0.6071918492308427,
    "p95_ms": 39.11993510002958,
    "mean_ms": 37.95403840001654
  },
  "channel_ms": {
    "median_ms": 330.46883050002407,
    "std_ms": 8.64079724466122,
    "p95_ms": 347.2574593500041,
    "mean_ms": 331.1617641000036
  },
  "rendering_ms": {
    "median_ms": 392.76186249992406,
    "std_ms": 6.548951651475589,
    "p95_ms": 403.7042572499274,
    "mean_ms": 393.5924556666312
  },
  "receiver_ms": {
    "median_ms": 8.555518000036955,
    "std_ms": 0.822950504213018,
    "p95_ms": 9.821122400177273,
    "mean_ms": 8.590254299997468
  },
  "other_rf_ms": {
    "median_ms": 66.54964000017571,
    "std_ms": 2.9360558538998003,
    "p95_ms": 70.94558100006907,
    "mean_ms": 66.44288163336871
  },
  "delivery_storage_ms": {
    "median_ms": 7.41025349998381,
    "std_ms": 0.6673805925579718,
    "p95_ms": 8.891282849975823,
    "mean_ms": 7.52747819999892
  },
  "total_ms": {
    "median_ms": 843.630201499991,
    "std_ms": 11.426019960504801,
    "p95_ms": 860.180995599984,
    "mean_ms": 845.2735641000004
  }
}
