1/30: 42.08 ms, 16666 samples/RX
2/30: 44.96 ms, 16667 samples/RX
3/30: 44.20 ms, 16667 samples/RX
4/30: 45.32 ms, 16666 samples/RX
5/30: 42.34 ms, 16667 samples/RX
6/30: 46.18 ms, 16667 samples/RX
7/30: 43.64 ms, 16666 samples/RX
8/30: 45.17 ms, 16667 samples/RX
9/30: 43.71 ms, 16667 samples/RX
10/30: 44.37 ms, 16666 samples/RX
11/30: 44.00 ms, 16667 samples/RX
12/30: 43.79 ms, 16667 samples/RX
13/30: 45.65 ms, 16666 samples/RX
14/30: 43.18 ms, 16667 samples/RX
15/30: 44.84 ms, 16667 samples/RX
16/30: 44.10 ms, 16666 samples/RX
17/30: 45.67 ms, 16667 samples/RX
18/30: 45.22 ms, 16667 samples/RX
19/30: 43.49 ms, 16666 samples/RX
20/30: 46.09 ms, 16667 samples/RX
21/30: 45.65 ms, 16667 samples/RX
22/30: 44.35 ms, 16666 samples/RX
23/30: 44.53 ms, 16667 samples/RX
24/30: 46.41 ms, 16667 samples/RX
25/30: 43.80 ms, 16666 samples/RX
26/30: 44.47 ms, 16667 samples/RX
27/30: 45.68 ms, 16667 samples/RX
28/30: 43.88 ms, 16666 samples/RX
29/30: 43.19 ms, 16667 samples/RX
30/30: 46.47 ms, 16667 samples/RX
{
  "advance_ms": {
    "median_ms": 0.0011700001323333709,
    "std_ms": 0.0003250755714392617,
    "p95_ms": 0.002010000116570154,
    "mean_ms": 0.0013156333958856219
  },
  "source_ms": {
    "median_ms": 0.8349909999196825,
    "std_ms": 0.18152232757628353,
    "p95_ms": 1.3801249499920232,
    "mean_ms": 0.9119384666216016
  },
  "channel_ms": {
    "median_ms": 26.621670000167796,
    "std_ms": 1.1615475605204453,
    "p95_ms": 29.19379694997133,
    "mean_ms": 26.866448333278942
  },
  "rendering_ms": {
    "median_ms": 11.880035500325903,
    "std_ms": 0.3515799289105073,
    "p95_ms": 12.60013695005,
    "mean_ms": 12.008532666671575
  },
  "receiver_ms": {
    "median_ms": 1.3789120000637922,
    "std_ms": 0.11808177810341745,
    "p95_ms": 1.6633847998264166,
    "mean_ms": 1.4160825332661868
  },
  "other_rf_ms": {
    "median_ms": 1.4105755003583909,
    "std_ms": 0.09348099380115552,
    "p95_ms": 1.5968383499512127,
    "mean_ms": 1.4125462001023454
  },
  "delivery_storage_ms": {
    "median_ms": 1.8208799999683833,
    "std_ms": 0.27580321455907814,
    "p95_ms": 2.326100900063466,
    "mean_ms": 1.9275618333722377
  },
  "total_ms": {
    "median_ms": 44.419459499977165,
    "std_ms": 1.151941304551601,
    "p95_ms": 46.30438080012027,
    "mean_ms": 44.54665726669494
  }
}
