1/30: 575.88 ms, 16666 samples/RX
2/30: 585.36 ms, 16667 samples/RX
3/30: 610.00 ms, 16667 samples/RX
4/30: 565.33 ms, 16666 samples/RX
5/30: 574.22 ms, 16667 samples/RX
6/30: 572.07 ms, 16667 samples/RX
7/30: 572.36 ms, 16666 samples/RX
8/30: 575.52 ms, 16667 samples/RX
9/30: 583.00 ms, 16667 samples/RX
10/30: 573.47 ms, 16666 samples/RX
11/30: 574.27 ms, 16667 samples/RX
12/30: 573.16 ms, 16667 samples/RX
13/30: 569.76 ms, 16666 samples/RX
14/30: 571.74 ms, 16667 samples/RX
15/30: 576.80 ms, 16667 samples/RX
16/30: 577.23 ms, 16666 samples/RX
17/30: 573.93 ms, 16667 samples/RX
18/30: 571.69 ms, 16667 samples/RX
19/30: 585.51 ms, 16666 samples/RX
20/30: 586.58 ms, 16667 samples/RX
21/30: 578.42 ms, 16667 samples/RX
22/30: 575.02 ms, 16666 samples/RX
23/30: 576.56 ms, 16667 samples/RX
24/30: 565.02 ms, 16667 samples/RX
25/30: 575.73 ms, 16666 samples/RX
26/30: 576.89 ms, 16667 samples/RX
27/30: 578.49 ms, 16667 samples/RX
28/30: 576.99 ms, 16666 samples/RX
29/30: 579.56 ms, 16667 samples/RX
30/30: 595.13 ms, 16667 samples/RX
{
  "advance_ms": {
    "median_ms": 0.0015599998732795939,
    "std_ms": 0.00043004949357830545,
    "p95_ms": 0.002412000185358919,
    "mean_ms": 0.0016533000386213341
  },
  "source_ms": {
    "median_ms": 38.230645499879756,
    "std_ms": 1.8732894315192306,
    "p95_ms": 42.550298150194976,
    "mean_ms": 38.97913480004718
  },
  "channel_ms": {
    "median_ms": 51.53077300019504,
    "std_ms": 1.736536888499092,
    "p95_ms": 54.65379160016255,
    "mean_ms": 51.847858333379314
  },
  "rendering_ms": {
    "median_ms": 401.01348350026456,
    "std_ms": 4.933411286920487,
    "p95_ms": 406.99297624969404,
    "mean_ms": 401.959168933278
  },
  "receiver_ms": {
    "median_ms": 8.78934050024327,
    "std_ms": 0.9559607503624632,
    "p95_ms": 10.951699950055627,
    "mean_ms": 9.02521683321235
  },
  "other_rf_ms": {
    "median_ms": 68.28150249975806,
    "std_ms": 3.2765748227831706,
    "p95_ms": 73.13383040063854,
    "mean_ms": 68.23651843346852
  },
  "delivery_storage_ms": {
    "median_ms": 7.323090499994578,
    "std_ms": 0.692773492868562,
    "p95_ms": 8.710105950035539,
    "mean_ms": 7.468867100002778
  },
  "total_ms": {
    "median_ms": 575.8044935000726,
    "std_ms": 8.679484805996383,
    "p95_ms": 591.2783369500175,
    "mean_ms": 577.5222516666569
  }
}
