1/30: 28.12 ms, 16666 samples/RX
2/30: 28.22 ms, 16667 samples/RX
3/30: 27.52 ms, 16667 samples/RX
4/30: 29.14 ms, 16666 samples/RX
5/30: 27.61 ms, 16667 samples/RX
6/30: 28.38 ms, 16667 samples/RX
7/30: 26.64 ms, 16666 samples/RX
8/30: 28.93 ms, 16667 samples/RX
9/30: 26.66 ms, 16667 samples/RX
10/30: 27.22 ms, 16666 samples/RX
11/30: 30.16 ms, 16667 samples/RX
12/30: 27.07 ms, 16667 samples/RX
13/30: 29.20 ms, 16666 samples/RX
14/30: 28.00 ms, 16667 samples/RX
15/30: 30.17 ms, 16667 samples/RX
16/30: 27.45 ms, 16666 samples/RX
17/30: 27.84 ms, 16667 samples/RX
18/30: 26.94 ms, 16667 samples/RX
19/30: 27.83 ms, 16666 samples/RX
20/30: 28.02 ms, 16667 samples/RX
21/30: 27.96 ms, 16667 samples/RX
22/30: 27.52 ms, 16666 samples/RX
23/30: 28.53 ms, 16667 samples/RX
24/30: 28.74 ms, 16667 samples/RX
25/30: 26.69 ms, 16666 samples/RX
26/30: 30.09 ms, 16667 samples/RX
27/30: 26.92 ms, 16667 samples/RX
28/30: 28.69 ms, 16666 samples/RX
29/30: 26.71 ms, 16667 samples/RX
30/30: 28.29 ms, 16667 samples/RX
{
  "advance_ms": {
    "median_ms": 0.0013700000636163168,
    "std_ms": 0.0006143576809843351,
    "p95_ms": 0.002038000116044713,
    "mean_ms": 0.0015419666700230057
  },
  "source_ms": {
    "median_ms": 0.8365164997030661,
    "std_ms": 0.09365044476320393,
    "p95_ms": 1.0197624499141962,
    "mean_ms": 0.8698977999453442
  },
  "channel_ms": {
    "median_ms": 9.55864349998592,
    "std_ms": 0.5959670782996824,
    "p95_ms": 10.713138800019806,
    "mean_ms": 9.692248433354203
  },
  "rendering_ms": {
    "median_ms": 12.55817449987262,
    "std_ms": 0.3581213539786052,
    "p95_ms": 13.440212400018936,
    "mean_ms": 12.71992836662624
  },
  "receiver_ms": {
    "median_ms": 1.4364219996423344,
    "std_ms": 0.09706204882714436,
    "p95_ms": 1.6133510501731507,
    "mean_ms": 1.434587599972777
  },
  "other_rf_ms": {
    "median_ms": 1.4030264997018094,
    "std_ms": 0.12262163407978237,
    "p95_ms": 1.6489059002424253,
    "mean_ms": 1.4251710000432165
  },
  "delivery_storage_ms": {
    "median_ms": 1.767265999887968,
    "std_ms": 0.2897523866868331,
    "p95_ms": 2.3893649998854016,
    "mean_ms": 1.8960968332673171
  },
  "total_ms": {
    "median_ms": 27.97946700002285,
    "std_ms": 1.0290691203603777,
    "p95_ms": 30.131077450050725,
    "mean_ms": 28.041669333272996
  }
}
