1/30: 143.88 ms, 16666 samples/RX
2/30: 144.29 ms, 16667 samples/RX
3/30: 144.67 ms, 16667 samples/RX
4/30: 142.85 ms, 16666 samples/RX
5/30: 144.88 ms, 16667 samples/RX
6/30: 137.83 ms, 16667 samples/RX
7/30: 141.59 ms, 16666 samples/RX
8/30: 143.51 ms, 16667 samples/RX
9/30: 140.20 ms, 16667 samples/RX
10/30: 142.08 ms, 16666 samples/RX
11/30: 142.42 ms, 16667 samples/RX
12/30: 141.50 ms, 16667 samples/RX
13/30: 142.08 ms, 16666 samples/RX
14/30: 144.47 ms, 16667 samples/RX
15/30: 148.50 ms, 16667 samples/RX
16/30: 150.31 ms, 16666 samples/RX
17/30: 148.24 ms, 16667 samples/RX
18/30: 147.42 ms, 16667 samples/RX
19/30: 154.06 ms, 16666 samples/RX
20/30: 148.69 ms, 16667 samples/RX
21/30: 150.59 ms, 16667 samples/RX
22/30: 143.27 ms, 16666 samples/RX
23/30: 145.58 ms, 16667 samples/RX
24/30: 143.29 ms, 16667 samples/RX
25/30: 141.62 ms, 16666 samples/RX
26/30: 141.43 ms, 16667 samples/RX
27/30: 142.24 ms, 16667 samples/RX
28/30: 140.11 ms, 16666 samples/RX
29/30: 147.22 ms, 16667 samples/RX
30/30: 154.71 ms, 16667 samples/RX
{
  "advance_ms": {
    "median_ms": 0.0013050002962700091,
    "std_ms": 0.00040800382284457914,
    "p95_ms": 0.0022279999257079903,
    "mean_ms": 0.0014853333292800623
  },
  "source_ms": {
    "median_ms": 3.903225499925611,
    "std_ms": 0.2982726547662633,
    "p95_ms": 4.701811500126496,
    "mean_ms": 4.010172799992991
  },
  "channel_ms": {
    "median_ms": 91.39262550002059,
    "std_ms": 3.386485529444091,
    "p95_ms": 98.28387410004778,
    "mean_ms": 92.11439056669708
  },
  "rendering_ms": {
    "median_ms": 36.9507835002878,
    "std_ms": 0.7020355708706475,
    "p95_ms": 38.19109915023091,
    "mean_ms": 37.01992023338789
  },
  "receiver_ms": {
    "median_ms": 3.0780734996369574,
    "std_ms": 0.23936922791586746,
    "p95_ms": 3.6173308002389595,
    "mean_ms": 3.1468496998816895
  },
  "other_rf_ms": {
    "median_ms": 5.139435500041145,
    "std_ms": 0.39022133695891903,
    "p95_ms": 5.828040949427304,
    "mean_ms": 5.173626700055441
  },
  "delivery_storage_ms": {
    "median_ms": 3.231121999988318,
    "std_ms": 0.3442999577635275,
    "p95_ms": 3.97560590017747,
    "mean_ms": 3.315775899985359
  },
  "total_ms": {
    "median_ms": 143.6983829999008,
    "std_ms": 4.045486468199992,
    "p95_ms": 152.49916070008567,
    "mean_ms": 144.7849014999671
  }
}
