1/30: 1227.51 ms, 16666 samples/RX
2/30: 1254.64 ms, 16667 samples/RX
3/30: 1261.08 ms, 16667 samples/RX
4/30: 1255.28 ms, 16666 samples/RX
5/30: 1229.86 ms, 16667 samples/RX
6/30: 1251.42 ms, 16667 samples/RX
7/30: 1256.38 ms, 16666 samples/RX
8/30: 1209.26 ms, 16667 samples/RX
9/30: 1246.01 ms, 16667 samples/RX
10/30: 1337.22 ms, 16666 samples/RX
11/30: 1293.50 ms, 16667 samples/RX
12/30: 1247.70 ms, 16667 samples/RX
13/30: 1258.12 ms, 16666 samples/RX
14/30: 1282.68 ms, 16667 samples/RX
15/30: 1250.54 ms, 16667 samples/RX
16/30: 1214.79 ms, 16666 samples/RX
17/30: 1287.88 ms, 16667 samples/RX
18/30: 1231.08 ms, 16667 samples/RX
19/30: 1266.29 ms, 16666 samples/RX
20/30: 1283.10 ms, 16667 samples/RX
21/30: 1265.81 ms, 16667 samples/RX
22/30: 1248.65 ms, 16666 samples/RX
23/30: 1318.13 ms, 16667 samples/RX
24/30: 1321.23 ms, 16667 samples/RX
25/30: 1277.18 ms, 16666 samples/RX
26/30: 1256.16 ms, 16667 samples/RX
27/30: 1260.22 ms, 16667 samples/RX
28/30: 1287.29 ms, 16666 samples/RX
29/30: 1282.17 ms, 16667 samples/RX
30/30: 1264.83 ms, 16667 samples/RX
{
  "advance_ms": {
    "median_ms": 0.0014199999895936344,
    "std_ms": 0.00037354614795738543,
    "p95_ms": 0.002140499941560847,
    "mean_ms": 0.0015169666312431218
  },
  "source_ms": {
    "median_ms": 37.91700849978952,
    "std_ms": 0.5337225253780126,
    "p95_ms": 39.05245549999563,
    "mean_ms": 38.053683833383424
  },
  "channel_ms": {
    "median_ms": 740.8848950001357,
    "std_ms": 28.565750770242747,
    "p95_ms": 806.4288638501466,
    "mean_ms": 745.5452651999925
  },
  "rendering_ms": {
    "median_ms": 395.6593004995739,
    "std_ms": 5.840703238295362,
    "p95_ms": 407.10397279967765,
    "mean_ms": 397.30756359993694
  },
  "receiver_ms": {
    "median_ms": 9.114125999985845,
    "std_ms": 1.0530399302686824,
    "p95_ms": 11.331580699902586,
    "mean_ms": 9.160161500130926
  },
  "other_rf_ms": {
    "median_ms": 67.3710589996972,
    "std_ms": 3.631236538723932,
    "p95_ms": 73.49679464994097,
    "mean_ms": 67.13047966662391
  },
  "delivery_storage_ms": {
    "median_ms": 6.94497250015047,
    "std_ms": 0.5022011912165396,
    "p95_ms": 7.893665599976884,
    "mean_ms": 6.997704066679944
  },
  "total_ms": {
    "median_ms": 1259.1698409999026,
    "std_ms": 29.524505159386674,
    "p95_ms": 1319.8327531998984,
    "mean_ms": 1264.1997694999798
  }
}
