1/30: 66.93 ms, 16666 samples/RX
2/30: 66.56 ms, 16667 samples/RX
3/30: 65.12 ms, 16667 samples/RX
4/30: 66.27 ms, 16666 samples/RX
5/30: 66.29 ms, 16667 samples/RX
6/30: 64.56 ms, 16667 samples/RX
7/30: 65.76 ms, 16666 samples/RX
8/30: 63.91 ms, 16667 samples/RX
9/30: 65.79 ms, 16667 samples/RX
10/30: 65.23 ms, 16666 samples/RX
11/30: 64.66 ms, 16667 samples/RX
12/30: 67.04 ms, 16667 samples/RX
13/30: 66.28 ms, 16666 samples/RX
14/30: 66.08 ms, 16667 samples/RX
15/30: 64.58 ms, 16667 samples/RX
16/30: 66.84 ms, 16666 samples/RX
17/30: 64.90 ms, 16667 samples/RX
18/30: 65.80 ms, 16667 samples/RX
19/30: 63.44 ms, 16666 samples/RX
20/30: 63.75 ms, 16667 samples/RX
21/30: 65.08 ms, 16667 samples/RX
22/30: 64.91 ms, 16666 samples/RX
23/30: 65.34 ms, 16667 samples/RX
24/30: 67.29 ms, 16667 samples/RX
25/30: 63.98 ms, 16666 samples/RX
26/30: 66.06 ms, 16667 samples/RX
27/30: 65.29 ms, 16667 samples/RX
28/30: 64.85 ms, 16666 samples/RX
29/30: 64.49 ms, 16667 samples/RX
30/30: 64.86 ms, 16667 samples/RX
{
  "advance_ms": {
    "median_ms": 0.0012600000900420127,
    "std_ms": 0.00034355628184833814,
    "p95_ms": 0.0018764999595077825,
    "mean_ms": 0.0013536667059573422
  },
  "source_ms": {
    "median_ms": 4.292234000104145,
    "std_ms": 0.29596302039424177,
    "p95_ms": 4.804410999963693,
    "mean_ms": 4.367470400014402
  },
  "channel_ms": {
    "median_ms": 13.014290999990408,
    "std_ms": 0.7282029967602557,
    "p95_ms": 14.233201899924097,
    "mean_ms": 13.081826633363866
  },
  "rendering_ms": {
    "median_ms": 36.64369600005557,
    "std_ms": 0.5794359335685841,
    "p95_ms": 37.44131084974924,
    "mean_ms": 36.69073983331449
  },
  "receiver_ms": {
    "median_ms": 3.146452999999383,
    "std_ms": 0.16343278753217036,
    "p95_ms": 3.441584899974259,
    "mean_ms": 3.1456930332903235
  },
  "other_rf_ms": {
    "median_ms": 4.8692124998979125,
    "std_ms": 0.25199413906407014,
    "p95_ms": 5.270354949811917,
    "mean_ms": 4.887971599994974
  },
  "delivery_storage_ms": {
    "median_ms": 3.1195935000596364,
    "std_ms": 0.2734462261283473,
    "p95_ms": 3.6943409501645874,
    "mean_ms": 3.221235599994543
  },
  "total_ms": {
    "median_ms": 65.25828450003246,
    "std_ms": 1.0257640916815822,
    "p95_ms": 66.99030590011716,
    "mean_ms": 65.39891566664362
  }
}
