jit_find_library(): Unable to load "/tmp/disabled-drjit-cuda.so": /tmp/disabled-drjit-cuda.so: cannot open shared object file: No such file or directory!
{
  "backend": "cuda",
  "summary": {
    "p50_ms": 103.98204400007671,
    "p95_ms": 105.83223305009142,
    "p99_ms": 106.51713701010067,
    "max_ms": 106.68836300010298,
    "mean_ms": 104.17187070006548
  },
  "captures_per_second": 9.599520420241156,
  "misses_120hz": 10,
  "accuracy": {
    "passed": true,
    "full_all_jobs_cpu_basis_normalized_rms": 1.9335396246347905e-12,
    "direct_checks": [
      {
        "receiver": 0,
        "start_sample": 0,
        "samples": 128,
        "paths_checked": 102800,
        "normalized_rms_error": 2.1818620493853842e-13,
        "max_absolute_error": 9.74527640331068e-12
      },
      {
        "receiver": 0,
        "start_sample": 16539,
        "samples": 128,
        "paths_checked": 102800,
        "normalized_rms_error": 4.174742131826419e-12,
        "max_absolute_error": 1.397894034136486e-10
      },
      {
        "receiver": 0,
        "transmitter": 0,
        "samples": 16667,
        "paths_checked": 1028,
        "normalized_rms_error": 7.89331524527231e-13,
        "max_absolute_error": 9.001266775354626e-12
      },
      {
        "receiver": 0,
        "transmitter": 99,
        "samples": 16667,
        "paths_checked": 1028,
        "normalized_rms_error": 7.749295919087712e-13,
        "max_absolute_error": 9.78860787604693e-12
      }
    ]
  }
}
