jit_find_library(): Unable to load "/tmp/disabled-drjit-cuda.so": /tmp/disabled-drjit-cuda.so: cannot open shared object file: No such file or directory!
{
  "backend": "cuda",
  "summary": {
    "p50_ms": 65.24011349983994,
    "p95_ms": 65.94825990007394,
    "p99_ms": 66.22655358000429,
    "max_ms": 66.29612699998688,
    "mean_ms": 65.25636119999945
  },
  "captures_per_second": 15.32417654939682,
  "misses_120hz": 10,
  "accuracy": {
    "passed": true,
    "full_all_jobs_cpu_basis_normalized_rms": 1.9335414696983405e-12,
    "direct_checks": [
      {
        "receiver": 0,
        "start_sample": 0,
        "samples": 128,
        "paths_checked": 102800,
        "normalized_rms_error": 2.1820867165493659e-13,
        "max_absolute_error": 9.749563803392171e-12
      },
      {
        "receiver": 0,
        "start_sample": 16539,
        "samples": 128,
        "paths_checked": 102800,
        "normalized_rms_error": 4.174730896317634e-12,
        "max_absolute_error": 1.3979046185285825e-10
      },
      {
        "receiver": 0,
        "transmitter": 0,
        "samples": 16667,
        "paths_checked": 1028,
        "normalized_rms_error": 7.893319449173199e-13,
        "max_absolute_error": 9.001266775354626e-12
      },
      {
        "receiver": 0,
        "transmitter": 99,
        "samples": 16667,
        "paths_checked": 1028,
        "normalized_rms_error": 7.749292885810393e-13,
        "max_absolute_error": 9.78839443443596e-12
      }
    ]
  }
}
