jit_find_library(): Unable to load "/tmp/disabled-drjit-cuda.so": /tmp/disabled-drjit-cuda.so: cannot open shared object file: No such file or directory!
{
  "backend": "cuda",
  "summary": {
    "p50_ms": 56.94951250006852,
    "p95_ms": 62.67672065002898,
    "p99_ms": 62.83052813006634,
    "max_ms": 62.86898000007568,
    "mean_ms": 58.28440360005516
  },
  "captures_per_second": 17.15724856450369,
  "misses_120hz": 10,
  "accuracy": {
    "passed": true,
    "full_all_jobs_cpu_basis_normalized_rms": 1.9335410014628096e-12,
    "direct_checks": [
      {
        "receiver": 0,
        "start_sample": 0,
        "samples": 128,
        "paths_checked": 102800,
        "normalized_rms_error": 2.1822137568462654e-13,
        "max_absolute_error": 9.75205736745105e-12
      },
      {
        "receiver": 0,
        "start_sample": 16539,
        "samples": 128,
        "paths_checked": 102800,
        "normalized_rms_error": 4.174733279309275e-12,
        "max_absolute_error": 1.3978238254283087e-10
      },
      {
        "receiver": 0,
        "transmitter": 0,
        "samples": 16667,
        "paths_checked": 1028,
        "normalized_rms_error": 7.893324469936908e-13,
        "max_absolute_error": 9.001266775354626e-12
      },
      {
        "receiver": 0,
        "transmitter": 99,
        "samples": 16667,
        "paths_checked": 1028,
        "normalized_rms_error": 7.749294296734091e-13,
        "max_absolute_error": 9.78860787604693e-12
      }
    ]
  }
}
