jit_find_library(): Unable to load "/tmp/disabled-drjit-cuda.so": /tmp/disabled-drjit-cuda.so: cannot open shared object file: No such file or directory!
{
  "backend": "cuda",
  "summary": {
    "p50_ms": 122.13009750007586,
    "p95_ms": 122.58615889986686,
    "p99_ms": 122.61045097999158,
    "max_ms": 122.61652400002276,
    "mean_ms": 122.09502969999448
  },
  "captures_per_second": 8.190341592586918,
  "misses_120hz": 10,
  "accuracy": {
    "passed": true,
    "full_all_jobs_cpu_basis_normalized_rms": 1.933539846236191e-12,
    "direct_checks": [
      {
        "receiver": 0,
        "start_sample": 0,
        "samples": 128,
        "paths_checked": 102800,
        "normalized_rms_error": 2.1819802914473908e-13,
        "max_absolute_error": 9.74886416895737e-12
      },
      {
        "receiver": 0,
        "start_sample": 16539,
        "samples": 128,
        "paths_checked": 102800,
        "normalized_rms_error": 4.174719801738354e-12,
        "max_absolute_error": 1.3979207362584657e-10
      },
      {
        "receiver": 0,
        "transmitter": 0,
        "samples": 16667,
        "paths_checked": 1028,
        "normalized_rms_error": 7.893319448516521e-13,
        "max_absolute_error": 9.001266775354626e-12
      },
      {
        "receiver": 0,
        "transmitter": 99,
        "samples": 16667,
        "paths_checked": 1028,
        "normalized_rms_error": 7.749301452616202e-13,
        "max_absolute_error": 9.78857727269272e-12
      }
    ]
  }
}
