jit_find_library(): Unable to load "/tmp/disabled-drjit-cuda.so": /tmp/disabled-drjit-cuda.so: cannot open shared object file: No such file or directory!
{
  "backend": "cuda",
  "summary": {
    "p50_ms": 79.46157249989483,
    "p95_ms": 80.85981714996251,
    "p99_ms": 81.02718582999387,
    "max_ms": 81.06902800000171,
    "mean_ms": 79.55865509998148
  },
  "captures_per_second": 12.569342691166643,
  "misses_120hz": 10,
  "accuracy": {
    "passed": true,
    "full_all_jobs_cpu_basis_normalized_rms": 1.933539846236191e-12,
    "direct_checks": [
      {
        "receiver": 0,
        "start_sample": 0,
        "samples": 128,
        "paths_checked": 102800,
        "normalized_rms_error": 2.1819540403068304e-13,
        "max_absolute_error": 9.751662890894438e-12
      },
      {
        "receiver": 0,
        "start_sample": 16539,
        "samples": 128,
        "paths_checked": 102800,
        "normalized_rms_error": 4.174722664900723e-12,
        "max_absolute_error": 1.39789472128879e-10
      },
      {
        "receiver": 0,
        "transmitter": 0,
        "samples": 16667,
        "paths_checked": 1028,
        "normalized_rms_error": 7.893314248244983e-13,
        "max_absolute_error": 9.001266775354626e-12
      },
      {
        "receiver": 0,
        "transmitter": 99,
        "samples": 16667,
        "paths_checked": 1028,
        "normalized_rms_error": 7.749310138091548e-13,
        "max_absolute_error": 9.78860787604693e-12
      }
    ]
  }
}
