jit_find_library(): Unable to load "/tmp/disabled-drjit-cuda.so": /tmp/disabled-drjit-cuda.so: cannot open shared object file: No such file or directory!
{
  "backend": "cuda",
  "summary": {
    "p50_ms": 55.048485500037714,
    "p95_ms": 57.40345369986244,
    "p99_ms": 58.00614913996469,
    "max_ms": 58.156822999990254,
    "mean_ms": 55.40149250000468
  },
  "captures_per_second": 18.05005523993628,
  "misses_120hz": 10,
  "accuracy": {
    "passed": true,
    "full_all_jobs_cpu_basis_normalized_rms": 1.9335381681221645e-12,
    "direct_checks": [
      {
        "receiver": 0,
        "start_sample": 0,
        "samples": 128,
        "paths_checked": 102800,
        "normalized_rms_error": 2.1821490794504854e-13,
        "max_absolute_error": 9.750658163509933e-12
      },
      {
        "receiver": 0,
        "start_sample": 16539,
        "samples": 128,
        "paths_checked": 102800,
        "normalized_rms_error": 4.174734811425069e-12,
        "max_absolute_error": 1.3979414597967149e-10
      },
      {
        "receiver": 0,
        "transmitter": 0,
        "samples": 16667,
        "paths_checked": 1028,
        "normalized_rms_error": 7.893323597710947e-13,
        "max_absolute_error": 9.001266775354626e-12
      },
      {
        "receiver": 0,
        "transmitter": 99,
        "samples": 16667,
        "paths_checked": 1028,
        "normalized_rms_error": 7.749309140401747e-13,
        "max_absolute_error": 9.78860787604693e-12
      }
    ]
  }
}
